Component: ARM Compiler 5.06 update 4 (build 422) Tool: armlink [4d35d2]

==============================================================================

Section Cross References

    system_stm32f4xx.o(i.SystemCoreClockUpdate) refers to system_stm32f4xx.o(.data) for .data
    system_stm32f4xx.o(i.SystemInit) refers to system_stm32f4xx.o(i.SetSysClock) for SetSysClock
    timer.o(i.TIM2_IRQHandler) refers to stm32f4xx_tim.o(i.TIM_GetITStatus) for TIM_GetITStatus
    timer.o(i.TIM2_IRQHandler) refers to stm32f4xx_tim.o(i.TIM_ClearITPendingBit) for TIM_ClearITPendingBit
    timer.o(i.TIM2_IRQHandler) refers to timer.o(.data) for .data
    timer.o(i.TIM2_Int_Init) refers to stm32f4xx_rcc.o(i.RCC_APB1PeriphClockCmd) for RCC_APB1PeriphClockCmd
    timer.o(i.TIM2_Int_Init) refers to stm32f4xx_tim.o(i.TIM_TimeBaseInit) for TIM_TimeBaseInit
    timer.o(i.TIM2_Int_Init) refers to stm32f4xx_tim.o(i.TIM_ITConfig) for TIM_ITConfig
    timer.o(i.TIM2_Int_Init) refers to misc.o(i.NVIC_Init) for NVIC_Init
    timer.o(i.TIM5_IRQHandler) refers to stm32f4xx_tim.o(i.TIM_GetITStatus) for TIM_GetITStatus
    timer.o(i.TIM5_IRQHandler) refers to sensor.o(i.analog) for analog
    timer.o(i.TIM5_IRQHandler) refers to timer.o(i.abs) for abs
    timer.o(i.TIM5_IRQHandler) refers to stm32f4xx_tim.o(i.TIM_ClearITPendingBit) for TIM_ClearITPendingBit
    timer.o(i.TIM5_IRQHandler) refers to beep.o(i.beep) for beep
    timer.o(i.TIM5_IRQHandler) refers to beep.o(i.beepoff) for beepoff
    timer.o(i.TIM5_IRQHandler) refers to timer.o(.data) for .data
    timer.o(i.TIM5_Int_Init) refers to stm32f4xx_rcc.o(i.RCC_APB1PeriphClockCmd) for RCC_APB1PeriphClockCmd
    timer.o(i.TIM5_Int_Init) refers to stm32f4xx_tim.o(i.TIM_TimeBaseInit) for TIM_TimeBaseInit
    timer.o(i.TIM5_Int_Init) refers to stm32f4xx_tim.o(i.TIM_ITConfig) for TIM_ITConfig
    timer.o(i.TIM5_Int_Init) refers to misc.o(i.NVIC_Init) for NVIC_Init
    timer.o(i.beep_stop) refers to timer.o(.data) for .data
    timer.o(i.beep_time) refers to timer.o(.data) for .data
    timer.o(i.getseconds) refers to timer.o(.data) for .data
    timer.o(i.getseconds_1) refers to timer.o(.data) for .data
    timer.o(i.mseconds) refers to timer.o(.data) for .data
    timer.o(i.mseconds_1) refers to timer.o(.data) for .data
    timer.o(i.reset_time) refers to timer.o(.data) for .data
    timer.o(i.reset_time_1) refers to timer.o(.data) for .data
    timer.o(i.seconds) refers to timer.o(.data) for .data
    timer.o(i.seconds_1) refers to timer.o(.data) for .data
    timer.o(i.start_time) refers to stm32f4xx_tim.o(i.TIM_Cmd) for TIM_Cmd
    timer.o(i.start_time) refers to timer.o(.data) for .data
    timer.o(i.start_time_1) refers to stm32f4xx_tim.o(i.TIM_Cmd) for TIM_Cmd
    timer.o(i.start_time_1) refers to timer.o(.data) for .data
    timer.o(i.stop_time) refers to stm32f4xx_tim.o(i.TIM_Cmd) for TIM_Cmd
    timer.o(i.stop_time_1) refers to stm32f4xx_tim.o(i.TIM_Cmd) for TIM_Cmd
    ysy.o(i.Go_fight) refers to oled.o(i.clear_screen) for clear_screen
    ysy.o(i.Go_fight) refers to oled.o(i.OLED_Display_GB2312_string) for OLED_Display_GB2312_string
    ysy.o(i.Go_fight) refers to edge.o(i.back1) for back1
    ysy.o(i.Go_fight) refers to edge.o(i.turn_right90) for turn_right90
    ysy.o(i.Go_fight) refers to pwm.o(i.GoodMoto) for GoodMoto
    ysy.o(i.Go_fight) refers to delay.o(i.delay_ms) for delay_ms
    ysy.o(i.Go_fight) refers to timer.o(.data) for Front_thing
    ysy.o(i.Go_fight) refers to usart.o(.data) for O
    ysy.o(i.Xun_tai) refers to timer.o(i.start_time) for start_time
    ysy.o(i.Xun_tai) refers to oled.o(i.clear_screen) for clear_screen
    ysy.o(i.Xun_tai) refers to oled.o(i.OLED_Display_GB2312_string) for OLED_Display_GB2312_string
    ysy.o(i.Xun_tai) refers to pwm.o(i.GoodMoto) for GoodMoto
    ysy.o(i.Xun_tai) refers to ysy.o(i.get_edge) for get_edge
    ysy.o(i.Xun_tai) refers to ysy.o(i.Go_fight) for Go_fight
    ysy.o(i.Xun_tai) refers to timer.o(.data) for Front_thing
    ysy.o(i.get_edge) refers to oled.o(i.clear_screen) for clear_screen
    ysy.o(i.get_edge) refers to oled.o(i.OLED_Display_GB2312_string) for OLED_Display_GB2312_string
    ysy.o(i.get_edge) refers to pwm.o(i.GoodMoto) for GoodMoto
    ysy.o(i.get_edge) refers to edge.o(i.back) for back
    ysy.o(i.get_edge) refers to edge.o(i.turn_right90) for turn_right90
    ysy.o(i.get_edge) refers to timer.o(.data) for Bianyuan
    ysy.o(i.select_high) refers to oled.o(i.clear_screen) for clear_screen
    ysy.o(i.select_high) refers to oled.o(i.OLED_Display_GB2312_string) for OLED_Display_GB2312_string
    ysy.o(i.select_high) refers to pwm.o(i.GoodMoto) for GoodMoto
    ysy.o(i.select_high) refers to delay.o(i.delay_us) for delay_us
    ysy.o(i.select_high) refers to ysy.o(i.up_stage1) for up_stage1
    ysy.o(i.select_high) refers to timer.o(.data) for Taixia
    ysy.o(i.start_feedback) refers to oled.o(i.OLED_Display_GB2312_string) for OLED_Display_GB2312_string
[...]

    Local Symbols

    Symbol Name                              Value     Ov Type        Size  Object(Section)

    ../clib/angel/boardlib.s                 0x00000000   Number         0  boardinit2.o ABSOLUTE
    ../clib/angel/boardlib.s                 0x00000000   Number         0  boardshut.o ABSOLUTE
    ../clib/angel/boardlib.s                 0x00000000   Number         0  boardinit1.o ABSOLUTE
    ../clib/angel/boardlib.s                 0x00000000   Number         0  boardinit3.o ABSOLUTE
    ../clib/angel/handlers.s                 0x00000000   Number         0  __scatter_copy.o ABSOLUTE
    ../clib/angel/handlers.s                 0x00000000   Number         0  __scatter_zi.o ABSOLUTE
    ../clib/angel/kernel.s                   0x00000000   Number         0  rtexit2.o ABSOLUTE
    ../clib/angel/kernel.s                   0x00000000   Number         0  __rtentry4.o ABSOLUTE
    ../clib/angel/kernel.s                   0x00000000   Number         0  rtexit.o ABSOLUTE
    ../clib/angel/kernel.s                   0x00000000   Number         0  __rtentry2.o ABSOLUTE
    ../clib/angel/kernel.s                   0x00000000   Number         0  __rtentry.o ABSOLUTE
    ../clib/angel/rt.s                       0x00000000   Number         0  rt_raise.o ABSOLUTE
    ../clib/angel/scatter.s                  0x00000000   Number         0  __scatter.o ABSOLUTE
    ../clib/angel/startup.s                  0x00000000   Number         0  __main.o ABSOLUTE
    ../clib/angel/sys.s                      0x00000000   Number         0  libspace.o ABSOLUTE
    ../clib/angel/sys.s                      0x00000000   Number         0  indicate_semi.o ABSOLUTE
    ../clib/angel/sys.s                      0x00000000   Number         0  sys_stackheap_outer.o ABSOLUTE
    ../clib/angel/sys.s                      0x00000000   Number         0  use_no_semi.o ABSOLUTE
    ../clib/angel/sysapp.c                   0x00000000   Number         0  sys_wrch.o ABSOLUTE
    ../clib/angel/sysapp.c                   0x00000000   Number         0  sys_exit.o ABSOLUTE
    ../clib/angel/sysapp.c                   0x00000000   Number         0  sys_command.o ABSOLUTE
    ../clib/armsys.c                         0x00000000   Number         0  no_argv.o ABSOLUTE
    ../clib/armsys.c                         0x00000000   Number         0  _get_argv_nomalloc.o ABSOLUTE
    ../clib/armsys.c                         0x00000000   Number         0  argv_veneer.o ABSOLUTE
    ../clib/armsys.c                         0x00000000   Number         0  argv_veneer.o ABSOLUTE
    ../clib/heapalloc.c                      0x00000000   Number         0  hrguard.o ABSOLUTE
    ../clib/heapaux.c                        0x00000000   Number         0  heapauxi.o ABSOLUTE
    ../clib/libinit.s                        0x00000000   Number         0  libshutdown2.o ABSOLUTE
    ../clib/libinit.s                        0x00000000   Number         0  libshutdown.o ABSOLUTE
    ../clib/libinit.s                        0x00000000   Number         0  libinit.o ABSOLUTE
    ../clib/libinit.s                        0x00000000   Number         0  libinit2.o ABSOLUTE
    ../clib/signal.c                         0x00000000   Number         0  defsig_cppl_inner.o ABSOLUTE
    ../clib/signal.c                         0x00000000   Number         0  defsig_segv_inner.o ABSOLUTE
    ../clib/signal.c                         0x00000000   Number         0  defsig_other.o ABSOLUTE
    ../clib/signal.c                         0x00000000   Number         0  defsig_rtmem_outer.o ABSOLUTE
    ../clib/signal.c                         0x00000000   Number         0  defsig_rtmem_formal.o ABSOLUTE
    ../clib/signal.c                         0x00000000   Number         0  defsig_exit.o ABSOLUTE
    ../clib/signal.c                         0x00000000   Number         0  defsig_rtmem_inner.o ABSOLUTE
    ../clib/signal.c                         0x00000000   Number         0  __raise.o ABSOLUTE
    ../clib/signal.c                         0x00000000   Number         0  defsig_general.o ABSOLUTE
    ../clib/signal.c                         0x00000000   Number         0  defsig_pvfn_inner.o ABSOLUTE
    ../clib/signal.c                         0x00000000   Number         0  defsig_abrt_inner.o ABSOLUTE
    ../clib/signal.c                         0x00000000   Number         0  defsig_fpe_inner.o ABSOLUTE
    ../clib/signal.c                         0x00000000   Number         0  defsig_rtred_inner.o ABSOLUTE
    ../clib/signal.c                         0x00000000   Number         0  defsig_stak_inner.o ABSOLUTE
    ../clib/signal.s                         0x00000000   Number         0  defsig.o ABSOLUTE
    ../clib/stdlib.c                         0x00000000   Number         0  exit.o ABSOLUTE
    ../fplib/daddsub.s                       0x00000000   Number         0  daddsub_clz.o ABSOLUTE
    ../fplib/dfixu.s                         0x00000000   Number         0  dfixu.o ABSOLUTE
    ../fplib/dflt.s                          0x00000000   Number         0  dflt_clz.o ABSOLUTE
    ../fplib/dmul.s                          0x00000000   Number         0  dmul.o ABSOLUTE
    ../fplib/dnaninf.s                       0x00000000   Number         0  dnaninf.o ABSOLUTE
    ../fplib/dretinf.s                       0x00000000   Number         0  dretinf.o ABSOLUTE
    ../fplib/fpinit.s                        0x00000000   Number         0  fpinit.o ABSOLUTE
    ../fplib/usenofp.s                       0x00000000   Number         0  usenofp.o ABSOLUTE
    ..\CORE\startup_stm32f40_41xxx.s         0x00000000   Number         0  startup_stm32f40_41xxx.o ABSOLUTE
    ..\FWLIB\src\misc.c                      0x00000000   Number         0  misc.o ABSOLUTE
    ..\FWLIB\src\stm32f4xx_adc.c             0x00000000   Number         0  stm32f4xx_adc.o ABSOLUTE
    ..\FWLIB\src\stm32f4xx_dma.c             0x00000000   Number         0  stm32f4xx_dma.o ABSOLUTE
    ..\FWLIB\src\stm32f4xx_gpio.c            0x00000000   Number         0  stm32f4xx_gpio.o ABSOLUTE
    ..\FWLIB\src\stm32f4xx_rcc.c             0x00000000   Number         0  stm32f4xx_rcc.o ABSOLUTE
    ..\FWLIB\src\stm32f4xx_syscfg.c          0x00000000   Number         0  stm32f4xx_syscfg.o ABSOLUTE
    ..\FWLIB\src\stm32f4xx_tim.c             0x00000000   Number         0  stm32f4xx_tim.o ABSOLUTE
    ..\FWLIB\src\stm32f4xx_usart.c           0x00000000   Number         0  stm32f4xx_usart.o ABSOLUTE
    ..\HARDWARE\24CXX\24cxx.c                0x00000000   Number         0  24cxx.o ABSOLUTE
    ..\HARDWARE\COMPASS_NST\compass_nst.c    0x00000000   Number         0  compass_nst.o ABSOLUTE
    ..\HARDWARE\IIC\myiic.c                  0x00000000   Number         0  myiic.o ABSOLUTE
    ..\HARDWARE\LED\led.c                    0x00000000   Number         0  led.o ABSOLUTE
    ..\HARDWARE\OLED\oled.c                  0x00000000   Number         0  oled.o ABSOLUTE
    ..\HARDWARE\PWM\pwm.c                    0x00000000   Number         0  pwm.o ABSOLUTE
    ..\HARDWARE\TIMER\timer.c                0x00000000   Number         0  timer.o ABSOLUTE
    ..\SYSTEM\delay\delay.c                  0x00000000   Number         0  delay.o ABSOLUTE
    ..\SYSTEM\sys\sys.c                      0x00000000   Number         0  sys.o ABSOLUTE
    ..\SYSTEM\usart\usart.c                  0x00000000   Number         0  usart.o ABSOLUTE
    ..\\FWLIB\\src\\misc.c                   0x00000000   Number         0  misc.o ABSOLUTE
    ..\\FWLIB\\src\\stm32f4xx_adc.c          0x00000000   Number         0  stm32f4xx_adc.o ABSOLUTE
    ..\\FWLIB\\src\\stm32f4xx_dma.c          0x00000000   Number         0  stm32f4xx_dma.o ABSOLUTE
    ..\\FWLIB\\src\\stm32f4xx_gpio.c         0x00000000   Number         0  stm32f4xx_gpio.o ABSOLUTE
    ..\\FWLIB\\src\\stm32f4xx_rcc.c          0x00000000   Number         0  stm32f4xx_rcc.o ABSOLUTE
    ..\\FWLIB\\src\\stm32f4xx_syscfg.c       0x00000000   Number         0  stm32f4xx_syscfg.o ABSOLUTE
    ..\\FWLIB\\src\\stm32f4xx_tim.c          0x00000000   Number         0  stm32f4xx_tim.o ABSOLUTE
    ..\\FWLIB\\src\\stm32f4xx_usart.c        0x00000000   Number         0  stm32f4xx_usart.o ABSOLUTE
    ..\\HARDWARE\\24CXX\\24cxx.c             0x00000000   Number         0  24cxx.o ABSOLUTE
    ..\\HARDWARE\\COMPASS_NST\\compass_nst.c 0x00000000   Number         0  compass_nst.o ABSOLUTE
    ..\\HARDWARE\\IIC\\myiic.c               0x00000000   Number         0  myiic.o ABSOLUTE
    ..\\HARDWARE\\LED\\led.c                 0x00000000   Number         0  led.o ABSOLUTE
    ..\\HARDWARE\\OLED\\oled.c               0x00000000   Number         0  oled.o ABSOLUTE
    ..\\HARDWARE\\PWM\\pwm.c                 0x00000000   Number         0  pwm.o ABSOLUTE
    ..\\HARDWARE\\TIMER\\timer.c             0x00000000   Number         0  timer.o ABSOLUTE
    ..\\SYSTEM\\delay\\delay.c               0x00000000   Number         0  delay.o ABSOLUTE
    ..\\SYSTEM\\sys\\sys.c                   0x00000000   Number         0  sys.o ABSOLUTE
    ..\\SYSTEM\\usart\\usart.c               0x00000000   Number         0  usart.o ABSOLUTE
    AD_Detection.c                           0x00000000   Number         0  ad_detection.o ABSOLUTE
    AD_Detection.c                           0x00000000   Number         0  ad_detection.o ABSOLUTE
    RobotInit.c                              0x00000000   Number         0  robotinit.o ABSOLUTE
    RobotInit.c                              0x00000000   Number         0  robotinit.o ABSOLUTE
    beep.c                                   0x00000000   Number         0  beep.o ABSOLUTE
    beep.c                                   0x00000000   Number         0  beep.o ABSOLUTE
    dc.s                                     0x00000000   Number         0  dc.o ABSOLUTE
    edge.c                                   0x00000000   Number         0  edge.o ABSOLUTE
    edge.c                                   0x00000000   Number         0  edge.o ABSOLUTE
    init.c                                   0x00000000   Number         0  init.o ABSOLUTE
    init.c                                   0x00000000   Number         0  init.o ABSOLUTE
    key.c                                    0x00000000   Number         0  key.o ABSOLUTE
    key.c                                    0x00000000   Number         0  key.o ABSOLUTE
    main.c                                   0x00000000   Number         0  main.o ABSOLUTE
    main.c                                   0x00000000   Number         0  main.o ABSOLUTE
    sensor.c                                 0x00000000   Number         0  sensor.o ABSOLUTE
    sensor.c                                 0x00000000   Number         0  sensor.o ABSOLUTE
    stm32f4xx_it.c                           0x00000000   Number         0  stm32f4xx_it.o ABSOLUTE
    stm32f4xx_it.c                           0x00000000   Number         0  stm32f4xx_it.o ABSOLUTE
    system_stm32f4xx.c                       0x00000000   Number         0  system_stm32f4xx.o ABSOLUTE
    system_stm32f4xx.c                       0x00000000   Number         0  system_stm32f4xx.o ABSOLUTE
    ysy.c                                    0x00000000   Number         0  ysy.o ABSOLUTE
    ysy.c                                    0x00000000   Number         0  ysy.o ABSOLUTE
    RESET                                    0x08000000   Section      392  startup_stm32f40_41xxx.o(RESET)
    !!!main                                  0x08000188   Section        8  __main.o(!!!main)
    !!!scatter                               0x08000190   Section       52  __scatter.o(!!!scatter)
    !!handler_copy                           0x080001c4   Section       26  __scatter_copy.o(!!handler_copy)
    !!handler_zi                             0x080001e0   Section       28  __scatter_zi.o(!!handler_zi)
    .ARM.Collect$$libinit$$00000000          0x080001fc   Section        2  libinit.o(.ARM.Collect$$libinit$$00000000)
    .ARM.Collect$$libinit$$00000001          0x080001fe   Section        4  libinit2.o(.ARM.Collect$$libinit$$00000001)
    .ARM.Collect$$libinit$$00000004          0x08000202   Section        0  libinit2.o(.ARM.Collect$$libinit$$00000004)
    .ARM.Collect$$libinit$$0000000A          0x08000202   Section        0  libinit2.o(.ARM.Collect$$libinit$$0000000A)
    .ARM.Collect$$libinit$$0000000C          0x08000202   Section        0  libinit2.o(.ARM.Collect$$libinit$$0000000C)
    .ARM.Collect$$libinit$$0000000E          0x08000202   Section        0  libinit2.o(.ARM.Collect$$libinit$$0000000E)
    .ARM.Collect$$libinit$$00000011          0x08000202   Section        0  libinit2.o(.ARM.Collect$$libinit$$00000011)
    .ARM.Collect$$libinit$$00000013          0x08000202   Section        0  libinit2.o(.ARM.Collect$$libinit$$00000013)
    .ARM.Collect$$libinit$$00000015          0x08000202   Section        0  libinit2.o(.ARM.Collect$$libinit$$00000015)
    .ARM.Collect$$libinit$$00000017          0x08000202   Section        0  libinit2.o(.ARM.Collect$$libinit$$00000017)
    .ARM.Collect$$libinit$$00000019          0x08000202   Section        0  libinit2.o(.ARM.Collect$$libinit$$00000019)
    .ARM.Collect$$libinit$$0000001B          0x08000202   Section        0  libinit2.o(.ARM.Collect$$libinit$$0000001B)
    .ARM.Collect$$libinit$$0000001D          0x08000202   Section        0  libinit2.o(.ARM.Collect$$libinit$$0000001D)
    .ARM.Collect$$libinit$$0000001F          0x08000202   Section        0  libinit2.o(.ARM.Collect$$libinit$$0000001F)
    .ARM.Collect$$libinit$$00000021          0x08000202   Section        0  libinit2.o(.ARM.Collect$$libinit$$00000021)
    .ARM.Collect$$libinit$$00000023          0x08000202   Section        0  libinit2.o(.ARM.Collect$$libinit$$00000023)
    .ARM.Collect$$libinit$$00000025          0x08000202   Section        0  libinit2.o(.ARM.Collect$$libinit$$00000025)
    .ARM.Collect$$libinit$$0000002C          0x08000202   Section        0  libinit2.o(.ARM.Collect$$libinit$$0000002C)
    .ARM.Collect$$libinit$$0000002E          0x08000202   Section        0  libinit2.o(.ARM.Collect$$libinit$$0000002E)
    .ARM.Collect$$libinit$$00000030          0x08000202   Section        0  libinit2.o(.ARM.Collect$$libinit$$00000030)
    .ARM.Collect$$libinit$$00000032          0x08000202   Section        0  libinit2.o(.ARM.Collect$$libinit$$00000032)
    .ARM.Collect$$libinit$$00000033          0x08000202   Section        2  libinit2.o(.ARM.Collect$$libinit$$00000033)
    .ARM.Collect$$libshutdown$$00000000      0x08000204   Section        2  libshutdown.o(.ARM.Collect$$libshutdown$$00000000)
    .ARM.Collect$$libshutdown$$00000002      0x08000206   Section        0  libshutdown2.o(.ARM.Collect$$libshutdown$$00000002)
    .ARM.Collect$$libshutdown$$00000004      0x08000206   Section        0  libshutdown2.o(.ARM.Collect$$libshutdown$$00000004)
    .ARM.Collect$$libshutdown$$00000007      0x08000206   Section        0  libshutdown2.o(.ARM.Collect$$libshutdown$$00000007)
    .ARM.Collect$$libshutdown$$0000000A      0x08000206   Section        0  libshutdown2.o(.ARM.Collect$$libshutdown$$0000000A)
    .ARM.Collect$$libshutdown$$0000000C      0x08000206   Section        0  libshutdown2.o(.ARM.Collect$$libshutdown$$0000000C)
    .ARM.Collect$$libshutdown$$0000000F      0x08000206   Section        0  libshutdown2.o(.ARM.Collect$$libshutdown$$0000000F)
    .ARM.Collect$$libshutdown$$00000010      0x08000206   Section        2  libshutdown2.o(.ARM.Collect$$libshutdown$$00000010)
    .ARM.Collect$$rtentry$$00000000          0x08000208   Section        0  __rtentry.o(.ARM.Collect$$rtentry$$00000000)
    .ARM.Collect$$rtentry$$00000002          0x08000208   Section        0  __rtentry2.o(.ARM.Collect$$rtentry$$00000002)
    .ARM.Collect$$rtentry$$00000004          0x08000208   Section        6  __rtentry4.o(.ARM.Collect$$rtentry$$00000004)
    .ARM.Collect$$rtentry$$00000009          0x0800020e   Section        0  __rtentry2.o(.ARM.Collect$$rtentry$$00000009)
    .ARM.Collect$$rtentry$$0000000A          0x0800020e   Section        4  __rtentry2.o(.ARM.Collect$$rtentry$$0000000A)
    .ARM.Collect$$rtentry$$0000000C          0x08000212   Section        0  __rtentry2.o(.ARM.Collect$$rtentry$$0000000C)
    .ARM.Collect$$rtentry$$0000000D          0x08000212   Section        8  __rtentry2.o(.ARM.Collect$$rtentry$$0000000D)
    .ARM.Collect$$rtexit$$00000000           0x0800021a   Section        2  rtexit.o(.ARM.Collect$$rtexit$$00000000)
    .ARM.Collect$$rtexit$$00000002           0x0800021c   Section        0  rtexit2.o(.ARM.Collect$$rtexit$$00000002)
    .ARM.Collect$$rtexit$$00000003           0x0800021c   Section        4  rtexit2.o(.ARM.Collect$$rtexit$$00000003)
    .ARM.Collect$$rtexit$$00000004           0x08000220   Section        6  rtexit2.o(.ARM.Collect$$rtexit$$00000004)
    .text                                    0x08000228   Section       64  startup_stm32f40_41xxx.o(.text)
    $v0                                      0x08000228   Number         0  startup_stm32f40_41xxx.o(.text)
    .text                                    0x08000268   Section        0  heapauxi.o(.text)
    .text                                    0x0800026e   Section       74  sys_stackheap_outer.o(.text)
    .text                                    0x080002b8   Section        0  exit.o(.text)
    .text                                    0x080002cc   Section        8  libspace.o(.text)
    .text                                    0x080002d4   Section        0  sys_exit.o(.text)
    .text                                    0x080002e0   Section        2  use_no_semi.o(.text)
    .text                                    0x080002e2   Section        0  indicate_semi.o(.text)
    i.ADC_Cmd                                0x080002e2   Section        0  stm32f4xx_adc.o(i.ADC_Cmd)
    i.ADC_CommonInit                         0x080002f8   Section        0  stm32f4xx_adc.o(i.ADC_CommonInit)
    i.ADC_DMACmd                             0x08000324   Section        0  stm32f4xx_adc.o(i.ADC_DMACmd)
    i.ADC_DMARequestAfterLastTransferCmd     0x08000338   Section        0  stm32f4xx_adc.o(i.ADC_DMARequestAfterLastTransferCmd)
    i.ADC_DeInit                             0x0800034c   Section        0  stm32f4xx_adc.o(i.ADC_DeInit)
    i.ADC_Init                               0x08000364   Section        0  stm32f4xx_adc.o(i.ADC_Init)
    i.ADC_RegularChannelConfig               0x080003b0   Section        0  stm32f4xx_adc.o(i.ADC_RegularChannelConfig)
    i.ADC_SoftwareStartConv                  0x08000424   Section        0  stm32f4xx_adc.o(i.ADC_SoftwareStartConv)
    i.AD_Detection                           0x08000430   Section        0  ad_detection.o(i.AD_Detection)
    i.BEEP_Init                              0x080006d8   Section        0  beep.o(i.BEEP_Init)
    i.BusFault_Handler                       0x08000710   Section        0  stm32f4xx_it.o(i.BusFault_Handler)
    i.DMA_Cmd                                0x08000712   Section        0  stm32f4xx_dma.o(i.DMA_Cmd)
    i.DMA_DeInit                             0x08000728   Section        0  stm32f4xx_dma.o(i.DMA_DeInit)
    i.DMA_Init                               0x0800084c   Section        0  stm32f4xx_dma.o(i.DMA_Init)
    i.DebugMon_Handler                       0x080008a0   Section        0  stm32f4xx_it.o(i.DebugMon_Handler)
    i.GPIO_Init                              0x080008a2   Section        0  stm32f4xx_gpio.o(i.GPIO_Init)
    i.GPIO_PinAFConfig                       0x0800091a   Section        0  stm32f4xx_gpio.o(i.GPIO_PinAFConfig)
    i.GPIO_ReadInputDataBit                  0x0800093a   Section        0  stm32f4xx_gpio.o(i.GPIO_ReadInputDataBit)
    i.GPIO_ResetBits                         0x08000948   Section        0  stm32f4xx_gpio.o(i.GPIO_ResetBits)
    i.GPIO_SetBits                           0x0800094c   Section        0  stm32f4xx_gpio.o(i.GPIO_SetBits)
    i.Get_data_from_ROM                      0x08000950   Section        0  oled.o(i.Get_data_from_ROM)
    i.Go_fight                               0x0800098c   Section        0  ysy.o(i.Go_fight)
    i.GoodMoto                               0x08000a40   Section        0  pwm.o(i.GoodMoto)
    i.HardFault_Handler                      0x08000ab4   Section        0  stm32f4xx_it.o(i.HardFault_Handler)
    i.KEY_Init                               0x08000ab8   Section        0  key.o(i.KEY_Init)
    i.KEY_Scan                               0x08000b34   Section        0  key.o(i.KEY_Scan)
    i.LED_Init                               0x08000bdc   Section        0  led.o(i.LED_Init)
    i.MarineRobot_init                       0x08000c44   Section        0  init.o(i.MarineRobot_init)
    i.MemManage_Handler                      0x08000cb8   Section        0  stm32f4xx_it.o(i.MemManage_Handler)
    i.NMI_Handler                            0x08000cba   Section        0  stm32f4xx_it.o(i.NMI_Handler)
    i.NVIC_Init                              0x08000cbc   Section        0  misc.o(i.NVIC_Init)
    i.NVIC_PriorityGroupConfig               0x08000d20   Section        0  misc.o(i.NVIC_PriorityGroupConfig)
    i.OLED_Display_16x16                     0x08000d34   Section        0  oled.o(i.OLED_Display_16x16)
    i.OLED_Display_8x16                      0x08000d6c   Section        0  oled.o(i.OLED_Display_8x16)
    i.OLED_Display_GB2312_string             0x08000da4   Section        0  oled.o(i.OLED_Display_GB2312_string)
    i.OLED_Init                              0x08000e6c   Section        0  oled.o(i.OLED_Init)
    i.OLED_WR_Byte                           0x08000fb4   Section        0  oled.o(i.OLED_WR_Byte)
    i.OLED_address                           0x08001018   Section        0  oled.o(i.OLED_address)
    i.OLED_get_data_from_ROM                 0x08001044   Section        0  oled.o(i.OLED_get_data_from_ROM)
    i.PWM_Init                               0x080010a0   Section        0  pwm.o(i.PWM_Init)
    i.PendSV_Handler                         0x080010c0   Section        0  stm32f4xx_it.o(i.PendSV_Handler)
    i.RCC_AHB1PeriphClockCmd                 0x080010c4   Section        0  stm32f4xx_rcc.o(i.RCC_AHB1PeriphClockCmd)
    i.RCC_APB1PeriphClockCmd                 0x080010dc   Section        0  stm32f4xx_rcc.o(i.RCC_APB1PeriphClockCmd)
    i.RCC_APB2PeriphClockCmd                 0x080010f4   Section        0  stm32f4xx_rcc.o(i.RCC_APB2PeriphClockCmd)
    i.RCC_APB2PeriphResetCmd                 0x0800110c   Section        0  stm32f4xx_rcc.o(i.RCC_APB2PeriphResetCmd)
    i.RCC_GetClocksFreq                      0x08001124   Section        0  stm32f4xx_rcc.o(i.RCC_GetClocksFreq)
    i.SENSOR_Init                            0x080011b4   Section        0  sensor.o(i.SENSOR_Init)
    i.SVC_Handler                            0x08001430   Section        0  stm32f4xx_it.o(i.SVC_Handler)
    i.Send_Command_to_ROM                    0x08001434   Section        0  oled.o(i.Send_Command_to_ROM)
    i.SetSysClock                            0x08001474   Section        0  system_stm32f4xx.o(i.SetSysClock)
    SetSysClock                              0x08001475   Thumb Code   162  system_stm32f4xx.o(i.SetSysClock)
    i.SysTick_CLKSourceConfig                0x08001528   Section        0  misc.o(i.SysTick_CLKSourceConfig)
    i.SysTick_Handler                        0x08001540   Section        0  stm32f4xx_it.o(i.SysTick_Handler)
    i.SystemInit                             0x08001544   Section        0  system_stm32f4xx.o(i.SystemInit)
    i.TIM2_IRQHandler                        0x080015a0   Section        0  timer.o(i.TIM2_IRQHandler)
    i.TIM2_Int_Init                          0x08001600   Section        0  timer.o(i.TIM2_Int_Init)
    i.TIM3_PWM_Init                          0x08001654   Section        0  pwm.o(i.TIM3_PWM_Init)
    i.TIM4_PWM_Init                          0x08001760   Section        0  pwm.o(i.TIM4_PWM_Init)
    i.TIM5_IRQHandler                        0x0800186c   Section        0  timer.o(i.TIM5_IRQHandler)
    i.TIM5_Int_Init                          0x08001b0c   Section        0  timer.o(i.TIM5_Int_Init)
    i.TIM_ARRPreloadConfig                   0x08001b60   Section        0  stm32f4xx_tim.o(i.TIM_ARRPreloadConfig)
    i.TIM_ClearITPendingBit                  0x08001b74   Section        0  stm32f4xx_tim.o(i.TIM_ClearITPendingBit)
    i.TIM_Cmd                                0x08001b7a   Section        0  stm32f4xx_tim.o(i.TIM_Cmd)
    i.TIM_GetITStatus                        0x08001b8e   Section        0  stm32f4xx_tim.o(i.TIM_GetITStatus)
    i.TIM_ITConfig                           0x08001ba6   Section        0  stm32f4xx_tim.o(i.TIM_ITConfig)
    i.TIM_OC1Init                            0x08001bb8   Section        0  stm32f4xx_tim.o(i.TIM_OC1Init)
    i.TIM_OC1PreloadConfig                   0x08001c18   Section        0  stm32f4xx_tim.o(i.TIM_OC1PreloadConfig)
    i.TIM_OC2Init                            0x08001c24   Section        0  stm32f4xx_tim.o(i.TIM_OC2Init)
    i.TIM_OC2PreloadConfig                   0x08001ca4   Section        0  stm32f4xx_tim.o(i.TIM_OC2PreloadConfig)
    i.TIM_OC3Init                            0x08001cb8   Section        0  stm32f4xx_tim.o(i.TIM_OC3Init)
    i.TIM_OC3PreloadConfig                   0x08001d34   Section        0  stm32f4xx_tim.o(i.TIM_OC3PreloadConfig)
    i.TIM_OC4Init                            0x08001d40   Section        0  stm32f4xx_tim.o(i.TIM_OC4Init)
    i.TIM_OC4PreloadConfig                   0x08001da0   Section        0  stm32f4xx_tim.o(i.TIM_OC4PreloadConfig)
    i.TIM_SetCompare1                        0x08001db4   Section        0  stm32f4xx_tim.o(i.TIM_SetCompare1)
    i.TIM_SetCompare2                        0x08001db8   Section        0  stm32f4xx_tim.o(i.TIM_SetCompare2)
    i.TIM_SetCompare3                        0x08001dbc   Section        0  stm32f4xx_tim.o(i.TIM_SetCompare3)
    i.TIM_SetCompare4                        0x08001dc0   Section        0  stm32f4xx_tim.o(i.TIM_SetCompare4)
    i.TIM_TimeBaseInit                       0x08001dc4   Section        0  stm32f4xx_tim.o(i.TIM_TimeBaseInit)
    i.USART3_IRQHandler                      0x08001e40   Section        0  usart.o(i.USART3_IRQHandler)
    i.USART3_Init                            0x08001e68   Section        0  usart.o(i.USART3_Init)
    i.USART_Cmd                              0x08001f18   Section        0  stm32f4xx_usart.o(i.USART_Cmd)
    i.USART_GetITStatus                      0x08001f2c   Section        0  stm32f4xx_usart.o(i.USART_GetITStatus)
    i.USART_ITConfig                         0x08001f6a   Section        0  stm32f4xx_usart.o(i.USART_ITConfig)
    i.USART_Init                             0x08001f9c   Section        0  stm32f4xx_usart.o(i.USART_Init)
    i.USART_ReceiveData                      0x08002048   Section        0  stm32f4xx_usart.o(i.USART_ReceiveData)
    i.UsageFault_Handler                     0x08002050   Section        0  stm32f4xx_it.o(i.UsageFault_Handler)
    i.Xun_tai                                0x08002054   Section        0  ysy.o(i.Xun_tai)
    i.abs                                    0x08002138   Section        0  timer.o(i.abs)
    i.allmotor                               0x08002144   Section        0  pwm.o(i.allmotor)
    i.analog                                 0x08002170   Section        0  sensor.o(i.analog)
    i.back                                   0x080021d8   Section        0  edge.o(i.back)
    i.back1                                  0x08002210   Section        0  edge.o(i.back1)
    i.beep                                   0x08002248   Section        0  beep.o(i.beep)
    i.beep_stop                              0x0800224c   Section        0  timer.o(i.beep_stop)
    i.beep_time                              0x08002264   Section        0  timer.o(i.beep_time)
    i.beepoff                                0x0800227c   Section        0  beep.o(i.beepoff)
    i.clear_screen                           0x08002280   Section        0  oled.o(i.clear_screen)
    i.delay_init                             0x080022bc   Section        0  delay.o(i.delay_init)
    i.delay_ms                               0x080022e8   Section        0  delay.o(i.delay_ms)
    i.delay_us                               0x0800231c   Section        0  delay.o(i.delay_us)
    i.delay_xms                              0x08002350   Section        0  delay.o(i.delay_xms)
    i.digital                                0x08002384   Section        0  sensor.o(i.digital)
    i.display_GB2312_u1                      0x08002460   Section        0  oled.o(i.display_GB2312_u1)
    i.display_GB2312_u16                     0x08002480   Section        0  oled.o(i.display_GB2312_u16)
    i.filter                                 0x080024d4   Section        0  sensor.o(i.filter)
    i.get_edge                               0x08002540   Section        0  ysy.o(i.get_edge)
    i.init_servos                            0x080025b4   Section        0  pwm.o(i.init_servos)
    i.main                                   0x080025d0   Section        0  main.o(i.main)
    i.motor                                  0x080026ac   Section        0  pwm.o(i.motor)
    i.mseconds                               0x08002730   Section        0  timer.o(i.mseconds)
    i.reset_time                             0x0800273c   Section        0  timer.o(i.reset_time)
    i.select_high                            0x0800274c   Section        0  ysy.o(i.select_high)
    i.start_feedback                         0x080027b8   Section        0  ysy.o(i.start_feedback)
    i.start_time                             0x080027d4   Section        0  timer.o(i.start_time)
    i.start_time_1                           0x080027e8   Section        0  timer.o(i.start_time_1)
    i.test                                   0x08002800   Section        0  ysy.o(i.test)
    i.turn_right90                           0x08002954   Section        0  edge.o(i.turn_right90)
    i.up_stage                               0x0800298c   Section        0  ysy.o(i.up_stage)
    i.up_stage1                              0x08002a0c   Section        0  ysy.o(i.up_stage1)
    x$fpl$dadd                               0x08002a8c   Section      336  daddsub_clz.o(x$fpl$dadd)
    $v0                                      0x08002a8c   Number         0  daddsub_clz.o(x$fpl$dadd)
    _dadd1                                   0x08002a9d   Thumb Code     0  daddsub_clz.o(x$fpl$dadd)
    x$fpl$dfixu                              0x08002bdc   Section       90  dfixu.o(x$fpl$dfixu)
    $v0                                      0x08002bdc   Number         0  dfixu.o(x$fpl$dfixu)
    x$fpl$dfltu                              0x08002c36   Section       38  dflt_clz.o(x$fpl$dfltu)
    $v0                                      0x08002c36   Number         0  dflt_clz.o(x$fpl$dfltu)
    x$fpl$dmul                               0x08002c5c   Section      340  dmul.o(x$fpl$dmul)
    $v0                                      0x08002c5c   Number         0  dmul.o(x$fpl$dmul)
    x$fpl$dnaninf                            0x08002db0   Section      156  dnaninf.o(x$fpl$dnaninf)
    $v0                                      0x08002db0   Number         0  dnaninf.o(x$fpl$dnaninf)
    x$fpl$dretinf                            0x08002e4c   Section       12  dretinf.o(x$fpl$dretinf)
    $v0                                      0x08002e4c   Number         0  dretinf.o(x$fpl$dretinf)
    x$fpl$dsub                               0x08002e58   Section      468  daddsub_clz.o(x$fpl$dsub)
    $v0                                      0x08002e58   Number         0  daddsub_clz.o(x$fpl$dsub)
    _dsub1                                   0x08002e69   Thumb Code     0  daddsub_clz.o(x$fpl$dsub)
    x$fpl$fpinit                             0x0800302c   Section       10  fpinit.o(x$fpl$fpinit)
    $v0                                      0x0800302c   Number         0  fpinit.o(x$fpl$fpinit)
    x$fpl$usenofp                            0x08003036   Section        0  usenofp.o(x$fpl$usenofp)
    .data                                    0x20000000   Section       72  timer.o(.data)
    .data                                    0x20000048   Section        2  main.o(.data)
    .data                                    0x2000004c   Section        4  oled.o(.data)
    .data                                    0x20000050   Section        1  key.o(.data)
    key_up                                   0x20000050   Data           1  key.o(.data)
    .data                                    0x20000054   Section        8  pwm.o(.data)
    .data                                    0x2000005c   Section        4  delay.o(.data)
    fac_us                                   0x2000005c   Data           1  delay.o(.data)
    fac_ms                                   0x2000005e   Data           2  delay.o(.data)
    .data                                    0x20000060   Section        4  usart.o(.data)
    .data                                    0x20000064   Section       16  stm32f4xx_rcc.o(.data)
    APBAHBPrescTable                         0x20000064   Data          16  stm32f4xx_rcc.o(.data)
    .bss                                     0x20000074   Section       96  sensor.o(.bss)
    .bss                                     0x200000d4   Section       96  libspace.o(.bss)
    HEAP                                     0x20000138   Section      512  startup_stm32f40_41xxx.o(HEAP)
    Heap_Mem                                 0x20000138   Data         512  startup_stm32f40_41xxx.o(HEAP)
    STACK                                    0x20000338   Section     1024  startup_stm32f40_41xxx.o(STACK)
    Stack_Mem                                0x20000338   Data        1024  startup_stm32f40_41xxx.o(STACK)
    __initial_sp                             0x20000738   Data           0  startup_stm32f40_41xxx.o(STACK)

    Global Symbols

    Symbol Name                              Value     Ov Type        Size  Object(Section)

    BuildAttributes$$THM_ISAv4$E$P$D$K$B$S$7EM$VFPi3$EXTD16$VFPS$VFMA$PE$A:L22UL41UL21$X:L11$S22US41US21$IEEE1$IW$USESV6$~STKCKD$USESV7$~SHL$OSPACE$ROPI$EBA8$UX$STANDARDLIB$REQ8$PRES8$EABIv2 0x00000000   Number         0  anon$$obj.o ABSOLUTE
    __ARM_use_no_argv                        0x00000000   Number         0  main.o ABSOLUTE
    __ARM_exceptions_init                     - Undefined Weak Reference
    __alloca_initialize                       - Undefined Weak Reference
    __arm_preinit_                            - Undefined Weak Reference
    __cpp_initialize__aeabi_                  - Undefined Weak Reference
    __cxa_finalize                            - Undefined Weak Reference
    __rt_locale                               - Undefined Weak Reference
    __sigvec_lookup                           - Undefined Weak Reference
    _atexit_init                              - Undefined Weak Reference
    _call_atexit_fns                          - Undefined Weak Reference
    _clock_init                               - Undefined Weak Reference
    _fp_trap_init                             - Undefined Weak Reference
    _fp_trap_shutdown                         - Undefined Weak Reference
    _get_lc_collate                           - Undefined Weak Reference
    _get_lc_ctype                             - Undefined Weak Reference
    _get_lc_monetary                          - Undefined Weak Reference
    _get_lc_numeric                           - Undefined Weak Reference
    _get_lc_time                              - Undefined Weak Reference
    _getenv_init                              - Undefined Weak Reference
    _handle_redirection                       - Undefined Weak Reference
    _init_alloc                               - Undefined Weak Reference
    _init_user_alloc                          - Undefined Weak Reference
    _initio                                   - Undefined Weak Reference
    _rand_init                                - Undefined Weak Reference
    _signal_finish                            - Undefined Weak Reference
    _signal_init                              - Undefined Weak Reference
    _terminate_alloc                          - Undefined Weak Reference
    _terminate_user_alloc                     - Undefined Weak Reference
    _terminateio                              - Undefined Weak Reference
    __Vectors_Size                           0x00000188   Number         0  startup_stm32f40_41xxx.o ABSOLUTE
    __Vectors                                0x08000000   Data           4  startup_stm32f40_41xxx.o(RESET)
    __Vectors_End                            0x08000188   Data           0  startup_stm32f40_41xxx.o(RESET)
    __main                                   0x08000189   Thumb Code     8  __main.o(!!!main)
    __scatterload                            0x08000191   Thumb Code     0  __scatter.o(!!!scatter)
    __scatterload_rt2                        0x08000191   Thumb Code    44  __scatter.o(!!!scatter)
    __scatterload_rt2_thumb_only             0x08000191   Thumb Code     0  __scatter.o(!!!scatter)
    __scatterload_null                       0x0800019f   Thumb Code     0  __scatter.o(!!!scatter)
    __scatterload_copy                       0x080001c5   Thumb Code    26  __scatter_copy.o(!!handler_copy)
    __scatterload_zeroinit                   0x080001e1   Thumb Code    28  __scatter_zi.o(!!handler_zi)
    __rt_lib_init                            0x080001fd   Thumb Code     0  libinit.o(.ARM.Collect$$libinit$$00000000)
    __rt_lib_init_fp_1                       0x080001ff   Thumb Code     0  libinit2.o(.ARM.Collect$$libinit$$00000001)
    __rt_lib_init_alloca_1                   0x08000203   Thumb Code     0  libinit2.o(.ARM.Collect$$libinit$$0000002E)
    __rt_lib_init_argv_1                     0x08000203   Thumb Code     0  libinit2.o(.ARM.Collect$$libinit$$0000002C)
    __rt_lib_init_atexit_1                   0x08000203   Thumb Code     0  libinit2.o(.ARM.Collect$$libinit$$0000001B)
    __rt_lib_init_clock_1                    0x08000203   Thumb Code     0  libinit2.o(.ARM.Collect$$libinit$$00000021)
    __rt_lib_init_cpp_1                      0x08000203   Thumb Code     0  libinit2.o(.ARM.Collect$$libinit$$00000032)
    __rt_lib_init_exceptions_1               0x08000203   Thumb Code     0  libinit2.o(.ARM.Collect$$libinit$$00000030)
    __rt_lib_init_fp_trap_1                  0x08000203   Thumb Code     0  libinit2.o(.ARM.Collect$$libinit$$0000001F)
    __rt_lib_init_getenv_1                   0x08000203   Thumb Code     0  libinit2.o(.ARM.Collect$$libinit$$00000023)
    __rt_lib_init_heap_1                     0x08000203   Thumb Code     0  libinit2.o(.ARM.Collect$$libinit$$0000000A)
    __rt_lib_init_lc_collate_1               0x08000203   Thumb Code     0  libinit2.o(.ARM.Collect$$libinit$$00000011)
    __rt_lib_init_lc_ctype_1                 0x08000203   Thumb Code     0  libinit2.o(.ARM.Collect$$libinit$$00000013)
    __rt_lib_init_lc_monetary_1              0x08000203   Thumb Code     0  libinit2.o(.ARM.Collect$$libinit$$00000015)
    __rt_lib_init_lc_numeric_1               0x08000203   Thumb Code     0  libinit2.o(.ARM.Collect$$libinit$$00000017)
    __rt_lib_init_lc_time_1                  0x08000203   Thumb Code     0  libinit2.o(.ARM.Collect$$libinit$$00000019)
    __rt_lib_init_preinit_1                  0x08000203   Thumb Code     0  libinit2.o(.ARM.Collect$$libinit$$00000004)
    __rt_lib_init_rand_1                     0x08000203   Thumb Code     0  libinit2.o(.ARM.Collect$$libinit$$0000000E)
    __rt_lib_init_return                     0x08000203   Thumb Code     0  libinit2.o(.ARM.Collect$$libinit$$00000033)
    __rt_lib_init_signal_1                   0x08000203   Thumb Code     0  libinit2.o(.ARM.Collect$$libinit$$0000001D)
    __rt_lib_init_stdio_1                    0x08000203   Thumb Code     0  libinit2.o(.ARM.Collect$$libinit$$00000025)
    __rt_lib_init_user_alloc_1               0x08000203   Thumb Code     0  libinit2.o(.ARM.Collect$$libinit$$0000000C)
    __rt_lib_shutdown                        0x08000205   Thumb Code     0  libshutdown.o(.ARM.Collect$$libshutdown$$00000000)
    __rt_lib_shutdown_cpp_1                  0x08000207   Thumb Code     0  libshutdown2.o(.ARM.Collect$$libshutdown$$00000002)
    __rt_lib_shutdown_fp_trap_1              0x08000207   Thumb Code     0  libshutdown2.o(.ARM.Collect$$libshutdown$$00000007)
    __rt_lib_shutdown_heap_1                 0x08000207   Thumb Code     0  libshutdown2.o(.ARM.Collect$$libshutdown$$0000000F)
    __rt_lib_shutdown_return                 0x08000207   Thumb Code     0  libshutdown2.o(.ARM.Collect$$libshutdown$$00000010)
    __rt_lib_shutdown_signal_1               0x08000207   Thumb Code     0  libshutdown2.o(.ARM.Collect$$libshutdown$$0000000A)
    __rt_lib_shutdown_stdio_1                0x08000207   Thumb Code     0  libshutdown2.o(.ARM.Collect$$libshutdown$$00000004)
    __rt_lib_shutdown_user_alloc_1           0x08000207   Thumb Code     0  libshutdown2.o(.ARM.Collect$$libshutdown$$0000000C)
    __rt_entry                               0x08000209   Thumb Code     0  __rtentry.o(.ARM.Collect$$rtentry$$00000000)
    __rt_entry_presh_1                       0x08000209   Thumb Code     0  __rtentry2.o(.ARM.Collect$$rtentry$$00000002)
    __rt_entry_sh                            0x08000209   Thumb Code     0  __rtentry4.o(.ARM.Collect$$rtentry$$00000004)
    __rt_entry_li                            0x0800020f   Thumb Code     0  __rtentry2.o(.ARM.Collect$$rtentry$$0000000A)
    __rt_entry_postsh_1                      0x0800020f   Thumb Code     0  __rtentry2.o(.ARM.Collect$$rtentry$$00000009)
    __rt_entry_main                          0x08000213   Thumb Code     0  __rtentry2.o(.ARM.Collect$$rtentry$$0000000D)
    __rt_entry_postli_1                      0x08000213   Thumb Code     0  __rtentry2.o(.ARM.Collect$$rtentry$$0000000C)
    __rt_exit                                0x0800021b   Thumb Code     0  rtexit.o(.ARM.Collect$$rtexit$$00000000)
    __rt_exit_ls                             0x0800021d   Thumb Code     0  rtexit2.o(.ARM.Collect$$rtexit$$00000003)
    __rt_exit_prels_1                        0x0800021d   Thumb Code     0  rtexit2.o(.ARM.Collect$$rtexit$$00000002)
    __rt_exit_exit                           0x08000221   Thumb Code     0  rtexit2.o(.ARM.Collect$$rtexit$$00000004)
    Reset_Handler                            0x08000229   Thumb Code     8  startup_stm32f40_41xxx.o(.text)
    ADC_IRQHandler                           0x08000243   Thumb Code     0  startup_stm32f40_41xxx.o(.text)
    CAN1_RX0_IRQHandler                      0x08000243   Thumb Code     0  startup_stm32f40_41xxx.o(.text)
    CAN1_RX1_IRQHandler                      0x08000243   Thumb Code     0  startup_stm32f40_41xxx.o(.text)
    CAN1_SCE_IRQHandler                      0x08000243   Thumb Code     0  startup_stm32f40_41xxx.o(.text)
    CAN1_TX_IRQHandler                       0x08000243   Thumb Code     0  startup_stm32f40_41xxx.o(.text)
    CAN2_RX0_IRQHandler                      0x08000243   Thumb Code     0  startup_stm32f40_41xxx.o(.text)
    CAN2_RX1_IRQHandler                      0x08000243   Thumb Code     0  startup_stm32f40_41xxx.o(.text)
    CAN2_SCE_IRQHandler                      0x08000243   Thumb Code     0  startup_stm32f40_41xxx.o(.text)
    CAN2_TX_IRQHandler                       0x08000243   Thumb Code     0  startup_stm32f40_41xxx.o(.text)
    CRYP_IRQHandler                          0x08000243   Thumb Code     0  startup_stm32f40_41xxx.o(.text)
    DCMI_IRQHandler                          0x08000243   Thumb Code     0  startup_stm32f40_41xxx.o(.text)
    DMA1_Stream0_IRQHandler                  0x08000243   Thumb Code     0  startup_stm32f40_41xxx.o(.text)
    DMA1_Stream1_IRQHandler                  0x08000243   Thumb Code     0  startup_stm32f40_41xxx.o(.text)
    DMA1_Stream2_IRQHandler                  0x08000243   Thumb Code     0  startup_stm32f40_41xxx.o(.text)
    DMA1_Stream3_IRQHandler                  0x08000243   Thumb Code     0  startup_stm32f40_41xxx.o(.text)
    DMA1_Stream4_IRQHandler                  0x08000243   Thumb Code     0  startup_stm32f40_41xxx.o(.text)
    DMA1_Stream5_IRQHandler                  0x08000243   Thumb Code     0  startup_stm32f40_41xxx.o(.text)
    DMA1_Stream6_IRQHandler                  0x08000243   Thumb Code     0  startup_stm32f40_41xxx.o(.text)
    DMA1_Stream7_IRQHandler                  0x08000243   Thumb Code     0  startup_stm32f40_41xxx.o(.text)
    DMA2_Stream0_IRQHandler                  0x08000243   Thumb Code     0  startup_stm32f40_41xxx.o(.text)
    DMA2_Stream1_IRQHandler                  0x08000243   Thumb Code     0  startup_stm32f40_41xxx.o(.text)
    DMA2_Stream2_IRQHandler                  0x08000243   Thumb Code     0  startup_stm32f40_41xxx.o(.text)
    DMA2_Stream3_IRQHandler                  0x08000243   Thumb Code     0  startup_stm32f40_41xxx.o(.text)
    DMA2_Stream4_IRQHandler                  0x08000243   Thumb Code     0  startup_stm32f40_41xxx.o(.text)
    DMA2_Stream5_IRQHandler                  0x08000243   Thumb Code     0  startup_stm32f40_41xxx.o(.text)
    DMA2_Stream6_IRQHandler                  0x08000243   Thumb Code     0  startup_stm32f40_41xxx.o(.text)
    DMA2_Stream7_IRQHandler                  0x08000243   Thumb Code     0  startup_stm32f40_41xxx.o(.text)
    ETH_IRQHandler                           0x08000243   Thumb Code     0  startup_stm32f40_41xxx.o(.text)
    ETH_WKUP_IRQHandler                      0x08000243   Thumb Code     0  startup_stm32f40_41xxx.o(.text)
    EXTI0_IRQHandler                         0x08000243   Thumb Code     0  startup_stm32f40_41xxx.o(.text)
    EXTI15_10_IRQHandler                     0x08000243   Thumb Code     0  startup_stm32f40_41xxx.o(.text)
    EXTI1_IRQHandler                         0x08000243   Thumb Code     0  startup_stm32f40_41xxx.o(.text)
    EXTI2_IRQHandler                         0x08000243   Thumb Code     0  startup_stm32f40_41xxx.o(.text)
    EXTI3_IRQHandler                         0x08000243   Thumb Code     0  startup_stm32f40_41xxx.o(.text)
    EXTI4_IRQHandler                         0x08000243   Thumb Code     0  startup_stm32f40_41xxx.o(.text)
    EXTI9_5_IRQHandler                       0x08000243   Thumb Code     0  startup_stm32f40_41xxx.o(.text)
    FLASH_IRQHandler                         0x08000243   Thumb Code     0  startup_stm32f40_41xxx.o(.text)
    FPU_IRQHandler                           0x08000243   Thumb Code     0  startup_stm32f40_41xxx.o(.text)
    FSMC_IRQHandler                          0x08000243   Thumb Code     0  startup_stm32f40_41xxx.o(.text)
    HASH_RNG_IRQHandler                      0x08000243   Thumb Code     0  startup_stm32f40_41xxx.o(.text)
    I2C1_ER_IRQHandler                       0x08000243   Thumb Code     0  startup_stm32f40_41xxx.o(.text)
    I2C1_EV_IRQHandler                       0x08000243   Thumb Code     0  startup_stm32f40_41xxx.o(.text)
    I2C2_ER_IRQHandler                       0x08000243   Thumb Code     0  startup_stm32f40_41xxx.o(.text)
    I2C2_EV_IRQHandler                       0x08000243   Thumb Code     0  startup_stm32f40_41xxx.o(.text)
    I2C3_ER_IRQHandler                       0x08000243   Thumb Code     0  startup_stm32f40_41xxx.o(.text)
    I2C3_EV_IRQHandler                       0x08000243   Thumb Code     0  startup_stm32f40_41xxx.o(.text)
    OTG_FS_IRQHandler                        0x08000243   Thumb Code     0  startup_stm32f40_41xxx.o(.text)
    OTG_FS_WKUP_IRQHandler                   0x08000243   Thumb Code     0  startup_stm32f40_41xxx.o(.text)
    OTG_HS_EP1_IN_IRQHandler                 0x08000243   Thumb Code     0  startup_stm32f40_41xxx.o(.text)
    OTG_HS_EP1_OUT_IRQHandler                0x08000243   Thumb Code     0  startup_stm32f40_41xxx.o(.text)
    OTG_HS_IRQHandler                        0x08000243   Thumb Code     0  startup_stm32f40_41xxx.o(.text)
    OTG_HS_WKUP_IRQHandler                   0x08000243   Thumb Code     0  startup_stm32f40_41xxx.o(.text)
    PVD_IRQHandler                           0x08000243   Thumb Code     0  startup_stm32f40_41xxx.o(.text)
    RCC_IRQHandler                           0x08000243   Thumb Code     0  startup_stm32f40_41xxx.o(.text)
    RTC_Alarm_IRQHandler                     0x08000243   Thumb Code     0  startup_stm32f40_41xxx.o(.text)
    RTC_WKUP_IRQHandler                      0x08000243   Thumb Code     0  startup_stm32f40_41xxx.o(.text)
    SDIO_IRQHandler                          0x08000243   Thumb Code     0  startup_stm32f40_41xxx.o(.text)
    SPI1_IRQHandler                          0x08000243   Thumb Code     0  startup_stm32f40_41xxx.o(.text)
    SPI2_IRQHandler                          0x08000243   Thumb Code     0  startup_stm32f40_41xxx.o(.text)
    SPI3_IRQHandler                          0x08000243   Thumb Code     0  startup_stm32f40_41xxx.o(.text)
    TAMP_STAMP_IRQHandler                    0x08000243   Thumb Code     0  startup_stm32f40_41xxx.o(.text)
    TIM1_BRK_TIM9_IRQHandler                 0x08000243   Thumb Code     0  startup_stm32f40_41xxx.o(.text)
    TIM1_CC_IRQHandler                       0x08000243   Thumb Code     0  startup_stm32f40_41xxx.o(.text)
    TIM1_TRG_COM_TIM11_IRQHandler            0x08000243   Thumb Code     0  startup_stm32f40_41xxx.o(.text)
    TIM1_UP_TIM10_IRQHandler                 0x08000243   Thumb Code     0  startup_stm32f40_41xxx.o(.text)
    TIM3_IRQHandler                          0x08000243   Thumb Code     0  startup_stm32f40_41xxx.o(.text)
    TIM4_IRQHandler                          0x08000243   Thumb Code     0  startup_stm32f40_41xxx.o(.text)
    TIM6_DAC_IRQHandler                      0x08000243   Thumb Code     0  startup_stm32f40_41xxx.o(.text)
    TIM7_IRQHandler                          0x08000243   Thumb Code     0  startup_stm32f40_41xxx.o(.text)
    TIM8_BRK_TIM12_IRQHandler                0x08000243   Thumb Code     0  startup_stm32f40_41xxx.o(.text)
    TIM8_CC_IRQHandler                       0x08000243   Thumb Code     0  startup_stm32f40_41xxx.o(.text)
    TIM8_TRG_COM_TIM14_IRQHandler            0x08000243   Thumb Code     0  startup_stm32f40_41xxx.o(.text)
    TIM8_UP_TIM13_IRQHandler                 0x08000243   Thumb Code     0  startup_stm32f40_41xxx.o(.text)
    UART4_IRQHandler                         0x08000243   Thumb Code     0  startup_stm32f40_41xxx.o(.text)
    UART5_IRQHandler                         0x08000243   Thumb Code     0  startup_stm32f40_41xxx.o(.text)
    USART1_IRQHandler                        0x08000243   Thumb Code     0  startup_stm32f40_41xxx.o(.text)
    USART2_IRQHandler                        0x08000243   Thumb Code     0  startup_stm32f40_41xxx.o(.text)
    USART6_IRQHandler                        0x08000243   Thumb Code     0  startup_stm32f40_41xxx.o(.text)
    WWDG_IRQHandler                          0x08000243   Thumb Code     0  startup_stm32f40_41xxx.o(.text)
    __user_initial_stackheap                 0x08000245   Thumb Code     0  startup_stm32f40_41xxx.o(.text)
    __use_two_region_memory                  0x08000269   Thumb Code     2  heapauxi.o(.text)
    __rt_heap_escrow$2region                 0x0800026b   Thumb Code     2  heapauxi.o(.text)
    __rt_heap_expand$2region                 0x0800026d   Thumb Code     2  heapauxi.o(.text)
    __user_setup_stackheap                   0x0800026f   Thumb Code    74  sys_stackheap_outer.o(.text)
    exit                                     0x080002b9   Thumb Code    18  exit.o(.text)
    __user_libspace                          0x080002cd   Thumb Code     8  libspace.o(.text)
    __user_perproc_libspace                  0x080002cd   Thumb Code     0  libspace.o(.text)
    __user_perthread_libspace                0x080002cd   Thumb Code     0  libspace.o(.text)
    _sys_exit                                0x080002d5   Thumb Code     8  sys_exit.o(.text)
    __I$use$semihosting                      0x080002e1   Thumb Code     0  use_no_semi.o(.text)
    __use_no_semihosting_swi                 0x080002e1   Thumb Code     2  use_no_semi.o(.text)
    ADC_Cmd                                  0x080002e3   Thumb Code    20  stm32f4xx_adc.o(i.ADC_Cmd)
    __semihosting_library_function           0x080002e3   Thumb Code     0  indicate_semi.o(.text)
    ADC_CommonInit                           0x080002f9   Thumb Code    34  stm32f4xx_adc.o(i.ADC_CommonInit)
    ADC_DMACmd                               0x08000325   Thumb Code    20  stm32f4xx_adc.o(i.ADC_DMACmd)
    ADC_DMARequestAfterLastTransferCmd       0x08000339   Thumb Code    20  stm32f4xx_adc.o(i.ADC_DMARequestAfterLastTransferCmd)
    ADC_DeInit                               0x0800034d   Thumb Code    24  stm32f4xx_adc.o(i.ADC_DeInit)
    ADC_Init                                 0x08000365   Thumb Code    66  stm32f4xx_adc.o(i.ADC_Init)
    ADC_RegularChannelConfig                 0x080003b1   Thumb Code   116  stm32f4xx_adc.o(i.ADC_RegularChannelConfig)
    ADC_SoftwareStartConv                    0x08000425   Thumb Code    10  stm32f4xx_adc.o(i.ADC_SoftwareStartConv)
    AD_Detection                             0x08000431   Thumb Code   558  ad_detection.o(i.AD_Detection)
    BEEP_Init                                0x080006d9   Thumb Code    50  beep.o(i.BEEP_Init)
    BusFault_Handler                         0x08000711   Thumb Code     2  stm32f4xx_it.o(i.BusFault_Handler)
    DMA_Cmd                                  0x08000713   Thumb Code    20  stm32f4xx_dma.o(i.DMA_Cmd)
    DMA_DeInit                               0x08000729   Thumb Code   272  stm32f4xx_dma.o(i.DMA_DeInit)
    DMA_Init                                 0x0800084d   Thumb Code    80  stm32f4xx_dma.o(i.DMA_Init)
    DebugMon_Handler                         0x080008a1   Thumb Code     2  stm32f4xx_it.o(i.DebugMon_Handler)
    GPIO_Init                                0x080008a3   Thumb Code   120  stm32f4xx_gpio.o(i.GPIO_Init)
    GPIO_PinAFConfig                         0x0800091b   Thumb Code    32  stm32f4xx_gpio.o(i.GPIO_PinAFConfig)
    GPIO_ReadInputDataBit                    0x0800093b   Thumb Code    14  stm32f4xx_gpio.o(i.GPIO_ReadInputDataBit)
    GPIO_ResetBits                           0x08000949   Thumb Code     4  stm32f4xx_gpio.o(i.GPIO_ResetBits)
    GPIO_SetBits                             0x0800094d   Thumb Code     4  stm32f4xx_gpio.o(i.GPIO_SetBits)
    Get_data_from_ROM                        0x08000951   Thumb Code    54  oled.o(i.Get_data_from_ROM)
    Go_fight                                 0x0800098d   Thumb Code   128  ysy.o(i.Go_fight)
    GoodMoto                                 0x08000a41   Thumb Code   112  pwm.o(i.GoodMoto)
    HardFault_Handler                        0x08000ab5   Thumb Code     2  stm32f4xx_it.o(i.HardFault_Handler)
    KEY_Init                                 0x08000ab9   Thumb Code   106  key.o(i.KEY_Init)
    KEY_Scan                                 0x08000b35   Thumb Code   146  key.o(i.KEY_Scan)
    LED_Init                                 0x08000bdd   Thumb Code    94  led.o(i.LED_Init)
    MarineRobot_init                         0x08000c45   Thumb Code   116  init.o(i.MarineRobot_init)
    MemManage_Handler                        0x08000cb9   Thumb Code     2  stm32f4xx_it.o(i.MemManage_Handler)
    NMI_Handler                              0x08000cbb   Thumb Code     2  stm32f4xx_it.o(i.NMI_Handler)
    NVIC_Init                                0x08000cbd   Thumb Code    96  misc.o(i.NVIC_Init)
    NVIC_PriorityGroupConfig                 0x08000d21   Thumb Code    10  misc.o(i.NVIC_PriorityGroupConfig)
    OLED_Display_16x16                       0x08000d35   Thumb Code    56  oled.o(i.OLED_Display_16x16)
    OLED_Display_8x16                        0x08000d6d   Thumb Code    54  oled.o(i.OLED_Display_8x16)
    OLED_Display_GB2312_string               0x08000da5   Thumb Code   190  oled.o(i.OLED_Display_GB2312_string)
    OLED_Init                                0x08000e6d   Thumb Code   322  oled.o(i.OLED_Init)
    OLED_WR_Byte                             0x08000fb5   Thumb Code    94  oled.o(i.OLED_WR_Byte)
    OLED_address                             0x08001019   Thumb Code    42  oled.o(i.OLED_address)
    OLED_get_data_from_ROM                   0x08001045   Thumb Code    86  oled.o(i.OLED_get_data_from_ROM)
    PWM_Init                                 0x080010a1   Thumb Code    32  pwm.o(i.PWM_Init)
    PendSV_Handler                           0x080010c1   Thumb Code     2  stm32f4xx_it.o(i.PendSV_Handler)
    RCC_AHB1PeriphClockCmd                   0x080010c5   Thumb Code    18  stm32f4xx_rcc.o(i.RCC_AHB1PeriphClockCmd)
    RCC_APB1PeriphClockCmd                   0x080010dd   Thumb Code    18  stm32f4xx_rcc.o(i.RCC_APB1PeriphClockCmd)
    RCC_APB2PeriphClockCmd                   0x080010f5   Thumb Code    18  stm32f4xx_rcc.o(i.RCC_APB2PeriphClockCmd)
    RCC_APB2PeriphResetCmd                   0x0800110d   Thumb Code    18  stm32f4xx_rcc.o(i.RCC_APB2PeriphResetCmd)
    RCC_GetClocksFreq                        0x08001125   Thumb Code   132  stm32f4xx_rcc.o(i.RCC_GetClocksFreq)
    SENSOR_Init                              0x080011b5   Thumb Code   604  sensor.o(i.SENSOR_Init)
    SVC_Handler                              0x08001431   Thumb Code     2  stm32f4xx_it.o(i.SVC_Handler)
    Send_Command_to_ROM                      0x08001435   Thumb Code    58  oled.o(i.Send_Command_to_ROM)
    SysTick_CLKSourceConfig                  0x08001529   Thumb Code    24  misc.o(i.SysTick_CLKSourceConfig)
    SysTick_Handler                          0x08001541   Thumb Code     2  stm32f4xx_it.o(i.SysTick_Handler)
    SystemInit                               0x08001545   Thumb Code    74  system_stm32f4xx.o(i.SystemInit)
    TIM2_IRQHandler                          0x080015a1   Thumb Code    86  timer.o(i.TIM2_IRQHandler)
    TIM2_Int_Init                            0x08001601   Thumb Code    82  timer.o(i.TIM2_Int_Init)
    TIM3_PWM_Init                            0x08001655   Thumb Code   260  pwm.o(i.TIM3_PWM_Init)
    TIM4_PWM_Init                            0x08001761   Thumb Code   260  pwm.o(i.TIM4_PWM_Init)
    TIM5_IRQHandler                          0x0800186d   Thumb Code   664  timer.o(i.TIM5_IRQHandler)
    TIM5_Int_Init                            0x08001b0d   Thumb Code    80  timer.o(i.TIM5_Int_Init)
    TIM_ARRPreloadConfig                     0x08001b61   Thumb Code    20  stm32f4xx_tim.o(i.TIM_ARRPreloadConfig)
    TIM_ClearITPendingBit                    0x08001b75   Thumb Code     6  stm32f4xx_tim.o(i.TIM_ClearITPendingBit)
    TIM_Cmd                                  0x08001b7b   Thumb Code    20  stm32f4xx_tim.o(i.TIM_Cmd)
    TIM_GetITStatus                          0x08001b8f   Thumb Code    24  stm32f4xx_tim.o(i.TIM_GetITStatus)
    TIM_ITConfig                             0x08001ba7   Thumb Code    16  stm32f4xx_tim.o(i.TIM_ITConfig)
    TIM_OC1Init                              0x08001bb9   Thumb Code    88  stm32f4xx_tim.o(i.TIM_OC1Init)
    TIM_OC1PreloadConfig                     0x08001c19   Thumb Code    12  stm32f4xx_tim.o(i.TIM_OC1PreloadConfig)
    TIM_OC2Init                              0x08001c25   Thumb Code   120  stm32f4xx_tim.o(i.TIM_OC2Init)
    TIM_OC2PreloadConfig                     0x08001ca5   Thumb Code    20  stm32f4xx_tim.o(i.TIM_OC2PreloadConfig)
    TIM_OC3Init                              0x08001cb9   Thumb Code   116  stm32f4xx_tim.o(i.TIM_OC3Init)
    TIM_OC3PreloadConfig                     0x08001d35   Thumb Code    12  stm32f4xx_tim.o(i.TIM_OC3PreloadConfig)
    TIM_OC4Init                              0x08001d41   Thumb Code    88  stm32f4xx_tim.o(i.TIM_OC4Init)
    TIM_OC4PreloadConfig                     0x08001da1   Thumb Code    20  stm32f4xx_tim.o(i.TIM_OC4PreloadConfig)
    TIM_SetCompare1                          0x08001db5   Thumb Code     4  stm32f4xx_tim.o(i.TIM_SetCompare1)
    TIM_SetCompare2                          0x08001db9   Thumb Code     4  stm32f4xx_tim.o(i.TIM_SetCompare2)
    TIM_SetCompare3                          0x08001dbd   Thumb Code     4  stm32f4xx_tim.o(i.TIM_SetCompare3)
    TIM_SetCompare4                          0x08001dc1   Thumb Code     4  stm32f4xx_tim.o(i.TIM_SetCompare4)
    TIM_TimeBaseInit                         0x08001dc5   Thumb Code    96  stm32f4xx_tim.o(i.TIM_TimeBaseInit)
    USART3_IRQHandler                        0x08001e41   Thumb Code    30  usart.o(i.USART3_IRQHandler)
    USART3_Init                              0x08001e69   Thumb Code   166  usart.o(i.USART3_Init)
    USART_Cmd                                0x08001f19   Thumb Code    20  stm32f4xx_usart.o(i.USART_Cmd)
    USART_GetITStatus                        0x08001f2d   Thumb Code    62  stm32f4xx_usart.o(i.USART_GetITStatus)
    USART_ITConfig                           0x08001f6b   Thumb Code    48  stm32f4xx_usart.o(i.USART_ITConfig)
    USART_Init                               0x08001f9d   Thumb Code   164  stm32f4xx_usart.o(i.USART_Init)
    USART_ReceiveData                        0x08002049   Thumb Code     8  stm32f4xx_usart.o(i.USART_ReceiveData)
    UsageFault_Handler                       0x08002051   Thumb Code     2  stm32f4xx_it.o(i.UsageFault_Handler)
    Xun_tai                                  0x08002055   Thumb Code   178  ysy.o(i.Xun_tai)
    abs                                      0x08002139   Thumb Code    12  timer.o(i.abs)
    allmotor                                 0x08002145   Thumb Code    44  pwm.o(i.allmotor)
    analog                                   0x08002171   Thumb Code   100  sensor.o(i.analog)
    back                                     0x080021d9   Thumb Code    48  edge.o(i.back)
    back1                                    0x08002211   Thumb Code    46  edge.o(i.back1)
    beep                                     0x08002249   Thumb Code     4  beep.o(i.beep)
    beep_stop                                0x0800224d   Thumb Code    14  timer.o(i.beep_stop)
    beep_time                                0x08002265   Thumb Code    14  timer.o(i.beep_time)
    beepoff                                  0x0800227d   Thumb Code     4  beep.o(i.beepoff)
    clear_screen                             0x08002281   Thumb Code    58  oled.o(i.clear_screen)
    delay_init                               0x080022bd   Thumb Code    38  delay.o(i.delay_init)
    delay_ms                                 0x080022e9   Thumb Code    52  delay.o(i.delay_ms)
    delay_us                                 0x0800231d   Thumb Code    46  delay.o(i.delay_us)
    delay_xms                                0x08002351   Thumb Code    46  delay.o(i.delay_xms)
    digital                                  0x08002385   Thumb Code   200  sensor.o(i.digital)
    display_GB2312_u1                        0x08002461   Thumb Code    32  oled.o(i.display_GB2312_u1)
    display_GB2312_u16                       0x08002481   Thumb Code    84  oled.o(i.display_GB2312_u16)
    filter                                   0x080024d5   Thumb Code    88  sensor.o(i.filter)
    get_edge                                 0x08002541   Thumb Code    88  ysy.o(i.get_edge)
    init_servos                              0x080025b5   Thumb Code    24  pwm.o(i.init_servos)
    main                                     0x080025d1   Thumb Code   168  main.o(i.main)
    motor                                    0x080026ad   Thumb Code   122  pwm.o(i.motor)
    mseconds                                 0x08002731   Thumb Code     6  timer.o(i.mseconds)
    reset_time                               0x0800273d   Thumb Code    10  timer.o(i.reset_time)
    select_high                              0x0800274d   Thumb Code    88  ysy.o(i.select_high)
    start_feedback                           0x080027b9   Thumb Code    20  ysy.o(i.start_feedback)
    start_time                               0x080027d5   Thumb Code    16  timer.o(i.start_time)
    start_time_1                             0x080027e9   Thumb Code    16  timer.o(i.start_time_1)
    test                                     0x08002801   Thumb Code   258  ysy.o(i.test)
    turn_right90                             0x08002955   Thumb Code    50  edge.o(i.turn_right90)
    up_stage                                 0x0800298d   Thumb Code   110  ysy.o(i.up_stage)
    up_stage1                                0x08002a0d   Thumb Code   110  ysy.o(i.up_stage1)
    __aeabi_dadd                             0x08002a8d   Thumb Code     0  daddsub_clz.o(x$fpl$dadd)
    _dadd                                    0x08002a8d   Thumb Code   332  daddsub_clz.o(x$fpl$dadd)
    __aeabi_d2uiz                            0x08002bdd   Thumb Code     0  dfixu.o(x$fpl$dfixu)
    _dfixu                                   0x08002bdd   Thumb Code    90  dfixu.o(x$fpl$dfixu)
    __aeabi_ui2d                             0x08002c37   Thumb Code     0  dflt_clz.o(x$fpl$dfltu)
    _dfltu                                   0x08002c37   Thumb Code    38  dflt_clz.o(x$fpl$dfltu)
    __aeabi_dmul                             0x08002c5d   Thumb Code     0  dmul.o(x$fpl$dmul)
    _dmul                                    0x08002c5d   Thumb Code   332  dmul.o(x$fpl$dmul)
    __fpl_dnaninf                            0x08002db1   Thumb Code   156  dnaninf.o(x$fpl$dnaninf)
    __fpl_dretinf                            0x08002e4d   Thumb Code    12  dretinf.o(x$fpl$dretinf)
    __aeabi_dsub                             0x08002e59   Thumb Code     0  daddsub_clz.o(x$fpl$dsub)
    _dsub                                    0x08002e59   Thumb Code   464  daddsub_clz.o(x$fpl$dsub)
    _fp_init                                 0x0800302d   Thumb Code    10  fpinit.o(x$fpl$fpinit)
    __fplib_config_fpu_vfp                   0x08003035   Thumb Code     0  fpinit.o(x$fpl$fpinit)
    __fplib_config_pureend_doubles           0x08003035   Thumb Code     0  fpinit.o(x$fpl$fpinit)
    __I$use$fp                               0x08003036   Number         0  usenofp.o(x$fpl$usenofp)
    Region$$Table$$Base                      0x08003038   Number         0  anon$$obj.o(Region$$Table)
    Region$$Table$$Limit                     0x08003058   Number         0  anon$$obj.o(Region$$Table)
    beep_label                               0x20000000   Data           1  timer.o(.data)
    count_ms_0                               0x20000002   Data           2  timer.o(.data)
    count_s_0                                0x20000004   Data           2  timer.o(.data)
    count_ms_1                               0x20000006   Data           2  timer.o(.data)
    count_s_1                                0x20000008   Data           2  timer.o(.data)
    beep_ms                                  0x2000000a   Data           2  timer.o(.data)
    timerled                                 0x2000000c   Data           4  timer.o(.data)
    count_ms                                 0x20000010   Data           4  timer.o(.data)
    Taixia                                   0x20000014   Data           4  timer.o(.data)
    Katai                                    0x20000018   Data           4  timer.o(.data)
    Left_thing                               0x2000001c   Data           4  timer.o(.data)
    Right_thing                              0x20000020   Data           4  timer.o(.data)
    Front_thing                              0x20000024   Data           4  timer.o(.data)
    Behind_thing                             0x20000028   Data           4  timer.o(.data)
    Behind_taizi                             0x2000002c   Data           4  timer.o(.data)
    Bianyuan                                 0x20000030   Data           4  timer.o(.data)
    Chan_tai                                 0x20000034   Data           4  timer.o(.data)
    Behind_edge                              0x20000038   Data           4  timer.o(.data)
    left                                     0x2000003c   Data           4  timer.o(.data)
    right                                    0x20000040   Data           4  timer.o(.data)
    error                                    0x20000044   Data           4  timer.o(.data)
    Key                                      0x20000048   Data           1  main.o(.data)
    Key_Temp                                 0x20000049   Data           1  main.o(.data)
    fontaddr                                 0x2000004c   Data           4  oled.o(.data)
    Ls                                       0x20000054   Data           4  pwm.o(.data)
    Rs                                       0x20000058   Data           4  pwm.o(.data)
    O                                        0x20000060   Data           4  usart.o(.data)
    After_filter                             0x20000074   Data          32  sensor.o(.bss)
    last_filter                              0x20000094   Data          32  sensor.o(.bss)
    AD_Value                                 0x200000b4   Data          32  sensor.o(.bss)
    __libspace_start                         0x200000d4   Data          96  libspace.o(.bss)
    __temporary_stack_top$libspace           0x20000134   Data           0  libspace.o(.bss)



==============================================================================

Memory Map of the image

  Image Entry point : 0x08000189

  Load Region LR_IROM1 (Base: 0x08000000, Size: 0x000030cc, Max: 0x00080000, ABSOLUTE)

    Execution Region ER_IROM1 (Base: 0x08000000, Size: 0x00003058, Max: 0x00080000, ABSOLUTE)

    Base Addr    Size         Type   Attr      Idx    E Section Name        Object

    0x08000000   0x00000188   Data   RO         1273    RESET               startup_stm32f40_41xxx.o
    0x08000188   0x00000008   Code   RO         2919  * !!!main             c_w.l(__main.o)
    0x08000190   0x00000034   Code   RO         3099    !!!scatter          c_w.l(__scatter.o)
    0x080001c4   0x0000001a   Code   RO         3101    !!handler_copy      c_w.l(__scatter_copy.o)
    0x080001de   0x00000002   PAD
    0x080001e0   0x0000001c   Code   RO         3103    !!handler_zi        c_w.l(__scatter_zi.o)
    0x080001fc   0x00000002   Code   RO         2969    .ARM.Collect$$libinit$$00000000  c_w.l(libinit.o)
    0x080001fe   0x00000004   Code   RO         2975    .ARM.Collect$$libinit$$00000001  c_w.l(libinit2.o)
    0x08000202   0x00000000   Code   RO         2978    .ARM.Collect$$libinit$$00000004  c_w.l(libinit2.o)
    0x08000202   0x00000000   Code   RO         2981    .ARM.Collect$$libinit$$0000000A  c_w.l(libinit2.o)
    0x08000202   0x00000000   Code   RO         2983    .ARM.Collect$$libinit$$0000000C  c_w.l(libinit2.o)
    0x08000202   0x00000000   Code   RO         2985    .ARM.Collect$$libinit$$0000000E  c_w.l(libinit2.o)
    0x08000202   0x00000000   Code   RO         2988    .ARM.Collect$$libinit$$00000011  c_w.l(libinit2.o)
    0x08000202   0x00000000   Code   RO         2990    .ARM.Collect$$libinit$$00000013  c_w.l(libinit2.o)
    0x08000202   0x00000000   Code   RO         2992    .ARM.Collect$$libinit$$00000015  c_w.l(libinit2.o)
    0x08000202   0x00000000   Code   RO         2994    .ARM.Collect$$libinit$$00000017  c_w.l(libinit2.o)
    0x08000202   0x00000000   Code   RO         2996    .ARM.Collect$$libinit$$00000019  c_w.l(libinit2.o)
    0x08000202   0x00000000   Code   RO         2998    .ARM.Collect$$libinit$$0000001B  c_w.l(libinit2.o)
    0x08000202   0x00000000   Code   RO         3000    .ARM.Collect$$libinit$$0000001D  c_w.l(libinit2.o)
    0x08000202   0x00000000   Code   RO         3002    .ARM.Collect$$libinit$$0000001F  c_w.l(libinit2.o)
    0x08000202   0x00000000   Code   RO         3004    .ARM.Collect$$libinit$$00000021  c_w.l(libinit2.o)
    0x08000202   0x00000000   Code   RO         3006    .ARM.Collect$$libinit$$00000023  c_w.l(libinit2.o)
    0x08000202   0x00000000   Code   RO         3008    .ARM.Collect$$libinit$$00000025  c_w.l(libinit2.o)
    0x08000202   0x00000000   Code   RO         3012    .ARM.Collect$$libinit$$0000002C  c_w.l(libinit2.o)
    0x08000202   0x00000000   Code   RO         3014    .ARM.Collect$$libinit$$0000002E  c_w.l(libinit2.o)
    0x08000202   0x00000000   Code   RO         3016    .ARM.Collect$$libinit$$00000030  c_w.l(libinit2.o)
    0x08000202   0x00000000   Code   RO         3018    .ARM.Collect$$libinit$$00000032  c_w.l(libinit2.o)
    0x08000202   0x00000002   Code   RO         3019    .ARM.Collect$$libinit$$00000033  c_w.l(libinit2.o)
    0x08000204   0x00000002   Code   RO         3039    .ARM.Collect$$libshutdown$$00000000  c_w.l(libshutdown.o)
    0x08000206   0x00000000   Code   RO         3052    .ARM.Collect$$libshutdown$$00000002  c_w.l(libshutdown2.o)
    0x08000206   0x00000000   Code   RO         3054    .ARM.Collect$$libshutdown$$00000004  c_w.l(libshutdown2.o)
    0x08000206   0x00000000   Code   RO         3057    .ARM.Collect$$libshutdown$$00000007  c_w.l(libshutdown2.o)
    0x08000206   0x00000000   Code   RO         3060    .ARM.Collect$$libshutdown$$0000000A  c_w.l(libshutdown2.o)
    0x08000206   0x00000000   Code   RO         3062    .ARM.Collect$$libshutdown$$0000000C  c_w.l(libshutdown2.o)
    0x08000206   0x00000000   Code   RO         3065    .ARM.Collect$$libshutdown$$0000000F  c_w.l(libshutdown2.o)
    0x08000206   0x00000002   Code   RO         3066    .ARM.Collect$$libshutdown$$00000010  c_w.l(libshutdown2.o)
    0x08000208   0x00000000   Code   RO         2939    .ARM.Collect$$rtentry$$00000000  c_w.l(__rtentry.o)
    0x08000208   0x00000000   Code   RO         2946    .ARM.Collect$$rtentry$$00000002  c_w.l(__rtentry2.o)
    0x08000208   0x00000006   Code   RO         2958    .ARM.Collect$$rtentry$$00000004  c_w.l(__rtentry4.o)
    0x0800020e   0x00000000   Code   RO         2948    .ARM.Collect$$rtentry$$00000009  c_w.l(__rtentry2.o)
    0x0800020e   0x00000004   Code   RO         2949    .ARM.Collect$$rtentry$$0000000A  c_w.l(__rtentry2.o)
    0x08000212   0x00000000   Code   RO         2951    .ARM.Collect$$rtentry$$0000000C  c_w.l(__rtentry2.o)
    0x08000212   0x00000008   Code   RO         2952    .ARM.Collect$$rtentry$$0000000D  c_w.l(__rtentry2.o)
    0x0800021a   0x00000002   Code   RO         2973    .ARM.Collect$$rtexit$$00000000  c_w.l(rtexit.o)
    0x0800021c   0x00000000   Code   RO         3021    .ARM.Collect$$rtexit$$00000002  c_w.l(rtexit2.o)
    0x0800021c   0x00000004   Code   RO         3022    .ARM.Collect$$rtexit$$00000003  c_w.l(rtexit2.o)
    0x08000220   0x00000006   Code   RO         3023    .ARM.Collect$$rtexit$$00000004  c_w.l(rtexit2.o)
    0x08000226   0x00000002   PAD
    0x08000228   0x00000040   Code   RO         1274    .text               startup_stm32f40_41xxx.o
    0x08000268   0x00000006   Code   RO         2917    .text               c_w.l(heapauxi.o)
    0x0800026e   0x0000004a   Code   RO         2960    .text               c_w.l(sys_stackheap_outer.o)
    0x080002b8   0x00000012   Code   RO         2962    .text               c_w.l(exit.o)
    0x080002ca   0x00000002   PAD
    0x080002cc   0x00000008   Code   RO         2970    .text               c_w.l(libspace.o)
    0x080002d4   0x0000000c   Code   RO         3031    .text               c_w.l(sys_exit.o)
    0x080002e0   0x00000002   Code   RO         3042    .text               c_w.l(use_no_semi.o)
    0x080002e2   0x00000000   Code   RO         3044    .text               c_w.l(indicate_semi.o)
    0x080002e2   0x00000014   Code   RO         2681    i.ADC_Cmd           stm32f4xx_adc.o
    0x080002f6   0x00000002   PAD
    0x080002f8   0x0000002c   Code   RO         2682    i.ADC_CommonInit    stm32f4xx_adc.o
    0x08000324   0x00000014   Code   RO         2685    i.ADC_DMACmd        stm32f4xx_adc.o
    0x08000338   0x00000014   Code   RO         2686    i.ADC_DMARequestAfterLastTransferCmd  stm32f4xx_adc.o
    0x0800034c   0x00000018   Code   RO         2687    i.ADC_DeInit        stm32f4xx_adc.o
    0x08000364   0x0000004c   Code   RO         2701    i.ADC_Init          stm32f4xx_adc.o
    0x080003b0   0x00000074   Code   RO         2706    i.ADC_RegularChannelConfig  stm32f4xx_adc.o
    0x08000424   0x0000000a   Code   RO         2708    i.ADC_SoftwareStartConv  stm32f4xx_adc.o
    0x0800042e   0x00000002   PAD
    0x08000430   0x000002a8   Code   RO          928    i.AD_Detection      ad_detection.o
    0x080006d8   0x00000038   Code   RO         1000    i.BEEP_Init         beep.o
    0x08000710   0x00000002   Code   RO            3    i.BusFault_Handler  stm32f4xx_it.o
    0x08000712   0x00000014   Code   RO         2549    i.DMA_Cmd           stm32f4xx_dma.o
    0x08000726   0x00000002   PAD
    0x08000728   0x00000124   Code   RO         2550    i.DMA_DeInit        stm32f4xx_dma.o
    0x0800084c   0x00000054   Code   RO         2561    i.DMA_Init          stm32f4xx_dma.o
    0x080008a0   0x00000002   Code   RO            4    i.DebugMon_Handler  stm32f4xx_it.o
    0x080008a2   0x00000078   Code   RO         1325    i.GPIO_Init         stm32f4xx_gpio.o
    0x0800091a   0x00000020   Code   RO         1326    i.GPIO_PinAFConfig  stm32f4xx_gpio.o
    0x0800093a   0x0000000e   Code   RO         1329    i.GPIO_ReadInputDataBit  stm32f4xx_gpio.o
    0x08000948   0x00000004   Code   RO         1332    i.GPIO_ResetBits    stm32f4xx_gpio.o
    0x0800094c   0x00000004   Code   RO         1333    i.GPIO_SetBits      stm32f4xx_gpio.o
    0x08000950   0x0000003c   Code   RO          801    i.Get_data_from_ROM  oled.o
    0x0800098c   0x000000b4   Code   RO          391    i.Go_fight          ysy.o
    0x08000a40   0x00000074   Code   RO         1100    i.GoodMoto          pwm.o
    0x08000ab4   0x00000002   Code   RO            5    i.HardFault_Handler  stm32f4xx_it.o
    0x08000ab6   0x00000002   PAD
    0x08000ab8   0x0000007c   Code   RO         1032    i.KEY_Init          key.o
    0x08000b34   0x000000a8   Code   RO         1033    i.KEY_Scan          key.o
    0x08000bdc   0x00000068   Code   RO          587    i.LED_Init          led.o
    0x08000c44   0x00000074   Code   RO          960    i.MarineRobot_init  init.o
    0x08000cb8   0x00000002   Code   RO            6    i.MemManage_Handler  stm32f4xx_it.o
    0x08000cba   0x00000002   Code   RO            7    i.NMI_Handler       stm32f4xx_it.o
    0x08000cbc   0x00000064   Code   RO         1280    i.NVIC_Init         misc.o
    0x08000d20   0x00000014   Code   RO         1281    i.NVIC_PriorityGroupConfig  misc.o
    0x08000d34   0x00000038   Code   RO          805    i.OLED_Display_16x16  oled.o
    0x08000d6c   0x00000036   Code   RO          807    i.OLED_Display_8x16  oled.o
    0x08000da2   0x00000002   PAD
    0x08000da4   0x000000c8   Code   RO          808    i.OLED_Display_GB2312_string  oled.o
    0x08000e6c   0x00000148   Code   RO          810    i.OLED_Init         oled.o
    0x08000fb4   0x00000064   Code   RO          812    i.OLED_WR_Byte      oled.o
    0x08001018   0x0000002a   Code   RO          813    i.OLED_address      oled.o
    0x08001042   0x00000002   PAD
    0x08001044   0x0000005c   Code   RO          814    i.OLED_get_data_from_ROM  oled.o
    0x080010a0   0x00000020   Code   RO         1101    i.PWM_Init          pwm.o
    0x080010c0   0x00000002   Code   RO            8    i.PendSV_Handler    stm32f4xx_it.o
    0x080010c2   0x00000002   PAD
    0x080010c4   0x00000018   Code   RO         1422    i.RCC_AHB1PeriphClockCmd  stm32f4xx_rcc.o
    0x080010dc   0x00000018   Code   RO         1431    i.RCC_APB1PeriphClockCmd  stm32f4xx_rcc.o
    0x080010f4   0x00000018   Code   RO         1434    i.RCC_APB2PeriphClockCmd  stm32f4xx_rcc.o
    0x0800110c   0x00000018   Code   RO         1436    i.RCC_APB2PeriphResetCmd  stm32f4xx_rcc.o
    0x08001124   0x00000090   Code   RO         1443    i.RCC_GetClocksFreq  stm32f4xx_rcc.o
    0x080011b4   0x0000027c   Code   RO         1059    i.SENSOR_Init       sensor.o
    0x08001430   0x00000002   Code   RO            9    i.SVC_Handler       stm32f4xx_it.o
    0x08001432   0x00000002   PAD
    0x08001434   0x00000040   Code   RO          815    i.Send_Command_to_ROM  oled.o
    0x08001474   0x000000b4   Code   RO          181    i.SetSysClock       system_stm32f4xx.o
    0x08001528   0x00000018   Code   RO         1284    i.SysTick_CLKSourceConfig  misc.o
    0x08001540   0x00000002   Code   RO           10    i.SysTick_Handler   stm32f4xx_it.o
    0x08001542   0x00000002   PAD
    0x08001544   0x0000005c   Code   RO          183    i.SystemInit        system_stm32f4xx.o
    0x080015a0   0x00000060   Code   RO          218    i.TIM2_IRQHandler   timer.o
    0x08001600   0x00000052   Code   RO          219    i.TIM2_Int_Init     timer.o
    0x08001652   0x00000002   PAD
    0x08001654   0x0000010c   Code   RO         1102    i.TIM3_PWM_Init     pwm.o
    0x08001760   0x0000010c   Code   RO         1103    i.TIM4_PWM_Init     pwm.o
    0x0800186c   0x000002a0   Code   RO          220    i.TIM5_IRQHandler   timer.o
    0x08001b0c   0x00000054   Code   RO          221    i.TIM5_Int_Init     timer.o
    0x08001b60   0x00000014   Code   RO         2002    i.TIM_ARRPreloadConfig  stm32f4xx_tim.o
    0x08001b74   0x00000006   Code   RO         2009    i.TIM_ClearITPendingBit  stm32f4xx_tim.o
    0x08001b7a   0x00000014   Code   RO         2014    i.TIM_Cmd           stm32f4xx_tim.o
    0x08001b8e   0x00000018   Code   RO         2035    i.TIM_GetITStatus   stm32f4xx_tim.o
    0x08001ba6   0x00000010   Code   RO         2039    i.TIM_ITConfig      stm32f4xx_tim.o
    0x08001bb6   0x00000002   PAD
    0x08001bb8   0x00000060   Code   RO         2043    i.TIM_OC1Init       stm32f4xx_tim.o
    0x08001c18   0x0000000c   Code   RO         2046    i.TIM_OC1PreloadConfig  stm32f4xx_tim.o
    0x08001c24   0x00000080   Code   RO         2048    i.TIM_OC2Init       stm32f4xx_tim.o
    0x08001ca4   0x00000014   Code   RO         2051    i.TIM_OC2PreloadConfig  stm32f4xx_tim.o
    0x08001cb8   0x0000007c   Code   RO         2053    i.TIM_OC3Init       stm32f4xx_tim.o
    0x08001d34   0x0000000c   Code   RO         2056    i.TIM_OC3PreloadConfig  stm32f4xx_tim.o
    0x08001d40   0x00000060   Code   RO         2058    i.TIM_OC4Init       stm32f4xx_tim.o
    0x08001da0   0x00000014   Code   RO         2060    i.TIM_OC4PreloadConfig  stm32f4xx_tim.o
    0x08001db4   0x00000004   Code   RO         2076    i.TIM_SetCompare1   stm32f4xx_tim.o
    0x08001db8   0x00000004   Code   RO         2077    i.TIM_SetCompare2   stm32f4xx_tim.o
    0x08001dbc   0x00000004   Code   RO         2078    i.TIM_SetCompare3   stm32f4xx_tim.o
    0x08001dc0   0x00000004   Code   RO         2079    i.TIM_SetCompare4   stm32f4xx_tim.o
    0x08001dc4   0x0000007c   Code   RO         2086    i.TIM_TimeBaseInit  stm32f4xx_tim.o
    0x08001e40   0x00000028   Code   RO         1234    i.USART3_IRQHandler  usart.o
    0x08001e68   0x000000b0   Code   RO         1235    i.USART3_Init       usart.o
    0x08001f18   0x00000014   Code   RO         1816    i.USART_Cmd         stm32f4xx_usart.o
    0x08001f2c   0x0000003e   Code   RO         1820    i.USART_GetITStatus  stm32f4xx_usart.o
    0x08001f6a   0x00000030   Code   RO         1822    i.USART_ITConfig    stm32f4xx_usart.o
    0x08001f9a   0x00000002   PAD
    0x08001f9c   0x000000ac   Code   RO         1823    i.USART_Init        stm32f4xx_usart.o
    0x08002048   0x00000008   Code   RO         1830    i.USART_ReceiveData  stm32f4xx_usart.o
    0x08002050   0x00000002   Code   RO           11    i.UsageFault_Handler  stm32f4xx_it.o
    0x08002052   0x00000002   PAD
    0x08002054   0x000000e4   Code   RO          392    i.Xun_tai           ysy.o
    0x08002138   0x0000000c   Code   RO          222    i.abs               timer.o
    0x08002144   0x0000002c   Code   RO         1104    i.allmotor          pwm.o
    0x08002170   0x00000068   Code   RO         1060    i.analog            sensor.o
    0x080021d8   0x00000038   Code   RO          540    i.back              edge.o
    0x08002210   0x00000038   Code   RO          541    i.back1             edge.o
    0x08002248   0x00000004   Code   RO         1001    i.beep              beep.o
    0x0800224c   0x00000018   Code   RO          223    i.beep_stop         timer.o
    0x08002264   0x00000018   Code   RO          224    i.beep_time         timer.o
    0x0800227c   0x00000004   Code   RO         1002    i.beepoff           beep.o
    0x08002280   0x0000003a   Code   RO          816    i.clear_screen      oled.o
    0x080022ba   0x00000002   PAD
    0x080022bc   0x0000002c   Code   RO         1176    i.delay_init        delay.o
    0x080022e8   0x00000034   Code   RO         1177    i.delay_ms          delay.o
    0x0800231c   0x00000034   Code   RO         1178    i.delay_us          delay.o
    0x08002350   0x00000034   Code   RO         1179    i.delay_xms         delay.o
    0x08002384   0x000000dc   Code   RO         1061    i.digital           sensor.o
    0x08002460   0x00000020   Code   RO          817    i.display_GB2312_u1  oled.o
    0x08002480   0x00000054   Code   RO          818    i.display_GB2312_u16  oled.o
    0x080024d4   0x0000006c   Code   RO         1062    i.filter            sensor.o
    0x08002540   0x00000074   Code   RO          393    i.get_edge          ysy.o
    0x080025b4   0x0000001c   Code   RO         1105    i.init_servos       pwm.o
    0x080025d0   0x000000dc   Code   RO          490    i.main              main.o
    0x080026ac   0x00000084   Code   RO         1106    i.motor             pwm.o
    0x08002730   0x0000000c   Code   RO          227    i.mseconds          timer.o
    0x0800273c   0x00000010   Code   RO          229    i.reset_time        timer.o
    0x0800274c   0x0000006c   Code   RO          394    i.select_high       ysy.o
    0x080027b8   0x0000001c   Code   RO          395    i.start_feedback    ysy.o
    0x080027d4   0x00000014   Code   RO          233    i.start_time        timer.o
    0x080027e8   0x00000018   Code   RO          234    i.start_time_1      timer.o
    0x08002800   0x00000154   Code   RO          396    i.test              ysy.o
    0x08002954   0x00000038   Code   RO          544    i.turn_right90      edge.o
    0x0800298c   0x00000080   Code   RO          397    i.up_stage          ysy.o
    0x08002a0c   0x00000080   Code   RO          398    i.up_stage1         ysy.o
    0x08002a8c   0x00000150   Code   RO         2921    x$fpl$dadd          fz_wm.l(daddsub_clz.o)
    0x08002bdc   0x0000005a   Code   RO         2927    x$fpl$dfixu         fz_wm.l(dfixu.o)
    0x08002c36   0x00000026   Code   RO         2931    x$fpl$dfltu         fz_wm.l(dflt_clz.o)
    0x08002c5c   0x00000154   Code   RO         2937    x$fpl$dmul          fz_wm.l(dmul.o)
    0x08002db0   0x0000009c   Code   RO         2940    x$fpl$dnaninf       fz_wm.l(dnaninf.o)
    0x08002e4c   0x0000000c   Code   RO         2942    x$fpl$dretinf       fz_wm.l(dretinf.o)
    0x08002e58   0x000001d4   Code   RO         2923    x$fpl$dsub          fz_wm.l(daddsub_clz.o)
    0x0800302c   0x0000000a   Code   RO         3029    x$fpl$fpinit        fz_wm.l(fpinit.o)
    0x08003036   0x00000000   Code   RO         2944    x$fpl$usenofp       fz_wm.l(usenofp.o)
    0x08003036   0x00000002   PAD
    0x08003038   0x00000020   Data   RO         3097    Region$$Table       anon$$obj.o


    Execution Region RW_IRAM1 (Base: 0x20000000, Size: 0x00000738, Max: 0x00020000, ABSOLUTE)

    Base Addr    Size         Type   Attr      Idx    E Section Name        Object

    0x20000000   0x00000048   Data   RW          237    .data               timer.o
    0x20000048   0x00000002   Data   RW          493    .data               main.o
    0x2000004a   0x00000002   PAD
    0x2000004c   0x00000004   Data   RW          819    .data               oled.o
    0x20000050   0x00000001   Data   RW         1034    .data               key.o
    0x20000051   0x00000003   PAD
    0x20000054   0x00000008   Data   RW         1110    .data               pwm.o
    0x2000005c   0x00000004   Data   RW         1180    .data               delay.o
    0x20000060   0x00000004   Data   RW         1236    .data               usart.o
    0x20000064   0x00000010   Data   RW         1475    .data               stm32f4xx_rcc.o
    0x20000074   0x00000060   Zero   RW         1063    .bss                sensor.o
    0x200000d4   0x00000060   Zero   RW         2971    .bss                c_w.l(libspace.o)
    0x20000134   0x00000004   PAD
    0x20000138   0x00000200   Zero   RW         1272    HEAP                startup_stm32f40_41xxx.o
    0x20000338   0x00000400   Zero   RW         1271    STACK               startup_stm32f40_41xxx.o


==============================================================================

Image component sizes


      Code (inc. data)   RO Data    RW Data    ZI Data      Debug   Object Name

       680        122          0          0          0        891   ad_detection.o
        64          6          0          0          0       1381   beep.o
       200         18          0          4          0       2615   delay.o
       168         24          0          0          0       1935   edge.o
       116          0          0          0          0        555   init.o
       292         40          0          1          0       1334   key.o
       104         10          0          0          0        591   led.o
       220         52          0          2          0       2091   main.o
       144         14          0          0          0       2169   misc.o
      1170         40          0          4          0       9507   oled.o
       888         34          0          8          0       5745   pwm.o
      1068        118          0          0         96       3634   sensor.o
        64         26        392          0       1536        844   startup_stm32f40_41xxx.o
       330         20          0          0          0       6236   stm32f4xx_adc.o
       396         24          0          0          0       3362   stm32f4xx_dma.o
       174          0          0          0          0       3615   stm32f4xx_gpio.o
        18          0          0          0          0     296726   stm32f4xx_it.o
       240         36          0         16          0       5428   stm32f4xx_rcc.o
       734         60          0          0          0      13572   stm32f4xx_tim.o
       310          8          0          0          0       4526   stm32f4xx_usart.o
       272         36          0          0          0       1529   system_stm32f4xx.o
      1066         66          0         72          0     251006   timer.o
       216         20          0          4          0       1478   usart.o
      1256        276          0          0          0       4713   ysy.o

    ----------------------------------------------------------------------
     10218       1050        424        116       1632     625483   Object Totals
         0          0         32          0          0          0   (incl. Generated)
        28          0          0          5          0          0   (incl. Padding)

    ----------------------------------------------------------------------

      Code (inc. data)   RO Data    RW Data    ZI Data      Debug   Library Member Name

         8          0          0          0          0         68   __main.o
         0          0          0          0          0          0   __rtentry.o
        12          0          0          0          0          0   __rtentry2.o
         6          0          0          0          0          0   __rtentry4.o
        52          8          0          0          0          0   __scatter.o
        26          0          0          0          0          0   __scatter_copy.o
        28          0          0          0          0          0   __scatter_zi.o
        18          0          0          0          0         80   exit.o
         6          0          0          0          0        152   heapauxi.o
         0          0          0          0          0          0   indicate_semi.o
         2          0          0          0          0          0   libinit.o
         6          0          0          0          0          0   libinit2.o
         2          0          0          0          0          0   libshutdown.o
         2          0          0          0          0          0   libshutdown2.o
         8          4          0          0         96         68   libspace.o
         2          0          0          0          0          0   rtexit.o
        10          0          0          0          0          0   rtexit2.o
        12          4          0          0          0         68   sys_exit.o
        74          0          0          0          0         80   sys_stackheap_outer.o
         2          0          0          0          0         68   use_no_semi.o
       804         16          0          0          0        368   daddsub_clz.o
        90          4          0          0          0        140   dfixu.o
        38          0          0          0          0        116   dflt_clz.o
       340         12          0          0          0        152   dmul.o
       156          4          0          0          0        140   dnaninf.o
        12          0          0          0          0        116   dretinf.o
        10          0          0          0          0        116   fpinit.o
         0          0          0          0          0          0   usenofp.o

    ----------------------------------------------------------------------
      1734         52          0          0        100       1732   Library Totals
         8          0          0          0          4          0   (incl. Padding)

    ----------------------------------------------------------------------

      Code (inc. data)   RO Data    RW Data    ZI Data      Debug   Library Name

       276         16          0          0         96        584   c_w.l
      1450         36          0          0          0       1148   fz_wm.l

    ----------------------------------------------------------------------
      1734         52          0          0        100       1732   Library Totals

    ----------------------------------------------------------------------

==============================================================================


      Code (inc. data)   RO Data    RW Data    ZI Data      Debug   

     11952       1102        424        116       1732     615259   Grand Totals
     11952       1102        424        116       1732     615259   ELF Image Totals
     11952       1102        424        116          0          0   ROM Totals

==============================================================================

    Total RO  Size (Code + RO Data)                12376 (  12.09kB)
    Total RW  Size (RW Data + ZI Data)              1848 (   1.80kB)
    Total ROM Size (Code + RO Data + RW Data)      12492 (  12.20kB)

==============================================================================

