<html>
<body>
<pre>
<h1>礦ision Build Log</h1>
<h2>Tool Versions:</h2>
IDE-Version: μVision V5.23.0.0
Copyright (C) 2017 ARM Ltd and ARM Germany GmbH. All rights reserved.
License Information: ZhangKaiYang 3173244086@qq.com, Xuchang university, LIC=----
 
Tool Versions:
Toolchain:       MDK-Lite  Version: 5.23
Toolchain Path:  D:\MDK5\ARM\ARMCC\Bin
C Compiler:      Armcc.exe V5.06 update 4 (build 422)
Assembler:       Armasm.exe V5.06 update 4 (build 422)
Linker/Locator:  ArmLink.exe V5.06 update 4 (build 422)
Library Manager: ArmAr.exe V5.06 update 4 (build 422)
Hex Converter:   FromElf.exe V5.06 update 4 (build 422)
CPU DLL:         SARMCM3.DLL V5.23
Dialog DLL:      DCM.DLL V1.15.0.0
Target DLL:      STLink\ST-LINKIII-KEIL_SWO.dll V2.0.18.0
Dialog DLL:      TCM.DLL V1.27.0.0
 
<h2>Project:</h2>
D:\Project\重点协作项目\2021许院天玑队决赛\程序\Wrestle-master\USER\Template.uvprojx
Project File Date:  10/25/2021

<h2>Output:</h2>
*** Using Compiler 'V5.06 update 4 (build 422)', folder: 'D:\MDK5\ARM\ARMCC\Bin'
Build target 'Template'
compiling main.c...
..\HANDWARE\CAMERA\CAMERA.h(9): warning:  #1-D: last line of file ends without a newline
  #endif
..\HANDWARE\CAMERA\CAMERA.h(9): warning:  #1-D: last line of file ends without a newline
  #endif
..\HANDWARE\MOVE\MOVE.h(48): warning:  #1295-D: Deprecated declaration edage - give arg types
  void edage();
..\HANDWARE\CAMERA\CAMERA.h(9): warning:  #1-D: last line of file ends without a newline
  #endif
..\HANDWARE\CAMERA\CAMERA.h(9): warning:  #1-D: last line of file ends without a newline
  #endif
main.c(37): warning:  #9-D: nested comment is not allowed
  /*
main.c(125): warning:  #1-D: last line of file ends without a newline
  }
main.c: 7 warnings, 0 errors
compiling CONTRAL.c...
..\HANDWARE\CAMERA\CAMERA.h(9): warning:  #1-D: last line of file ends without a newline
  #endif
..\HANDWARE\CAMERA\CAMERA.h(9): warning:  #1-D: last line of file ends without a newline
  #endif
..\HANDWARE\MOVE\MOVE.h(48): warning:  #1295-D: Deprecated declaration edage - give arg types
  void edage();
..\HANDWARE\CAMERA\CAMERA.h(9): warning:  #1-D: last line of file ends without a newline
  #endif
..\HANDWARE\CONTRAL\CONTRAL.c(187): warning:  #940-D: missing return statement at end of non-void function "findenemy" 
  }
..\HANDWARE\CONTRAL\CONTRAL.c(47): warning:  #177-D: variable "i"  was declared but never referenced
  	int i;
..\HANDWARE\CONTRAL\CONTRAL.c(406): warning:  #940-D: missing return statement at end of non-void function "Touch" 
  }
..\HANDWARE\CONTRAL\CONTRAL.c(461): warning:  #177-D: variable "i"  was declared but never referenced
  	int i;
..\HANDWARE\CONTRAL\CONTRAL.c(734): warning:  #111-D: statement is unreachable
  				if(mseconds()>5000)	
..\HANDWARE\CONTRAL\CONTRAL.c: 9 warnings, 0 errors
compiling PWM.c...
..\HANDWARE\CAMERA\CAMERA.h(9): warning:  #1-D: last line of file ends without a newline
  #endif
..\HANDWARE\MOVE\MOVE.h(48): warning:  #1295-D: Deprecated declaration edage - give arg types
  void edage();
..\HANDWARE\CAMERA\CAMERA.h(9): warning:  #1-D: last line of file ends without a newline
  #endif
..\HANDWARE\CAMERA\CAMERA.h(9): warning:  #1-D: last line of file ends without a newline
  #endif
..\HANDWARE\PWM\PWM.c: 4 warnings, 0 errors
compiling MOVE.c...
..\HANDWARE\CAMERA\CAMERA.h(9): warning:  #1-D: last line of file ends without a newline
  #endif
..\HANDWARE\MOVE\MOVE.h(48): warning:  #1295-D: Deprecated declaration edage - give arg types
  void edage();
..\HANDWARE\CAMERA\CAMERA.h(9): warning:  #1-D: last line of file ends without a newline
  #endif
..\HANDWARE\CAMERA\CAMERA.h(9): warning:  #1-D: last line of file ends without a newline
  #endif
..\HANDWARE\MOVE\MOVE.c(233): warning:  #940-D: missing return statement at end of non-void function "Black_State" 
  }
..\HANDWARE\MOVE\MOVE.c(307): warning:  #550-D: variable "l"  was set but never used
  	 int l;
..\HANDWARE\MOVE\MOVE.c(323): warning:  #550-D: variable "t"  was set but never used
  	 int t=0;
..\HANDWARE\MOVE\MOVE.c(355): warning:  #550-D: variable "t"  was set but never used
  	 int t=0;
..\HANDWARE\MOVE\MOVE.c: 8 warnings, 0 errors
compiling SENSOR.c...
..\HANDWARE\CAMERA\CAMERA.h(9): warning:  #1-D: last line of file ends without a newline
  #endif
..\HANDWARE\MOVE\MOVE.h(48): warning:  #1295-D: Deprecated declaration edage - give arg types
  void edage();
..\HANDWARE\SENSOR\SENSOR.c: 2 warnings, 0 errors
compiling TIM.c...
..\HANDWARE\CAMERA\CAMERA.h(9): warning:  #1-D: last line of file ends without a newline
  #endif
..\HANDWARE\CAMERA\CAMERA.h(9): warning:  #1-D: last line of file ends without a newline
  #endif
..\HANDWARE\MOVE\MOVE.h(48): warning:  #1295-D: Deprecated declaration edage - give arg types
  void edage();
..\HANDWARE\TIM\TIM.c(273): warning:  #940-D: missing return statement at end of non-void function "huidu_lvbo" 
  }
..\HANDWARE\TIM\TIM.c(323): warning:  #177-D: variable "t"  was declared but never referenced
  	 int t;
..\HANDWARE\TIM\TIM.c: 5 warnings, 0 errors
linking...
Program Size: Code=25444 RO-data=424 RW-data=204 ZI-data=2012  
FromELF: creating hex file...
"..\OBJ\Template.axf" - 0 Error(s), 35 Warning(s).

<h2>Collection of Component include folders:</h2>
  .\RTE\_Template
  D:\MDK5\ARM\PACK\Keil\STM32F4xx_DFP\2.13.0\Drivers\CMSIS\Device\ST\STM32F4xx\Include

<h2>Collection of Component Files used:</h2>
Build Time Elapsed:  00:00:01
</pre>
</body>
</html>
