Component: ARM Compiler 5.06 update 1 (build 61) Tool: armlink [4d35a8]

==============================================================================

Section Cross References

    main.o(.text) refers to misc.o(.text) for NVIC_PriorityGroupConfig
    main.o(.text) refers to stm32f4xx_rcc.o(.text) for RCC_AHB1PeriphClockCmd
    main.o(.text) refers to delay.o(.text) for delay_init
    main.o(.text) refers to key.o(.text) for KEY_Init
    main.o(.text) refers to pwm.o(.text) for PWM_Init
    main.o(.text) refers to sensor.o(.text) for SENSOR_Init
    main.o(.text) refers to camera.o(.text) for USART3_Init
    main.o(.text) refers to beep.o(.text) for BEEP_Init
    main.o(.text) refers to oled.o(.text) for OLED_Init
    main.o(.text) refers to led.o(.text) for LED_Init
    main.o(.text) refers to tim.o(.text) for TIM2_Int_Init
    main.o(.text) refers to contral.o(.text) for Dection
    main.o(.text) refers to move.o(.text) for touch_sensor9
    main.o(.text) refers to main.o(.data) for Key
    main.o(.text) refers to contral.o(.data) for taixia
    system_stm32f4xx.o(.text) refers to system_stm32f4xx.o(.data) for SystemCoreClock
    startup_stm32f40_41xxx.o(STACK) refers (Special) to heapauxi.o(.text) for __use_two_region_memory
    startup_stm32f40_41xxx.o(HEAP) refers (Special) to heapauxi.o(.text) for __use_two_region_memory
    startup_stm32f40_41xxx.o(RESET) refers (Special) to heapauxi.o(.text) for __use_two_region_memory
    startup_stm32f40_41xxx.o(RESET) refers to startup_stm32f40_41xxx.o(STACK) for __initial_sp
    startup_stm32f40_41xxx.o(RESET) refers to startup_stm32f40_41xxx.o(.text) for Reset_Handler
    startup_stm32f40_41xxx.o(RESET) refers to stm32f4xx_it.o(.text) for NMI_Handler
    startup_stm32f40_41xxx.o(RESET) refers to tim.o(.text) for TIM2_IRQHandler
    startup_stm32f40_41xxx.o(RESET) refers to usart.o(.text) for USART1_IRQHandler
    startup_stm32f40_41xxx.o(RESET) refers to camera.o(.text) for USART3_IRQHandler
    startup_stm32f40_41xxx.o(.text) refers (Special) to heapauxi.o(.text) for __use_two_region_memory
    startup_stm32f40_41xxx.o(.text) refers to system_stm32f4xx.o(.text) for SystemInit
    startup_stm32f40_41xxx.o(.text) refers to __main.o(!!!main) for __main
    startup_stm32f40_41xxx.o(.text) refers to startup_stm32f40_41xxx.o(HEAP) for Heap_Mem
    startup_stm32f40_41xxx.o(.text) refers to startup_stm32f40_41xxx.o(STACK) for Stack_Mem
    stm32f4xx_adc.o(.text) refers to stm32f4xx_rcc.o(.text) for RCC_APB2PeriphResetCmd
    stm32f4xx_can.o(.text) refers to stm32f4xx_rcc.o(.text) for RCC_APB1PeriphResetCmd
    stm32f4xx_cryp.o(.text) refers to stm32f4xx_rcc.o(.text) for RCC_AHB2PeriphResetCmd
    stm32f4xx_cryp_aes.o(.text) refers to stm32f4xx_cryp.o(.text) for CRYP_KeyStructInit
    stm32f4xx_cryp_des.o(.text) refers to stm32f4xx_cryp.o(.text) for CRYP_KeyStructInit
    stm32f4xx_cryp_tdes.o(.text) refers to stm32f4xx_cryp.o(.text) for CRYP_KeyStructInit
    stm32f4xx_dac.o(.text) refers to stm32f4xx_rcc.o(.text) for RCC_APB1PeriphResetCmd
    stm32f4xx_dma2d.o(.text) refers to stm32f4xx_rcc.o(.text) for RCC_AHB1PeriphResetCmd
    stm32f4xx_fsmc.o(.text) refers to stm32f4xx_fsmc.o(.constdata) for FSMC_DefaultTimingStruct
    stm32f4xx_gpio.o(.text) refers to stm32f4xx_rcc.o(.text) for RCC_AHB1PeriphResetCmd
    stm32f4xx_hash.o(.text) refers to stm32f4xx_rcc.o(.text) for RCC_AHB2PeriphResetCmd
    stm32f4xx_hash_md5.o(.text) refers to stm32f4xx_hash.o(.text) for HASH_DeInit
    stm32f4xx_hash_sha1.o(.text) refers to stm32f4xx_hash.o(.text) for HASH_DeInit
    stm32f4xx_i2c.o(.text) refers to stm32f4xx_rcc.o(.text) for RCC_APB1PeriphResetCmd
    stm32f4xx_ltdc.o(.text) refers to stm32f4xx_rcc.o(.text) for RCC_APB2PeriphResetCmd
    stm32f4xx_pwr.o(.text) refers to stm32f4xx_rcc.o(.text) for RCC_APB1PeriphResetCmd
    stm32f4xx_rcc.o(.text) refers to stm32f4xx_rcc.o(.data) for APBAHBPrescTable
    stm32f4xx_rng.o(.text) refers to stm32f4xx_rcc.o(.text) for RCC_AHB2PeriphResetCmd
    stm32f4xx_sai.o(.text) refers to stm32f4xx_rcc.o(.text) for RCC_APB2PeriphResetCmd
    stm32f4xx_sdio.o(.text) refers to stm32f4xx_rcc.o(.text) for RCC_APB2PeriphResetCmd
    stm32f4xx_spi.o(.text) refers to stm32f4xx_rcc.o(.text) for RCC_APB2PeriphResetCmd
    stm32f4xx_syscfg.o(.text) refers to stm32f4xx_rcc.o(.text) for RCC_APB2PeriphResetCmd
    stm32f4xx_tim.o(.text) refers to stm32f4xx_rcc.o(.text) for RCC_APB2PeriphResetCmd
    stm32f4xx_usart.o(.text) refers to stm32f4xx_rcc.o(.text) for RCC_APB2PeriphResetCmd
    stm32f4xx_wwdg.o(.text) refers to stm32f4xx_rcc.o(.text) for RCC_APB1PeriphResetCmd
    delay.o(.text) refers to misc.o(.text) for SysTick_CLKSourceConfig
    delay.o(.text) refers to delay.o(.data) for fac_us
    usart.o(.rev16_text) refers (Special) to use_no_semi_2.o(.text) for __use_no_semihosting
    usart.o(.revsh_text) refers (Special) to use_no_semi_2.o(.text) for __use_no_semihosting
[...]
    ..\\FWLIB\\src\\stm32f4xx_syscfg.c       0x00000000   Number         0  stm32f4xx_syscfg.o ABSOLUTE
    ..\\FWLIB\\src\\stm32f4xx_tim.c          0x00000000   Number         0  stm32f4xx_tim.o ABSOLUTE
    ..\\FWLIB\\src\\stm32f4xx_usart.c        0x00000000   Number         0  stm32f4xx_usart.o ABSOLUTE
    ..\\FWLIB\\src\\stm32f4xx_wwdg.c         0x00000000   Number         0  stm32f4xx_wwdg.o ABSOLUTE
    ..\\HANDWARE\\BEEP\\BEEP.c               0x00000000   Number         0  beep.o ABSOLUTE
    ..\\HANDWARE\\CAMERA\\CAMERA.c           0x00000000   Number         0  camera.o ABSOLUTE
    ..\\HANDWARE\\CONTRAL\\CONTRAL.c         0x00000000   Number         0  contral.o ABSOLUTE
    ..\\HANDWARE\\KEY\\KEY.c                 0x00000000   Number         0  key.o ABSOLUTE
    ..\\HANDWARE\\LED\\led.c                 0x00000000   Number         0  led.o ABSOLUTE
    ..\\HANDWARE\\MOVE\\MOVE.c               0x00000000   Number         0  move.o ABSOLUTE
    ..\\HANDWARE\\OLED\\OLED.c               0x00000000   Number         0  oled.o ABSOLUTE
    ..\\HANDWARE\\PWM\\PWM.c                 0x00000000   Number         0  pwm.o ABSOLUTE
    ..\\HANDWARE\\SENSOR\\SENSOR.c           0x00000000   Number         0  sensor.o ABSOLUTE
    ..\\HANDWARE\\TIM\\TIM.c                 0x00000000   Number         0  tim.o ABSOLUTE
    ..\\SYSTEM\\delay\\delay.c               0x00000000   Number         0  delay.o ABSOLUTE
    ..\\SYSTEM\\sys\\sys.c                   0x00000000   Number         0  sys.o ABSOLUTE
    ..\\SYSTEM\\usart\\usart.c               0x00000000   Number         0  usart.o ABSOLUTE
    dc.s                                     0x00000000   Number         0  dc.o ABSOLUTE
    main.c                                   0x00000000   Number         0  main.o ABSOLUTE
    main.c                                   0x00000000   Number         0  main.o ABSOLUTE
    stm32f4xx_it.c                           0x00000000   Number         0  stm32f4xx_it.o ABSOLUTE
    stm32f4xx_it.c                           0x00000000   Number         0  stm32f4xx_it.o ABSOLUTE
    system_stm32f4xx.c                       0x00000000   Number         0  system_stm32f4xx.o ABSOLUTE
    system_stm32f4xx.c                       0x00000000   Number         0  system_stm32f4xx.o ABSOLUTE
    RESET                                    0x08000000   Section      392  startup_stm32f40_41xxx.o(RESET)
    !!!main                                  0x08000188   Section        8  __main.o(!!!main)
    !!!scatter                               0x08000190   Section       52  __scatter.o(!!!scatter)
    !!handler_copy                           0x080001c4   Section       26  __scatter_copy.o(!!handler_copy)
    !!handler_zi                             0x080001e0   Section       28  __scatter_zi.o(!!handler_zi)
    .ARM.Collect$$libinit$$00000000          0x080001fc   Section        2  libinit.o(.ARM.Collect$$libinit$$00000000)
    .ARM.Collect$$libinit$$00000001          0x080001fe   Section        4  libinit2.o(.ARM.Collect$$libinit$$00000001)
    .ARM.Collect$$libinit$$00000004          0x08000202   Section        0  libinit2.o(.ARM.Collect$$libinit$$00000004)
    .ARM.Collect$$libinit$$0000000A          0x08000202   Section        0  libinit2.o(.ARM.Collect$$libinit$$0000000A)
    .ARM.Collect$$libinit$$0000000C          0x08000202   Section        0  libinit2.o(.ARM.Collect$$libinit$$0000000C)
    .ARM.Collect$$libinit$$0000000E          0x08000202   Section        0  libinit2.o(.ARM.Collect$$libinit$$0000000E)
    .ARM.Collect$$libinit$$00000011          0x08000202   Section        0  libinit2.o(.ARM.Collect$$libinit$$00000011)
    .ARM.Collect$$libinit$$00000013          0x08000202   Section        0  libinit2.o(.ARM.Collect$$libinit$$00000013)
    .ARM.Collect$$libinit$$00000015          0x08000202   Section        0  libinit2.o(.ARM.Collect$$libinit$$00000015)
    .ARM.Collect$$libinit$$00000017          0x08000202   Section        0  libinit2.o(.ARM.Collect$$libinit$$00000017)
    .ARM.Collect$$libinit$$00000019          0x08000202   Section        0  libinit2.o(.ARM.Collect$$libinit$$00000019)
    .ARM.Collect$$libinit$$0000001B          0x08000202   Section        0  libinit2.o(.ARM.Collect$$libinit$$0000001B)
    .ARM.Collect$$libinit$$0000001D          0x08000202   Section        0  libinit2.o(.ARM.Collect$$libinit$$0000001D)
    .ARM.Collect$$libinit$$0000001F          0x08000202   Section        0  libinit2.o(.ARM.Collect$$libinit$$0000001F)
    .ARM.Collect$$libinit$$00000021          0x08000202   Section        0  libinit2.o(.ARM.Collect$$libinit$$00000021)
    .ARM.Collect$$libinit$$00000023          0x08000202   Section        0  libinit2.o(.ARM.Collect$$libinit$$00000023)
    .ARM.Collect$$libinit$$00000025          0x08000202   Section        0  libinit2.o(.ARM.Collect$$libinit$$00000025)
    .ARM.Collect$$libinit$$0000002C          0x08000202   Section        0  libinit2.o(.ARM.Collect$$libinit$$0000002C)
    .ARM.Collect$$libinit$$0000002E          0x08000202   Section        0  libinit2.o(.ARM.Collect$$libinit$$0000002E)
    .ARM.Collect$$libinit$$00000030          0x08000202   Section        0  libinit2.o(.ARM.Collect$$libinit$$00000030)
    .ARM.Collect$$libinit$$00000032          0x08000202   Section        0  libinit2.o(.ARM.Collect$$libinit$$00000032)
    .ARM.Collect$$libinit$$00000033          0x08000202   Section        2  libinit2.o(.ARM.Collect$$libinit$$00000033)
    .ARM.Collect$$libshutdown$$00000000      0x08000204   Section        2  libshutdown.o(.ARM.Collect$$libshutdown$$00000000)
    .ARM.Collect$$libshutdown$$00000002      0x08000206   Section        0  libshutdown2.o(.ARM.Collect$$libshutdown$$00000002)
    .ARM.Collect$$libshutdown$$00000004      0x08000206   Section        0  libshutdown2.o(.ARM.Collect$$libshutdown$$00000004)
    .ARM.Collect$$libshutdown$$00000007      0x08000206   Section        0  libshutdown2.o(.ARM.Collect$$libshutdown$$00000007)
    .ARM.Collect$$libshutdown$$0000000A      0x08000206   Section        0  libshutdown2.o(.ARM.Collect$$libshutdown$$0000000A)
    .ARM.Collect$$libshutdown$$0000000C      0x08000206   Section        0  libshutdown2.o(.ARM.Collect$$libshutdown$$0000000C)
    .ARM.Collect$$libshutdown$$0000000F      0x08000206   Section        0  libshutdown2.o(.ARM.Collect$$libshutdown$$0000000F)
    .ARM.Collect$$libshutdown$$00000010      0x08000206   Section        2  libshutdown2.o(.ARM.Collect$$libshutdown$$00000010)
    .ARM.Collect$$rtentry$$00000000          0x08000208   Section        0  __rtentry.o(.ARM.Collect$$rtentry$$00000000)
    .ARM.Collect$$rtentry$$00000002          0x08000208   Section        0  __rtentry2.o(.ARM.Collect$$rtentry$$00000002)
    .ARM.Collect$$rtentry$$00000004          0x08000208   Section        6  __rtentry4.o(.ARM.Collect$$rtentry$$00000004)
    .ARM.Collect$$rtentry$$00000009          0x0800020e   Section        0  __rtentry2.o(.ARM.Collect$$rtentry$$00000009)
    .ARM.Collect$$rtentry$$0000000A          0x0800020e   Section        4  __rtentry2.o(.ARM.Collect$$rtentry$$0000000A)
    .ARM.Collect$$rtentry$$0000000C          0x08000212   Section        0  __rtentry2.o(.ARM.Collect$$rtentry$$0000000C)
    .ARM.Collect$$rtentry$$0000000D          0x08000212   Section        8  __rtentry2.o(.ARM.Collect$$rtentry$$0000000D)
    .ARM.Collect$$rtexit$$00000000           0x0800021a   Section        2  rtexit.o(.ARM.Collect$$rtexit$$00000000)
    .ARM.Collect$$rtexit$$00000002           0x0800021c   Section        0  rtexit2.o(.ARM.Collect$$rtexit$$00000002)
    .ARM.Collect$$rtexit$$00000003           0x0800021c   Section        4  rtexit2.o(.ARM.Collect$$rtexit$$00000003)
    .ARM.Collect$$rtexit$$00000004           0x08000220   Section        6  rtexit2.o(.ARM.Collect$$rtexit$$00000004)
    .text                                    0x08000228   Section        0  main.o(.text)
    .text                                    0x080003d0   Section        0  stm32f4xx_it.o(.text)
    .text                                    0x080003ec   Section        0  system_stm32f4xx.o(.text)
    SetSysClock                              0x080003ed   Thumb Code   220  system_stm32f4xx.o(.text)
    .text                                    0x080005fc   Section       64  startup_stm32f40_41xxx.o(.text)
    $v0                                      0x080005fc   Number         0  startup_stm32f40_41xxx.o(.text)
    .text                                    0x0800063c   Section        0  misc.o(.text)
    .text                                    0x0800071c   Section        0  stm32f4xx_adc.o(.text)
    .text                                    0x08000b80   Section        0  stm32f4xx_dma.o(.text)
    .text                                    0x08000f28   Section        0  stm32f4xx_gpio.o(.text)
    .text                                    0x080011bc   Section        0  stm32f4xx_rcc.o(.text)
    .text                                    0x08001818   Section        0  stm32f4xx_tim.o(.text)
    TI4_Config                               0x08001fb7   Thumb Code    80  stm32f4xx_tim.o(.text)
    TI3_Config                               0x08002019   Thumb Code    72  stm32f4xx_tim.o(.text)
    TI2_Config                               0x0800207b   Thumb Code    90  stm32f4xx_tim.o(.text)
    TI1_Config                               0x080020e7   Thumb Code    58  stm32f4xx_tim.o(.text)
    .text                                    0x080024bc   Section        0  stm32f4xx_usart.o(.text)
    .text                                    0x08002910   Section        0  delay.o(.text)
    .text                                    0x08002a14   Section        0  usart.o(.text)
    .text                                    0x08002b5c   Section        0  camera.o(.text)
    .text                                    0x08002c30   Section        0  contral.o(.text)
    .text                                    0x0800386c   Section        0  oled.o(.text)
    .text                                    0x08004030   Section        0  pwm.o(.text)
    .text                                    0x08004518   Section        0  sensor.o(.text)
    .text                                    0x08004a3c   Section        0  beep.o(.text)
    .text                                    0x08004a84   Section        0  move.o(.text)
    .text                                    0x0800567c   Section        0  tim.o(.text)
    .text                                    0x08005edc   Section        0  key.o(.text)
    .text                                    0x08006008   Section        0  led.o(.text)
    .text                                    0x0800609c   Section        2  use_no_semi_2.o(.text)
    .text                                    0x0800609e   Section        0  heapauxi.o(.text)
    .text                                    0x080060a4   Section        2  use_no_semi.o(.text)
    .text                                    0x080060a6   Section       74  sys_stackheap_outer.o(.text)
    .text                                    0x080060f0   Section        0  exit.o(.text)
    .text                                    0x08006104   Section        8  libspace.o(.text)
    x$fpl$dadd                               0x0800610c   Section      336  daddsub_clz.o(x$fpl$dadd)
    $v0                                      0x0800610c   Number         0  daddsub_clz.o(x$fpl$dadd)
    _dadd1                                   0x0800611d   Thumb Code     0  daddsub_clz.o(x$fpl$dadd)
    x$fpl$dfixu                              0x0800625c   Section       90  dfixu.o(x$fpl$dfixu)
    $v0                                      0x0800625c   Number         0  dfixu.o(x$fpl$dfixu)
    x$fpl$dfltu                              0x080062b6   Section       38  dflt_clz.o(x$fpl$dfltu)
    $v0                                      0x080062b6   Number         0  dflt_clz.o(x$fpl$dfltu)
    x$fpl$dmul                               0x080062dc   Section      340  dmul.o(x$fpl$dmul)
    $v0                                      0x080062dc   Number         0  dmul.o(x$fpl$dmul)
    x$fpl$dnaninf                            0x08006430   Section      156  dnaninf.o(x$fpl$dnaninf)
    $v0                                      0x08006430   Number         0  dnaninf.o(x$fpl$dnaninf)
    x$fpl$dretinf                            0x080064cc   Section       12  dretinf.o(x$fpl$dretinf)
    $v0                                      0x080064cc   Number         0  dretinf.o(x$fpl$dretinf)
    x$fpl$dsub                               0x080064d8   Section      468  daddsub_clz.o(x$fpl$dsub)
    $v0                                      0x080064d8   Number         0  daddsub_clz.o(x$fpl$dsub)
    _dsub1                                   0x080064e9   Thumb Code     0  daddsub_clz.o(x$fpl$dsub)
    x$fpl$fpinit                             0x080066ac   Section       10  fpinit.o(x$fpl$fpinit)
    $v0                                      0x080066ac   Number         0  fpinit.o(x$fpl$fpinit)
    x$fpl$usenofp                            0x080066b6   Section        0  usenofp.o(x$fpl$usenofp)
    .data                                    0x20000000   Section       20  main.o(.data)
    .data                                    0x20000014   Section       20  system_stm32f4xx.o(.data)
    .data                                    0x20000028   Section       16  stm32f4xx_rcc.o(.data)
    APBAHBPrescTable                         0x20000028   Data          16  stm32f4xx_rcc.o(.data)
    .data                                    0x20000038   Section        4  delay.o(.data)
    fac_us                                   0x20000038   Data           1  delay.o(.data)
    fac_ms                                   0x2000003a   Data           2  delay.o(.data)
    .data                                    0x2000003c   Section        6  usart.o(.data)
    .data                                    0x20000044   Section        4  camera.o(.data)
    .data                                    0x20000048   Section       32  contral.o(.data)
    .data                                    0x20000068   Section        4  oled.o(.data)
    .data                                    0x2000006c   Section       16  pwm.o(.data)
    .data                                    0x2000007c   Section        8  move.o(.data)
    .data                                    0x20000084   Section       68  tim.o(.data)
    .data                                    0x200000c8   Section        1  key.o(.data)
    key_up                                   0x200000c8   Data           1  key.o(.data)
    .bss                                     0x200000cc   Section      200  usart.o(.bss)
    .bss                                     0x20000194   Section       96  sensor.o(.bss)
    .bss                                     0x200001f4   Section       82  tim.o(.bss)
    .bss                                     0x20000248   Section       96  libspace.o(.bss)
    HEAP                                     0x200002a8   Section      512  startup_stm32f40_41xxx.o(HEAP)
    Heap_Mem                                 0x200002a8   Data         512  startup_stm32f40_41xxx.o(HEAP)
    STACK                                    0x200004a8   Section     1024  startup_stm32f40_41xxx.o(STACK)
    Stack_Mem                                0x200004a8   Data        1024  startup_stm32f40_41xxx.o(STACK)
    __initial_sp                             0x200008a8   Data           0  startup_stm32f40_41xxx.o(STACK)

    Global Symbols

    Symbol Name                              Value     Ov Type        Size  Object(Section)

    BuildAttributes$$THM_ISAv4$E$P$D$K$B$S$7EM$VFPi3$EXTD16$VFPS$VFMA$PE$A:L22UL41UL21$X:L11$S22US41US21$IEEE1$IW$USESV6$~STKCKD$USESV7$~SHL$OSPACE$ROPI$EBA8$UX$STANDARDLIB$REQ8$PRES8$EABIv2 0x00000000   Number         0  anon$$obj.o ABSOLUTE
    __ARM_use_no_argv                        0x00000000   Number         0  main.o ABSOLUTE
    __ARM_exceptions_init                     - Undefined Weak Reference
    __alloca_initialize                       - Undefined Weak Reference
    __arm_preinit_                            - Undefined Weak Reference
    __cpp_initialize__aeabi_                  - Undefined Weak Reference
    __cxa_finalize                            - Undefined Weak Reference
    __rt_locale                               - Undefined Weak Reference
    __sigvec_lookup                           - Undefined Weak Reference
    _atexit_init                              - Undefined Weak Reference
    _call_atexit_fns                          - Undefined Weak Reference
    _clock_init                               - Undefined Weak Reference
    _fp_trap_init                             - Undefined Weak Reference
    _fp_trap_shutdown                         - Undefined Weak Reference
    _get_lc_collate                           - Undefined Weak Reference
    _get_lc_ctype                             - Undefined Weak Reference
    _get_lc_monetary                          - Undefined Weak Reference
    _get_lc_numeric                           - Undefined Weak Reference
    _get_lc_time                              - Undefined Weak Reference
    _getenv_init                              - Undefined Weak Reference
    _handle_redirection                       - Undefined Weak Reference
    _init_alloc                               - Undefined Weak Reference
    _init_user_alloc                          - Undefined Weak Reference
    _initio                                   - Undefined Weak Reference
    _rand_init                                - Undefined Weak Reference
    _signal_finish                            - Undefined Weak Reference
    _signal_init                              - Undefined Weak Reference
    _terminate_alloc                          - Undefined Weak Reference
    _terminate_user_alloc                     - Undefined Weak Reference
    _terminateio                              - Undefined Weak Reference
    __Vectors_Size                           0x00000188   Number         0  startup_stm32f40_41xxx.o ABSOLUTE
    __Vectors                                0x08000000   Data           4  startup_stm32f40_41xxx.o(RESET)
    __Vectors_End                            0x08000188   Data           0  startup_stm32f40_41xxx.o(RESET)
    __main                                   0x08000189   Thumb Code     8  __main.o(!!!main)
    __scatterload                            0x08000191   Thumb Code     0  __scatter.o(!!!scatter)
    __scatterload_rt2                        0x08000191   Thumb Code    44  __scatter.o(!!!scatter)
    __scatterload_rt2_thumb_only             0x08000191   Thumb Code     0  __scatter.o(!!!scatter)
    __scatterload_null                       0x0800019f   Thumb Code     0  __scatter.o(!!!scatter)
    __scatterload_copy                       0x080001c5   Thumb Code    26  __scatter_copy.o(!!handler_copy)
    __scatterload_zeroinit                   0x080001e1   Thumb Code    28  __scatter_zi.o(!!handler_zi)
    __rt_lib_init                            0x080001fd   Thumb Code     0  libinit.o(.ARM.Collect$$libinit$$00000000)
    __rt_lib_init_fp_1                       0x080001ff   Thumb Code     0  libinit2.o(.ARM.Collect$$libinit$$00000001)
    __rt_lib_init_alloca_1                   0x08000203   Thumb Code     0  libinit2.o(.ARM.Collect$$libinit$$0000002E)
    __rt_lib_init_argv_1                     0x08000203   Thumb Code     0  libinit2.o(.ARM.Collect$$libinit$$0000002C)
    __rt_lib_init_atexit_1                   0x08000203   Thumb Code     0  libinit2.o(.ARM.Collect$$libinit$$0000001B)
    __rt_lib_init_clock_1                    0x08000203   Thumb Code     0  libinit2.o(.ARM.Collect$$libinit$$00000021)
    __rt_lib_init_cpp_1                      0x08000203   Thumb Code     0  libinit2.o(.ARM.Collect$$libinit$$00000032)
    __rt_lib_init_exceptions_1               0x08000203   Thumb Code     0  libinit2.o(.ARM.Collect$$libinit$$00000030)
    __rt_lib_init_fp_trap_1                  0x08000203   Thumb Code     0  libinit2.o(.ARM.Collect$$libinit$$0000001F)
    __rt_lib_init_getenv_1                   0x08000203   Thumb Code     0  libinit2.o(.ARM.Collect$$libinit$$00000023)
    __rt_lib_init_heap_1                     0x08000203   Thumb Code     0  libinit2.o(.ARM.Collect$$libinit$$0000000A)
    __rt_lib_init_lc_collate_1               0x08000203   Thumb Code     0  libinit2.o(.ARM.Collect$$libinit$$00000011)
    __rt_lib_init_lc_ctype_1                 0x08000203   Thumb Code     0  libinit2.o(.ARM.Collect$$libinit$$00000013)
    __rt_lib_init_lc_monetary_1              0x08000203   Thumb Code     0  libinit2.o(.ARM.Collect$$libinit$$00000015)
    __rt_lib_init_lc_numeric_1               0x08000203   Thumb Code     0  libinit2.o(.ARM.Collect$$libinit$$00000017)
    __rt_lib_init_lc_time_1                  0x08000203   Thumb Code     0  libinit2.o(.ARM.Collect$$libinit$$00000019)
    __rt_lib_init_preinit_1                  0x08000203   Thumb Code     0  libinit2.o(.ARM.Collect$$libinit$$00000004)
    __rt_lib_init_rand_1                     0x08000203   Thumb Code     0  libinit2.o(.ARM.Collect$$libinit$$0000000E)
    __rt_lib_init_return                     0x08000203   Thumb Code     0  libinit2.o(.ARM.Collect$$libinit$$00000033)
    __rt_lib_init_signal_1                   0x08000203   Thumb Code     0  libinit2.o(.ARM.Collect$$libinit$$0000001D)
    __rt_lib_init_stdio_1                    0x08000203   Thumb Code     0  libinit2.o(.ARM.Collect$$libinit$$00000025)
    __rt_lib_init_user_alloc_1               0x08000203   Thumb Code     0  libinit2.o(.ARM.Collect$$libinit$$0000000C)
    __rt_lib_shutdown                        0x08000205   Thumb Code     0  libshutdown.o(.ARM.Collect$$libshutdown$$00000000)
    __rt_lib_shutdown_cpp_1                  0x08000207   Thumb Code     0  libshutdown2.o(.ARM.Collect$$libshutdown$$00000002)
    __rt_lib_shutdown_fp_trap_1              0x08000207   Thumb Code     0  libshutdown2.o(.ARM.Collect$$libshutdown$$00000007)
    __rt_lib_shutdown_heap_1                 0x08000207   Thumb Code     0  libshutdown2.o(.ARM.Collect$$libshutdown$$0000000F)
    __rt_lib_shutdown_return                 0x08000207   Thumb Code     0  libshutdown2.o(.ARM.Collect$$libshutdown$$00000010)
    __rt_lib_shutdown_signal_1               0x08000207   Thumb Code     0  libshutdown2.o(.ARM.Collect$$libshutdown$$0000000A)
    __rt_lib_shutdown_stdio_1                0x08000207   Thumb Code     0  libshutdown2.o(.ARM.Collect$$libshutdown$$00000004)
    __rt_lib_shutdown_user_alloc_1           0x08000207   Thumb Code     0  libshutdown2.o(.ARM.Collect$$libshutdown$$0000000C)
    __rt_entry                               0x08000209   Thumb Code     0  __rtentry.o(.ARM.Collect$$rtentry$$00000000)
    __rt_entry_presh_1                       0x08000209   Thumb Code     0  __rtentry2.o(.ARM.Collect$$rtentry$$00000002)
    __rt_entry_sh                            0x08000209   Thumb Code     0  __rtentry4.o(.ARM.Collect$$rtentry$$00000004)
    __rt_entry_li                            0x0800020f   Thumb Code     0  __rtentry2.o(.ARM.Collect$$rtentry$$0000000A)
    __rt_entry_postsh_1                      0x0800020f   Thumb Code     0  __rtentry2.o(.ARM.Collect$$rtentry$$00000009)
    __rt_entry_main                          0x08000213   Thumb Code     0  __rtentry2.o(.ARM.Collect$$rtentry$$0000000D)
    __rt_entry_postli_1                      0x08000213   Thumb Code     0  __rtentry2.o(.ARM.Collect$$rtentry$$0000000C)
    __rt_exit                                0x0800021b   Thumb Code     0  rtexit.o(.ARM.Collect$$rtexit$$00000000)
    __rt_exit_ls                             0x0800021d   Thumb Code     0  rtexit2.o(.ARM.Collect$$rtexit$$00000003)
    __rt_exit_prels_1                        0x0800021d   Thumb Code     0  rtexit2.o(.ARM.Collect$$rtexit$$00000002)
    __rt_exit_exit                           0x08000221   Thumb Code     0  rtexit2.o(.ARM.Collect$$rtexit$$00000004)
    Car_Init                                 0x08000229   Thumb Code   146  main.o(.text)
    main                                     0x080002bb   Thumb Code   180  main.o(.text)
    NMI_Handler                              0x080003d1   Thumb Code     2  stm32f4xx_it.o(.text)
    HardFault_Handler                        0x080003d3   Thumb Code     4  stm32f4xx_it.o(.text)
    MemManage_Handler                        0x080003d7   Thumb Code     4  stm32f4xx_it.o(.text)
    BusFault_Handler                         0x080003db   Thumb Code     4  stm32f4xx_it.o(.text)
    UsageFault_Handler                       0x080003df   Thumb Code     4  stm32f4xx_it.o(.text)
    SVC_Handler                              0x080003e3   Thumb Code     2  stm32f4xx_it.o(.text)
    DebugMon_Handler                         0x080003e5   Thumb Code     2  stm32f4xx_it.o(.text)
    PendSV_Handler                           0x080003e7   Thumb Code     2  stm32f4xx_it.o(.text)
    SysTick_Handler                          0x080003e9   Thumb Code     2  stm32f4xx_it.o(.text)
    SystemInit                               0x080004c9   Thumb Code    88  system_stm32f4xx.o(.text)
    SystemCoreClockUpdate                    0x08000521   Thumb Code   174  system_stm32f4xx.o(.text)
    Reset_Handler                            0x080005fd   Thumb Code     8  startup_stm32f40_41xxx.o(.text)
    ADC_IRQHandler                           0x08000617   Thumb Code     0  startup_stm32f40_41xxx.o(.text)
    CAN1_RX0_IRQHandler                      0x08000617   Thumb Code     0  startup_stm32f40_41xxx.o(.text)
    CAN1_RX1_IRQHandler                      0x08000617   Thumb Code     0  startup_stm32f40_41xxx.o(.text)
    CAN1_SCE_IRQHandler                      0x08000617   Thumb Code     0  startup_stm32f40_41xxx.o(.text)
    CAN1_TX_IRQHandler                       0x08000617   Thumb Code     0  startup_stm32f40_41xxx.o(.text)
    CAN2_RX0_IRQHandler                      0x08000617   Thumb Code     0  startup_stm32f40_41xxx.o(.text)
    CAN2_RX1_IRQHandler                      0x08000617   Thumb Code     0  startup_stm32f40_41xxx.o(.text)
    CAN2_SCE_IRQHandler                      0x08000617   Thumb Code     0  startup_stm32f40_41xxx.o(.text)
    CAN2_TX_IRQHandler                       0x08000617   Thumb Code     0  startup_stm32f40_41xxx.o(.text)
    CRYP_IRQHandler                          0x08000617   Thumb Code     0  startup_stm32f40_41xxx.o(.text)
    DCMI_IRQHandler                          0x08000617   Thumb Code     0  startup_stm32f40_41xxx.o(.text)
    DMA1_Stream0_IRQHandler                  0x08000617   Thumb Code     0  startup_stm32f40_41xxx.o(.text)
    DMA1_Stream1_IRQHandler                  0x08000617   Thumb Code     0  startup_stm32f40_41xxx.o(.text)
    DMA1_Stream2_IRQHandler                  0x08000617   Thumb Code     0  startup_stm32f40_41xxx.o(.text)
    DMA1_Stream3_IRQHandler                  0x08000617   Thumb Code     0  startup_stm32f40_41xxx.o(.text)
    DMA1_Stream4_IRQHandler                  0x08000617   Thumb Code     0  startup_stm32f40_41xxx.o(.text)
    DMA1_Stream5_IRQHandler                  0x08000617   Thumb Code     0  startup_stm32f40_41xxx.o(.text)
    DMA1_Stream6_IRQHandler                  0x08000617   Thumb Code     0  startup_stm32f40_41xxx.o(.text)
    DMA1_Stream7_IRQHandler                  0x08000617   Thumb Code     0  startup_stm32f40_41xxx.o(.text)
    DMA2_Stream0_IRQHandler                  0x08000617   Thumb Code     0  startup_stm32f40_41xxx.o(.text)
    DMA2_Stream1_IRQHandler                  0x08000617   Thumb Code     0  startup_stm32f40_41xxx.o(.text)
    DMA2_Stream2_IRQHandler                  0x08000617   Thumb Code     0  startup_stm32f40_41xxx.o(.text)
    DMA2_Stream3_IRQHandler                  0x08000617   Thumb Code     0  startup_stm32f40_41xxx.o(.text)
    DMA2_Stream4_IRQHandler                  0x08000617   Thumb Code     0  startup_stm32f40_41xxx.o(.text)
    DMA2_Stream5_IRQHandler                  0x08000617   Thumb Code     0  startup_stm32f40_41xxx.o(.text)
    DMA2_Stream6_IRQHandler                  0x08000617   Thumb Code     0  startup_stm32f40_41xxx.o(.text)
    DMA2_Stream7_IRQHandler                  0x08000617   Thumb Code     0  startup_stm32f40_41xxx.o(.text)
    ETH_IRQHandler                           0x08000617   Thumb Code     0  startup_stm32f40_41xxx.o(.text)
    ETH_WKUP_IRQHandler                      0x08000617   Thumb Code     0  startup_stm32f40_41xxx.o(.text)
    EXTI0_IRQHandler                         0x08000617   Thumb Code     0  startup_stm32f40_41xxx.o(.text)
    EXTI15_10_IRQHandler                     0x08000617   Thumb Code     0  startup_stm32f40_41xxx.o(.text)
    EXTI1_IRQHandler                         0x08000617   Thumb Code     0  startup_stm32f40_41xxx.o(.text)
    EXTI2_IRQHandler                         0x08000617   Thumb Code     0  startup_stm32f40_41xxx.o(.text)
    EXTI3_IRQHandler                         0x08000617   Thumb Code     0  startup_stm32f40_41xxx.o(.text)
    EXTI4_IRQHandler                         0x08000617   Thumb Code     0  startup_stm32f40_41xxx.o(.text)
    EXTI9_5_IRQHandler                       0x08000617   Thumb Code     0  startup_stm32f40_41xxx.o(.text)
    FLASH_IRQHandler                         0x08000617   Thumb Code     0  startup_stm32f40_41xxx.o(.text)
    FPU_IRQHandler                           0x08000617   Thumb Code     0  startup_stm32f40_41xxx.o(.text)
    FSMC_IRQHandler                          0x08000617   Thumb Code     0  startup_stm32f40_41xxx.o(.text)
    HASH_RNG_IRQHandler                      0x08000617   Thumb Code     0  startup_stm32f40_41xxx.o(.text)
    I2C1_ER_IRQHandler                       0x08000617   Thumb Code     0  startup_stm32f40_41xxx.o(.text)
    I2C1_EV_IRQHandler                       0x08000617   Thumb Code     0  startup_stm32f40_41xxx.o(.text)
    I2C2_ER_IRQHandler                       0x08000617   Thumb Code     0  startup_stm32f40_41xxx.o(.text)
    I2C2_EV_IRQHandler                       0x08000617   Thumb Code     0  startup_stm32f40_41xxx.o(.text)
    I2C3_ER_IRQHandler                       0x08000617   Thumb Code     0  startup_stm32f40_41xxx.o(.text)
    I2C3_EV_IRQHandler                       0x08000617   Thumb Code     0  startup_stm32f40_41xxx.o(.text)
    OTG_FS_IRQHandler                        0x08000617   Thumb Code     0  startup_stm32f40_41xxx.o(.text)
    OTG_FS_WKUP_IRQHandler                   0x08000617   Thumb Code     0  startup_stm32f40_41xxx.o(.text)
    OTG_HS_EP1_IN_IRQHandler                 0x08000617   Thumb Code     0  startup_stm32f40_41xxx.o(.text)
    OTG_HS_EP1_OUT_IRQHandler                0x08000617   Thumb Code     0  startup_stm32f40_41xxx.o(.text)
    OTG_HS_IRQHandler                        0x08000617   Thumb Code     0  startup_stm32f40_41xxx.o(.text)
    OTG_HS_WKUP_IRQHandler                   0x08000617   Thumb Code     0  startup_stm32f40_41xxx.o(.text)
    PVD_IRQHandler                           0x08000617   Thumb Code     0  startup_stm32f40_41xxx.o(.text)
    RCC_IRQHandler                           0x08000617   Thumb Code     0  startup_stm32f40_41xxx.o(.text)
    RTC_Alarm_IRQHandler                     0x08000617   Thumb Code     0  startup_stm32f40_41xxx.o(.text)
    RTC_WKUP_IRQHandler                      0x08000617   Thumb Code     0  startup_stm32f40_41xxx.o(.text)
    SDIO_IRQHandler                          0x08000617   Thumb Code     0  startup_stm32f40_41xxx.o(.text)
    SPI1_IRQHandler                          0x08000617   Thumb Code     0  startup_stm32f40_41xxx.o(.text)
    SPI2_IRQHandler                          0x08000617   Thumb Code     0  startup_stm32f40_41xxx.o(.text)
    SPI3_IRQHandler                          0x08000617   Thumb Code     0  startup_stm32f40_41xxx.o(.text)
    TAMP_STAMP_IRQHandler                    0x08000617   Thumb Code     0  startup_stm32f40_41xxx.o(.text)
    TIM1_BRK_TIM9_IRQHandler                 0x08000617   Thumb Code     0  startup_stm32f40_41xxx.o(.text)
    TIM1_CC_IRQHandler                       0x08000617   Thumb Code     0  startup_stm32f40_41xxx.o(.text)
    TIM1_TRG_COM_TIM11_IRQHandler            0x08000617   Thumb Code     0  startup_stm32f40_41xxx.o(.text)
    TIM1_UP_TIM10_IRQHandler                 0x08000617   Thumb Code     0  startup_stm32f40_41xxx.o(.text)
    TIM3_IRQHandler                          0x08000617   Thumb Code     0  startup_stm32f40_41xxx.o(.text)
    TIM4_IRQHandler                          0x08000617   Thumb Code     0  startup_stm32f40_41xxx.o(.text)
    TIM6_DAC_IRQHandler                      0x08000617   Thumb Code     0  startup_stm32f40_41xxx.o(.text)
    TIM7_IRQHandler                          0x08000617   Thumb Code     0  startup_stm32f40_41xxx.o(.text)
    TIM8_BRK_TIM12_IRQHandler                0x08000617   Thumb Code     0  startup_stm32f40_41xxx.o(.text)
    TIM8_CC_IRQHandler                       0x08000617   Thumb Code     0  startup_stm32f40_41xxx.o(.text)
    TIM8_TRG_COM_TIM14_IRQHandler            0x08000617   Thumb Code     0  startup_stm32f40_41xxx.o(.text)
    TIM8_UP_TIM13_IRQHandler                 0x08000617   Thumb Code     0  startup_stm32f40_41xxx.o(.text)
    UART4_IRQHandler                         0x08000617   Thumb Code     0  startup_stm32f40_41xxx.o(.text)
    UART5_IRQHandler                         0x08000617   Thumb Code     0  startup_stm32f40_41xxx.o(.text)
    USART2_IRQHandler                        0x08000617   Thumb Code     0  startup_stm32f40_41xxx.o(.text)
    USART6_IRQHandler                        0x08000617   Thumb Code     0  startup_stm32f40_41xxx.o(.text)
    WWDG_IRQHandler                          0x08000617   Thumb Code     0  startup_stm32f40_41xxx.o(.text)
    __user_initial_stackheap                 0x08000619   Thumb Code     0  startup_stm32f40_41xxx.o(.text)
    NVIC_PriorityGroupConfig                 0x0800063d   Thumb Code    10  misc.o(.text)
    NVIC_Init                                0x08000647   Thumb Code   106  misc.o(.text)
    NVIC_SetVectorTable                      0x080006b1   Thumb Code    14  misc.o(.text)
    NVIC_SystemLPConfig                      0x080006bf   Thumb Code    34  misc.o(.text)
    SysTick_CLKSourceConfig                  0x080006e1   Thumb Code    40  misc.o(.text)
    ADC_DeInit                               0x0800071d   Thumb Code    22  stm32f4xx_adc.o(.text)
    ADC_Init                                 0x08000733   Thumb Code    74  stm32f4xx_adc.o(.text)
    ADC_StructInit                           0x0800077d   Thumb Code    20  stm32f4xx_adc.o(.text)
    ADC_CommonInit                           0x08000791   Thumb Code    34  stm32f4xx_adc.o(.text)
    ADC_CommonStructInit                     0x080007b3   Thumb Code    12  stm32f4xx_adc.o(.text)
    ADC_Cmd                                  0x080007bf   Thumb Code    22  stm32f4xx_adc.o(.text)
    ADC_AnalogWatchdogCmd                    0x080007d5   Thumb Code    16  stm32f4xx_adc.o(.text)
    ADC_AnalogWatchdogThresholdsConfig       0x080007e5   Thumb Code     6  stm32f4xx_adc.o(.text)
    ADC_AnalogWatchdogSingleChannelConfig    0x080007eb   Thumb Code    16  stm32f4xx_adc.o(.text)
    ADC_TempSensorVrefintCmd                 0x080007fb   Thumb Code    34  stm32f4xx_adc.o(.text)
    ADC_VBATCmd                              0x0800081d   Thumb Code    34  stm32f4xx_adc.o(.text)
    ADC_RegularChannelConfig                 0x0800083f   Thumb Code   184  stm32f4xx_adc.o(.text)
    ADC_SoftwareStartConv                    0x080008f7   Thumb Code    10  stm32f4xx_adc.o(.text)
    ADC_GetSoftwareStartConvStatus           0x08000901   Thumb Code    20  stm32f4xx_adc.o(.text)
    ADC_EOCOnEachRegularChannelCmd           0x08000915   Thumb Code    22  stm32f4xx_adc.o(.text)
    ADC_ContinuousModeCmd                    0x0800092b   Thumb Code    22  stm32f4xx_adc.o(.text)
    ADC_DiscModeChannelCountConfig           0x08000941   Thumb Code    24  stm32f4xx_adc.o(.text)
    ADC_DiscModeCmd                          0x08000959   Thumb Code    22  stm32f4xx_adc.o(.text)
    ADC_GetConversionValue                   0x0800096f   Thumb Code     8  stm32f4xx_adc.o(.text)
    ADC_GetMultiModeConversionValue          0x08000977   Thumb Code     8  stm32f4xx_adc.o(.text)
    ADC_DMACmd                               0x0800097f   Thumb Code    22  stm32f4xx_adc.o(.text)
    ADC_DMARequestAfterLastTransferCmd       0x08000995   Thumb Code    22  stm32f4xx_adc.o(.text)
    ADC_MultiModeDMARequestAfterLastTransferCmd 0x080009ab   Thumb Code    34  stm32f4xx_adc.o(.text)
    ADC_InjectedChannelConfig                0x080009cd   Thumb Code   130  stm32f4xx_adc.o(.text)
    ADC_InjectedSequencerLengthConfig        0x08000a4f   Thumb Code    24  stm32f4xx_adc.o(.text)
    ADC_SetInjectedOffset                    0x08000a67   Thumb Code    20  stm32f4xx_adc.o(.text)
    ADC_ExternalTrigInjectedConvConfig       0x08000a7b   Thumb Code    16  stm32f4xx_adc.o(.text)
    ADC_ExternalTrigInjectedConvEdgeConfig   0x08000a8b   Thumb Code    16  stm32f4xx_adc.o(.text)
    ADC_SoftwareStartInjectedConv            0x08000a9b   Thumb Code    10  stm32f4xx_adc.o(.text)
    ADC_GetSoftwareStartInjectedConvCmdStatus 0x08000aa5   Thumb Code    20  stm32f4xx_adc.o(.text)
    ADC_AutoInjectedConvCmd                  0x08000ab9   Thumb Code    22  stm32f4xx_adc.o(.text)
    ADC_InjectedDiscModeCmd                  0x08000acf   Thumb Code    22  stm32f4xx_adc.o(.text)
    ADC_GetInjectedConversionValue           0x08000ae5   Thumb Code    28  stm32f4xx_adc.o(.text)
    ADC_ITConfig                             0x08000b01   Thumb Code    56  stm32f4xx_adc.o(.text)
    ADC_GetFlagStatus                        0x08000b39   Thumb Code    18  stm32f4xx_adc.o(.text)
    ADC_ClearFlag                            0x08000b4b   Thumb Code     6  stm32f4xx_adc.o(.text)
    ADC_GetITStatus                          0x08000b51   Thumb Code    38  stm32f4xx_adc.o(.text)
    ADC_ClearITPendingBit                    0x08000b77   Thumb Code    10  stm32f4xx_adc.o(.text)
    DMA_DeInit                               0x08000b81   Thumb Code   324  stm32f4xx_dma.o(.text)
    DMA_Init                                 0x08000cc5   Thumb Code    82  stm32f4xx_dma.o(.text)
    DMA_StructInit                           0x08000d17   Thumb Code    34  stm32f4xx_dma.o(.text)
    DMA_Cmd                                  0x08000d39   Thumb Code    22  stm32f4xx_dma.o(.text)
    DMA_PeriphIncOffsetSizeConfig            0x08000d4f   Thumb Code    22  stm32f4xx_dma.o(.text)
    DMA_FlowControllerConfig                 0x08000d65   Thumb Code    22  stm32f4xx_dma.o(.text)
    DMA_SetCurrDataCounter                   0x08000d7b   Thumb Code     4  stm32f4xx_dma.o(.text)
    DMA_GetCurrDataCounter                   0x08000d7f   Thumb Code     8  stm32f4xx_dma.o(.text)
    DMA_DoubleBufferModeConfig               0x08000d87   Thumb Code    24  stm32f4xx_dma.o(.text)
    DMA_DoubleBufferModeCmd                  0x08000d9f   Thumb Code    22  stm32f4xx_dma.o(.text)
    DMA_MemoryTargetConfig                   0x08000db5   Thumb Code    10  stm32f4xx_dma.o(.text)
    DMA_GetCurrentMemoryTarget               0x08000dbf   Thumb Code    20  stm32f4xx_dma.o(.text)
    DMA_GetCmdStatus                         0x08000dd3   Thumb Code    20  stm32f4xx_dma.o(.text)
    DMA_GetFIFOStatus                        0x08000de7   Thumb Code    12  stm32f4xx_dma.o(.text)
    DMA_GetFlagStatus                        0x08000df3   Thumb Code    56  stm32f4xx_dma.o(.text)
    DMA_ClearFlag                            0x08000e2b   Thumb Code    40  stm32f4xx_dma.o(.text)
    DMA_ITConfig                             0x08000e53   Thumb Code    58  stm32f4xx_dma.o(.text)
    DMA_GetITStatus                          0x08000e8d   Thumb Code    84  stm32f4xx_dma.o(.text)
    DMA_ClearITPendingBit                    0x08000ee1   Thumb Code    40  stm32f4xx_dma.o(.text)
    GPIO_DeInit                              0x08000f29   Thumb Code   268  stm32f4xx_gpio.o(.text)
    GPIO_Init                                0x08001035   Thumb Code   144  stm32f4xx_gpio.o(.text)
    GPIO_StructInit                          0x080010c5   Thumb Code    18  stm32f4xx_gpio.o(.text)
    GPIO_PinLockConfig                       0x080010d7   Thumb Code    34  stm32f4xx_gpio.o(.text)
    GPIO_ReadInputDataBit                    0x080010f9   Thumb Code    18  stm32f4xx_gpio.o(.text)
    GPIO_ReadInputData                       0x0800110b   Thumb Code     8  stm32f4xx_gpio.o(.text)
    GPIO_ReadOutputDataBit                   0x08001113   Thumb Code    18  stm32f4xx_gpio.o(.text)
    GPIO_ReadOutputData                      0x08001125   Thumb Code     8  stm32f4xx_gpio.o(.text)
    GPIO_SetBits                             0x0800112d   Thumb Code     4  stm32f4xx_gpio.o(.text)
    GPIO_ResetBits                           0x08001131   Thumb Code     4  stm32f4xx_gpio.o(.text)
    GPIO_WriteBit                            0x08001135   Thumb Code    10  stm32f4xx_gpio.o(.text)
    GPIO_Write                               0x0800113f   Thumb Code     4  stm32f4xx_gpio.o(.text)
    GPIO_ToggleBits                          0x08001143   Thumb Code     8  stm32f4xx_gpio.o(.text)
    GPIO_PinAFConfig                         0x0800114b   Thumb Code    70  stm32f4xx_gpio.o(.text)
    RCC_DeInit                               0x080011bd   Thumb Code    82  stm32f4xx_rcc.o(.text)
    RCC_HSEConfig                            0x0800120f   Thumb Code    14  stm32f4xx_rcc.o(.text)
    RCC_GetFlagStatus                        0x0800121d   Thumb Code    60  stm32f4xx_rcc.o(.text)
    RCC_WaitForHSEStartUp                    0x08001259   Thumb Code    56  stm32f4xx_rcc.o(.text)
    RCC_AdjustHSICalibrationValue            0x08001291   Thumb Code    20  stm32f4xx_rcc.o(.text)
    RCC_HSICmd                               0x080012a5   Thumb Code     6  stm32f4xx_rcc.o(.text)
    RCC_LSEConfig                            0x080012ab   Thumb Code    46  stm32f4xx_rcc.o(.text)
    RCC_LSICmd                               0x080012d9   Thumb Code     6  stm32f4xx_rcc.o(.text)
    RCC_PLLConfig                            0x080012df   Thumb Code    32  stm32f4xx_rcc.o(.text)
    RCC_PLLCmd                               0x080012ff   Thumb Code     6  stm32f4xx_rcc.o(.text)
    RCC_PLLI2SConfig                         0x08001305   Thumb Code    14  stm32f4xx_rcc.o(.text)
    RCC_PLLI2SCmd                            0x08001313   Thumb Code     6  stm32f4xx_rcc.o(.text)
    RCC_PLLSAIConfig                         0x08001319   Thumb Code    20  stm32f4xx_rcc.o(.text)
    RCC_PLLSAICmd                            0x0800132d   Thumb Code     6  stm32f4xx_rcc.o(.text)
    RCC_ClockSecuritySystemCmd               0x08001333   Thumb Code     6  stm32f4xx_rcc.o(.text)
    RCC_MCO1Config                           0x08001339   Thumb Code    28  stm32f4xx_rcc.o(.text)
    RCC_MCO2Config                           0x08001355   Thumb Code    28  stm32f4xx_rcc.o(.text)
    RCC_SYSCLKConfig                         0x08001371   Thumb Code    20  stm32f4xx_rcc.o(.text)
    RCC_GetSYSCLKSource                      0x08001385   Thumb Code    12  stm32f4xx_rcc.o(.text)
    RCC_HCLKConfig                           0x08001391   Thumb Code    20  stm32f4xx_rcc.o(.text)
    RCC_PCLK1Config                          0x080013a5   Thumb Code    20  stm32f4xx_rcc.o(.text)
    RCC_PCLK2Config                          0x080013b9   Thumb Code    22  stm32f4xx_rcc.o(.text)
    RCC_GetClocksFreq                        0x080013cf   Thumb Code   222  stm32f4xx_rcc.o(.text)
    RCC_RTCCLKConfig                         0x080014ad   Thumb Code    54  stm32f4xx_rcc.o(.text)
    RCC_RTCCLKCmd                            0x080014e3   Thumb Code     8  stm32f4xx_rcc.o(.text)
    RCC_BackupResetCmd                       0x080014eb   Thumb Code     8  stm32f4xx_rcc.o(.text)
    RCC_I2SCLKConfig                         0x080014f3   Thumb Code     6  stm32f4xx_rcc.o(.text)
    RCC_SAIPLLI2SClkDivConfig                0x080014f9   Thumb Code    26  stm32f4xx_rcc.o(.text)
    RCC_SAIPLLSAIClkDivConfig                0x08001513   Thumb Code    28  stm32f4xx_rcc.o(.text)
    RCC_SAIBlockACLKConfig                   0x0800152f   Thumb Code    20  stm32f4xx_rcc.o(.text)
    RCC_SAIBlockBCLKConfig                   0x08001543   Thumb Code    20  stm32f4xx_rcc.o(.text)
    RCC_LTDCCLKDivConfig                     0x08001557   Thumb Code    20  stm32f4xx_rcc.o(.text)
    RCC_TIMCLKPresConfig                     0x0800156b   Thumb Code     6  stm32f4xx_rcc.o(.text)
    RCC_AHB1PeriphClockCmd                   0x08001571   Thumb Code    34  stm32f4xx_rcc.o(.text)
    RCC_AHB2PeriphClockCmd                   0x08001593   Thumb Code    78  stm32f4xx_rcc.o(.text)
    RCC_AHB3PeriphClockCmd                   0x080015e1   Thumb Code    34  stm32f4xx_rcc.o(.text)
    RCC_APB1PeriphClockCmd                   0x08001603   Thumb Code    34  stm32f4xx_rcc.o(.text)
    RCC_APB2PeriphClockCmd                   0x08001625   Thumb Code    34  stm32f4xx_rcc.o(.text)
    RCC_AHB1PeriphResetCmd                   0x08001647   Thumb Code    34  stm32f4xx_rcc.o(.text)
    RCC_AHB2PeriphResetCmd                   0x08001669   Thumb Code    34  stm32f4xx_rcc.o(.text)
    RCC_AHB3PeriphResetCmd                   0x0800168b   Thumb Code    34  stm32f4xx_rcc.o(.text)
    RCC_APB1PeriphResetCmd                   0x080016ad   Thumb Code    34  stm32f4xx_rcc.o(.text)
    RCC_APB2PeriphResetCmd                   0x080016cf   Thumb Code    34  stm32f4xx_rcc.o(.text)
    RCC_AHB1PeriphClockLPModeCmd             0x080016f1   Thumb Code    34  stm32f4xx_rcc.o(.text)
    RCC_AHB2PeriphClockLPModeCmd             0x08001713   Thumb Code    34  stm32f4xx_rcc.o(.text)
    RCC_AHB3PeriphClockLPModeCmd             0x08001735   Thumb Code    34  stm32f4xx_rcc.o(.text)
    RCC_APB1PeriphClockLPModeCmd             0x08001757   Thumb Code    34  stm32f4xx_rcc.o(.text)
    RCC_APB2PeriphClockLPModeCmd             0x08001779   Thumb Code    34  stm32f4xx_rcc.o(.text)
    RCC_LSEModeConfig                        0x0800179b   Thumb Code    40  stm32f4xx_rcc.o(.text)
    RCC_ITConfig                             0x080017c3   Thumb Code    34  stm32f4xx_rcc.o(.text)
    RCC_ClearFlag                            0x080017e5   Thumb Code    18  stm32f4xx_rcc.o(.text)
    RCC_GetITStatus                          0x080017f7   Thumb Code    22  stm32f4xx_rcc.o(.text)
    RCC_ClearITPendingBit                    0x0800180d   Thumb Code     8  stm32f4xx_rcc.o(.text)
    TIM_DeInit                               0x08001819   Thumb Code   346  stm32f4xx_tim.o(.text)
    TIM_TimeBaseInit                         0x08001973   Thumb Code   104  stm32f4xx_tim.o(.text)
    TIM_TimeBaseStructInit                   0x080019db   Thumb Code    18  stm32f4xx_tim.o(.text)
    TIM_PrescalerConfig                      0x080019ed   Thumb Code     6  stm32f4xx_tim.o(.text)
    TIM_CounterModeConfig                    0x080019f3   Thumb Code    18  stm32f4xx_tim.o(.text)
    TIM_SetCounter                           0x08001a05   Thumb Code     4  stm32f4xx_tim.o(.text)
    TIM_SetAutoreload                        0x08001a09   Thumb Code     4  stm32f4xx_tim.o(.text)
    TIM_GetCounter                           0x08001a0d   Thumb Code     6  stm32f4xx_tim.o(.text)
    TIM_GetPrescaler                         0x08001a13   Thumb Code     6  stm32f4xx_tim.o(.text)
    TIM_UpdateDisableConfig                  0x08001a19   Thumb Code    24  stm32f4xx_tim.o(.text)
    TIM_UpdateRequestConfig                  0x08001a31   Thumb Code    24  stm32f4xx_tim.o(.text)
    TIM_ARRPreloadConfig                     0x08001a49   Thumb Code    24  stm32f4xx_tim.o(.text)
    TIM_SelectOnePulseMode                   0x08001a61   Thumb Code    18  stm32f4xx_tim.o(.text)
    TIM_SetClockDivision                     0x08001a73   Thumb Code    18  stm32f4xx_tim.o(.text)
    TIM_Cmd                                  0x08001a85   Thumb Code    24  stm32f4xx_tim.o(.text)
    TIM_OC1Init                              0x08001a9d   Thumb Code   114  stm32f4xx_tim.o(.text)
    TIM_OC2Init                              0x08001b0f   Thumb Code   154  stm32f4xx_tim.o(.text)
    TIM_OC3Init                              0x08001ba9   Thumb Code   204  stm32f4xx_tim.o(.text)
    TIM_OC4Init                              0x08001c75   Thumb Code   112  stm32f4xx_tim.o(.text)
    TIM_OCStructInit                         0x08001ce5   Thumb Code    20  stm32f4xx_tim.o(.text)
    TIM_SelectOCxM                           0x08001cf9   Thumb Code    86  stm32f4xx_tim.o(.text)
    TIM_SetCompare1                          0x08001d4f   Thumb Code     4  stm32f4xx_tim.o(.text)
    TIM_SetCompare2                          0x08001d53   Thumb Code     4  stm32f4xx_tim.o(.text)
    TIM_SetCompare3                          0x08001d57   Thumb Code     4  stm32f4xx_tim.o(.text)
    TIM_SetCompare4                          0x08001d5b   Thumb Code     4  stm32f4xx_tim.o(.text)
    TIM_ForcedOC1Config                      0x08001d5f   Thumb Code    18  stm32f4xx_tim.o(.text)
    TIM_ForcedOC2Config                      0x08001d71   Thumb Code    26  stm32f4xx_tim.o(.text)
    TIM_ForcedOC3Config                      0x08001d8b   Thumb Code    18  stm32f4xx_tim.o(.text)
    TIM_ForcedOC4Config                      0x08001d9d   Thumb Code    26  stm32f4xx_tim.o(.text)
    TIM_OC1PreloadConfig                     0x08001db7   Thumb Code    18  stm32f4xx_tim.o(.text)
    TIM_OC2PreloadConfig                     0x08001dc9   Thumb Code    26  stm32f4xx_tim.o(.text)
    TIM_OC3PreloadConfig                     0x08001de3   Thumb Code    18  stm32f4xx_tim.o(.text)
    TIM_OC4PreloadConfig                     0x08001df5   Thumb Code    26  stm32f4xx_tim.o(.text)
    TIM_OC1FastConfig                        0x08001e0f   Thumb Code    18  stm32f4xx_tim.o(.text)
    TIM_OC2FastConfig                        0x08001e21   Thumb Code    26  stm32f4xx_tim.o(.text)
    TIM_OC3FastConfig                        0x08001e3b   Thumb Code    18  stm32f4xx_tim.o(.text)
    TIM_OC4FastConfig                        0x08001e4d   Thumb Code    26  stm32f4xx_tim.o(.text)
    TIM_ClearOC1Ref                          0x08001e67   Thumb Code    18  stm32f4xx_tim.o(.text)
    TIM_ClearOC2Ref                          0x08001e79   Thumb Code    24  stm32f4xx_tim.o(.text)
    TIM_ClearOC3Ref                          0x08001e91   Thumb Code    18  stm32f4xx_tim.o(.text)
    TIM_ClearOC4Ref                          0x08001ea3   Thumb Code    24  stm32f4xx_tim.o(.text)
    TIM_OC1PolarityConfig                    0x08001ebb   Thumb Code    18  stm32f4xx_tim.o(.text)
    TIM_OC1NPolarityConfig                   0x08001ecd   Thumb Code    18  stm32f4xx_tim.o(.text)
    TIM_OC2PolarityConfig                    0x08001edf   Thumb Code    26  stm32f4xx_tim.o(.text)
    TIM_OC2NPolarityConfig                   0x08001ef9   Thumb Code    26  stm32f4xx_tim.o(.text)
    TIM_OC3PolarityConfig                    0x08001f13   Thumb Code    26  stm32f4xx_tim.o(.text)
    TIM_OC3NPolarityConfig                   0x08001f2d   Thumb Code    26  stm32f4xx_tim.o(.text)
    TIM_OC4PolarityConfig                    0x08001f47   Thumb Code    26  stm32f4xx_tim.o(.text)
    TIM_CCxCmd                               0x08001f61   Thumb Code    30  stm32f4xx_tim.o(.text)
    TIM_CCxNCmd                              0x08001f7f   Thumb Code    30  stm32f4xx_tim.o(.text)
    TIM_SetIC4Prescaler                      0x08001f9d   Thumb Code    26  stm32f4xx_tim.o(.text)
    TIM_SetIC3Prescaler                      0x08002007   Thumb Code    18  stm32f4xx_tim.o(.text)
    TIM_SetIC2Prescaler                      0x08002061   Thumb Code    26  stm32f4xx_tim.o(.text)
    TIM_SetIC1Prescaler                      0x080020d5   Thumb Code    18  stm32f4xx_tim.o(.text)
    TIM_ICInit                               0x08002121   Thumb Code   110  stm32f4xx_tim.o(.text)
    TIM_ICStructInit                         0x0800218f   Thumb Code    18  stm32f4xx_tim.o(.text)
    TIM_PWMIConfig                           0x080021a1   Thumb Code   124  stm32f4xx_tim.o(.text)
    TIM_GetCapture1                          0x0800221d   Thumb Code     6  stm32f4xx_tim.o(.text)
    TIM_GetCapture2                          0x08002223   Thumb Code     6  stm32f4xx_tim.o(.text)
    TIM_GetCapture3                          0x08002229   Thumb Code     6  stm32f4xx_tim.o(.text)
    TIM_GetCapture4                          0x0800222f   Thumb Code     6  stm32f4xx_tim.o(.text)
    TIM_BDTRConfig                           0x08002235   Thumb Code    32  stm32f4xx_tim.o(.text)
    TIM_BDTRStructInit                       0x08002255   Thumb Code    18  stm32f4xx_tim.o(.text)
    TIM_CtrlPWMOutputs                       0x08002267   Thumb Code    30  stm32f4xx_tim.o(.text)
    TIM_SelectCOM                            0x08002285   Thumb Code    24  stm32f4xx_tim.o(.text)
    TIM_CCPreloadControl                     0x0800229d   Thumb Code    24  stm32f4xx_tim.o(.text)
    TIM_ITConfig                             0x080022b5   Thumb Code    18  stm32f4xx_tim.o(.text)
    TIM_GenerateEvent                        0x080022c7   Thumb Code     4  stm32f4xx_tim.o(.text)
    TIM_GetFlagStatus                        0x080022cb   Thumb Code    18  stm32f4xx_tim.o(.text)
    TIM_ClearFlag                            0x080022dd   Thumb Code     6  stm32f4xx_tim.o(.text)
    TIM_GetITStatus                          0x080022e3   Thumb Code    34  stm32f4xx_tim.o(.text)
    TIM_ClearITPendingBit                    0x08002305   Thumb Code     6  stm32f4xx_tim.o(.text)
    TIM_DMAConfig                            0x0800230b   Thumb Code    10  stm32f4xx_tim.o(.text)
    TIM_DMACmd                               0x08002315   Thumb Code    18  stm32f4xx_tim.o(.text)
    TIM_SelectCCDMA                          0x08002327   Thumb Code    24  stm32f4xx_tim.o(.text)
    TIM_InternalClockConfig                  0x0800233f   Thumb Code    12  stm32f4xx_tim.o(.text)
    TIM_SelectInputTrigger                   0x0800234b   Thumb Code    18  stm32f4xx_tim.o(.text)
    TIM_ITRxExternalClockConfig              0x0800235d   Thumb Code    24  stm32f4xx_tim.o(.text)
    TIM_TIxExternalClockConfig               0x08002375   Thumb Code    62  stm32f4xx_tim.o(.text)
    TIM_ETRConfig                            0x080023b3   Thumb Code    28  stm32f4xx_tim.o(.text)
    TIM_ETRClockMode1Config                  0x080023cf   Thumb Code    54  stm32f4xx_tim.o(.text)
    TIM_ETRClockMode2Config                  0x08002405   Thumb Code    32  stm32f4xx_tim.o(.text)
    TIM_SelectOutputTrigger                  0x08002425   Thumb Code    18  stm32f4xx_tim.o(.text)
    TIM_SelectSlaveMode                      0x08002437   Thumb Code    18  stm32f4xx_tim.o(.text)
    TIM_SelectMasterSlaveMode                0x08002449   Thumb Code    18  stm32f4xx_tim.o(.text)
    TIM_EncoderInterfaceConfig               0x0800245b   Thumb Code    66  stm32f4xx_tim.o(.text)
    TIM_SelectHallSensor                     0x0800249d   Thumb Code    24  stm32f4xx_tim.o(.text)
    TIM_RemapConfig                          0x080024b5   Thumb Code     6  stm32f4xx_tim.o(.text)
    USART_DeInit                             0x080024bd   Thumb Code   206  stm32f4xx_usart.o(.text)
    USART_Init                               0x0800258b   Thumb Code   204  stm32f4xx_usart.o(.text)
    USART_StructInit                         0x08002657   Thumb Code    24  stm32f4xx_usart.o(.text)
    USART_ClockInit                          0x0800266f   Thumb Code    32  stm32f4xx_usart.o(.text)
    USART_ClockStructInit                    0x0800268f   Thumb Code    12  stm32f4xx_usart.o(.text)
    USART_Cmd                                0x0800269b   Thumb Code    24  stm32f4xx_usart.o(.text)
    USART_SetPrescaler                       0x080026b3   Thumb Code    16  stm32f4xx_usart.o(.text)
    USART_OverSampling8Cmd                   0x080026c3   Thumb Code    22  stm32f4xx_usart.o(.text)
    USART_OneBitMethodCmd                    0x080026d9   Thumb Code    24  stm32f4xx_usart.o(.text)
    USART_SendData                           0x080026f1   Thumb Code     8  stm32f4xx_usart.o(.text)
    USART_ReceiveData                        0x080026f9   Thumb Code    10  stm32f4xx_usart.o(.text)
    USART_SetAddress                         0x08002703   Thumb Code    18  stm32f4xx_usart.o(.text)
    USART_ReceiverWakeUpCmd                  0x08002715   Thumb Code    24  stm32f4xx_usart.o(.text)
    USART_WakeUpConfig                       0x0800272d   Thumb Code    18  stm32f4xx_usart.o(.text)
    USART_LINBreakDetectLengthConfig         0x0800273f   Thumb Code    18  stm32f4xx_usart.o(.text)
    USART_LINCmd                             0x08002751   Thumb Code    24  stm32f4xx_usart.o(.text)
    USART_SendBreak                          0x08002769   Thumb Code    10  stm32f4xx_usart.o(.text)
    USART_HalfDuplexCmd                      0x08002773   Thumb Code    24  stm32f4xx_usart.o(.text)
    USART_SetGuardTime                       0x0800278b   Thumb Code    16  stm32f4xx_usart.o(.text)
    USART_SmartCardCmd                       0x0800279b   Thumb Code    24  stm32f4xx_usart.o(.text)
    USART_SmartCardNACKCmd                   0x080027b3   Thumb Code    24  stm32f4xx_usart.o(.text)
    USART_IrDAConfig                         0x080027cb   Thumb Code    18  stm32f4xx_usart.o(.text)
    USART_IrDACmd                            0x080027dd   Thumb Code    24  stm32f4xx_usart.o(.text)
    USART_DMACmd                             0x080027f5   Thumb Code    18  stm32f4xx_usart.o(.text)
    USART_ITConfig                           0x08002807   Thumb Code    74  stm32f4xx_usart.o(.text)
    USART_GetFlagStatus                      0x08002851   Thumb Code    26  stm32f4xx_usart.o(.text)
    USART_ClearFlag                          0x0800286b   Thumb Code    18  stm32f4xx_usart.o(.text)
    USART_GetITStatus                        0x0800287d   Thumb Code   118  stm32f4xx_usart.o(.text)
    USART_ClearITPendingBit                  0x080028f3   Thumb Code    30  stm32f4xx_usart.o(.text)
    delay_init                               0x08002911   Thumb Code    52  delay.o(.text)
    delay_us                                 0x08002945   Thumb Code    72  delay.o(.text)
    delay_xms                                0x0800298d   Thumb Code    72  delay.o(.text)
    delay_ms                                 0x080029d5   Thumb Code    56  delay.o(.text)
    _sys_exit                                0x08002a15   Thumb Code     4  usart.o(.text)
    fputc                                    0x08002a19   Thumb Code    22  usart.o(.text)
    uart_init                                0x08002a2f   Thumb Code   164  usart.o(.text)
    USART1_IRQHandler                        0x08002ad3   Thumb Code   122  usart.o(.text)
    USART3_Init                              0x08002b5d   Thumb Code   172  camera.o(.text)
    USART3_IRQHandler                        0x08002c09   Thumb Code    26  camera.o(.text)
    cameradectet                             0x08002c23   Thumb Code     2  camera.o(.text)
    Dection                                  0x08002c31   Thumb Code    68  contral.o(.text)
    findenemy                                0x08002c75   Thumb Code   646  contral.o(.text)
    maxDistance                              0x08002efb   Thumb Code   120  contral.o(.text)
    Touch                                    0x08002f73   Thumb Code    52  contral.o(.text)
    motor_test                               0x08002fa7   Thumb Code   344  contral.o(.text)
    test                                     0x080030ff   Thumb Code   628  contral.o(.text)
    start_feedback                           0x08003373   Thumb Code    42  contral.o(.text)
    enemynumber                              0x0800339d   Thumb Code    32  contral.o(.text)
    fangxiangflage                           0x080033bd   Thumb Code    60  contral.o(.text)
    select_fall                              0x080033f9   Thumb Code    84  contral.o(.text)
    detection_taixia_direction               0x0800344d   Thumb Code  1030  contral.o(.text)
    OLED_WR_Byte                             0x0800386d   Thumb Code    98  oled.o(.text)
    OLED_ColorTurn                           0x080038cf   Thumb Code    28  oled.o(.text)
    OLED_DisplayTurn                         0x080038eb   Thumb Code    44  oled.o(.text)
    clear_screen                             0x08003917   Thumb Code    62  oled.o(.text)
    OLED_address                             0x08003955   Thumb Code    40  oled.o(.text)
    OLED_Display_128x64                      0x0800397d   Thumb Code    48  oled.o(.text)
    OLED_Display_16x16                       0x080039ad   Thumb Code    66  oled.o(.text)
    OLED_Display_8x16                        0x080039ef   Thumb Code    58  oled.o(.text)
    OLED_Display_5x7                         0x08003a29   Thumb Code    44  oled.o(.text)
    Send_Command_to_ROM                      0x08003a55   Thumb Code    62  oled.o(.text)
    Get_data_from_ROM                        0x08003a93   Thumb Code    56  oled.o(.text)
    OLED_get_data_from_ROM                   0x08003acb   Thumb Code    88  oled.o(.text)
    OLED_Display_GB2312_string               0x08003b23   Thumb Code   382  oled.o(.text)
    OLED_Display_string_5x7                  0x08003ca1   Thumb Code   126  oled.o(.text)
    OLED_ShowNum                             0x08003d1f   Thumb Code   246  oled.o(.text)
    OLED_Init                                0x08003e15   Thumb Code   324  oled.o(.text)
    display_GB2312_u16                       0x08003f59   Thumb Code   110  oled.o(.text)
    display_GB2312_u1                        0x08003fc7   Thumb Code    44  oled.o(.text)
    TIM3_PWM_Init                            0x08004031   Thumb Code   276  pwm.o(.text)
    TIM4_PWM_Init                            0x08004145   Thumb Code   276  pwm.o(.text)
    init_servos                              0x08004259   Thumb Code    30  pwm.o(.text)
    PWM_Init                                 0x08004277   Thumb Code    30  pwm.o(.text)
    motor                                    0x08004295   Thumb Code   198  pwm.o(.text)
    allmotor                                 0x0800435b   Thumb Code    48  pwm.o(.text)
    GoodMoto                                 0x0800438b   Thumb Code   206  pwm.o(.text)
    stop                                     0x08004459   Thumb Code    16  pwm.o(.text)
    off                                      0x08004469   Thumb Code    64  pwm.o(.text)
    servos                                   0x080044a9   Thumb Code   106  pwm.o(.text)
    SENSOR_Init                              0x08004519   Thumb Code   536  sensor.o(.text)
    filter                                   0x08004731   Thumb Code   112  sensor.o(.text)
    analog                                   0x080047a1   Thumb Code   110  sensor.o(.text)
    digital                                  0x0800480f   Thumb Code   542  sensor.o(.text)
    BEEP_Init                                0x08004a3d   Thumb Code    52  beep.o(.text)
    beep                                     0x08004a71   Thumb Code     8  beep.o(.text)
    beepoff                                  0x08004a79   Thumb Code     8  beep.o(.text)
    abs_my                                   0x08004a85   Thumb Code    14  move.o(.text)
    touch_sensor9                            0x08004a93   Thumb Code    42  move.o(.text)
    back_S90                                 0x08004abd   Thumb Code    42  move.o(.text)
    up_stage                                 0x08004ae7   Thumb Code    74  move.o(.text)
    back_S45                                 0x08004b31   Thumb Code    40  move.o(.text)
    up_stage1                                0x08004b59   Thumb Code    42  move.o(.text)
    ContinueAttack                           0x08004b83   Thumb Code   116  move.o(.text)
    attack                                   0x08004bf7   Thumb Code   196  move.o(.text)
    edge_spin                                0x08004cbb   Thumb Code    34  move.o(.text)
    forward_stop                             0x08004cdd   Thumb Code    42  move.o(.text)
    back_N90                                 0x08004d07   Thumb Code    44  move.o(.text)
    edage                                    0x08004d33   Thumb Code   104  move.o(.text)
    back_2N45                                0x08004d9b   Thumb Code    42  move.o(.text)
    averageAI                                0x08004dc5   Thumb Code    36  move.o(.text)
    minAIvalue                               0x08004de9   Thumb Code    58  move.o(.text)
    back_2180                                0x08004e23   Thumb Code    46  move.o(.text)
    maxAI                                    0x08004e51   Thumb Code    60  move.o(.text)
    pavetocentral                            0x08004e8d   Thumb Code   264  move.o(.text)
    forward2                                 0x08004f95   Thumb Code    44  move.o(.text)
    back2                                    0x08004fc1   Thumb Code    40  move.o(.text)
    trackchannel                             0x08004fe9   Thumb Code   640  move.o(.text)
    minAI                                    0x08005269   Thumb Code    60  move.o(.text)
    maxAIvalue                               0x080052a5   Thumb Code    58  move.o(.text)
    forward                                  0x080052df   Thumb Code    44  move.o(.text)
    back                                     0x0800530b   Thumb Code    40  move.o(.text)
    forward_2stop                            0x08005333   Thumb Code    44  move.o(.text)
    back_N60                                 0x0800535f   Thumb Code    44  move.o(.text)
    back_S60                                 0x0800538b   Thumb Code    48  move.o(.text)
    back_N45                                 0x080053bb   Thumb Code    42  move.o(.text)
    back_2S45                                0x080053e5   Thumb Code    40  move.o(.text)
    back_180                                 0x0800540d   Thumb Code    46  move.o(.text)
    continue_attack                          0x0800543b   Thumb Code   258  move.o(.text)
    attack1                                  0x0800553d   Thumb Code   310  move.o(.text)
    weibuduiqijiance                         0x0800567d   Thumb Code    80  tim.o(.text)
    qianfangenemy                            0x080056cd   Thumb Code    36  tim.o(.text)
    taixiajiance                             0x080056f1   Thumb Code   216  tim.o(.text)
    TIM2_Int_Init                            0x080057c9   Thumb Code    78  tim.o(.text)
    TIM5_Int_Init                            0x08005817   Thumb Code    86  tim.o(.text)
    start_time                               0x0800586d   Thumb Code    22  tim.o(.text)
    mseconds                                 0x08005883   Thumb Code     6  tim.o(.text)
    seconds                                  0x08005889   Thumb Code     6  tim.o(.text)
    getseconds                               0x0800588f   Thumb Code    20  tim.o(.text)
    stop_time                                0x080058a3   Thumb Code    14  tim.o(.text)
    reset_time                               0x080058b1   Thumb Code    12  tim.o(.text)
    beep_time                                0x080058bd   Thumb Code    12  tim.o(.text)
    beep_stop                                0x080058c9   Thumb Code    12  tim.o(.text)
    start_time_1                             0x080058d5   Thumb Code    22  tim.o(.text)
    mseconds_1                               0x080058eb   Thumb Code     6  tim.o(.text)
    seconds_1                                0x080058f1   Thumb Code     6  tim.o(.text)
    getseconds_1                             0x080058f7   Thumb Code    20  tim.o(.text)
    stop_time_1                              0x0800590b   Thumb Code    12  tim.o(.text)
    reset_time_1                             0x08005917   Thumb Code    12  tim.o(.text)
    TIM2_IRQHandler                          0x08005923   Thumb Code    54  tim.o(.text)
    huidu_lvbo                               0x08005959   Thumb Code   518  tim.o(.text)
    TIM5_IRQHandler                          0x08005b5f   Thumb Code   792  tim.o(.text)
    KEY_Init                                 0x08005edd   Thumb Code   128  key.o(.text)
    KEY_Scan                                 0x08005f5d   Thumb Code   134  key.o(.text)
    LED_Init                                 0x08006009   Thumb Code   100  led.o(.text)
    led_on                                   0x0800606d   Thumb Code     8  led.o(.text)
    led_off                                  0x08006075   Thumb Code     8  led.o(.text)
    emagnet_off                              0x0800607d   Thumb Code     8  led.o(.text)
    emagnet_on                               0x08006085   Thumb Code     8  led.o(.text)
    __use_no_semihosting                     0x0800609d   Thumb Code     2  use_no_semi_2.o(.text)
    __use_two_region_memory                  0x0800609f   Thumb Code     2  heapauxi.o(.text)
    __rt_heap_escrow$2region                 0x080060a1   Thumb Code     2  heapauxi.o(.text)
    __rt_heap_expand$2region                 0x080060a3   Thumb Code     2  heapauxi.o(.text)
    __I$use$semihosting                      0x080060a5   Thumb Code     0  use_no_semi.o(.text)
    __use_no_semihosting_swi                 0x080060a5   Thumb Code     2  use_no_semi.o(.text)
    __user_setup_stackheap                   0x080060a7   Thumb Code    74  sys_stackheap_outer.o(.text)
    exit                                     0x080060f1   Thumb Code    18  exit.o(.text)
    __user_libspace                          0x08006105   Thumb Code     8  libspace.o(.text)
    __user_perproc_libspace                  0x08006105   Thumb Code     0  libspace.o(.text)
    __user_perthread_libspace                0x08006105   Thumb Code     0  libspace.o(.text)
    __aeabi_dadd                             0x0800610d   Thumb Code     0  daddsub_clz.o(x$fpl$dadd)
    _dadd                                    0x0800610d   Thumb Code   332  daddsub_clz.o(x$fpl$dadd)
    __aeabi_d2uiz                            0x0800625d   Thumb Code     0  dfixu.o(x$fpl$dfixu)
    _dfixu                                   0x0800625d   Thumb Code    90  dfixu.o(x$fpl$dfixu)
    __aeabi_ui2d                             0x080062b7   Thumb Code     0  dflt_clz.o(x$fpl$dfltu)
    _dfltu                                   0x080062b7   Thumb Code    38  dflt_clz.o(x$fpl$dfltu)
    __aeabi_dmul                             0x080062dd   Thumb Code     0  dmul.o(x$fpl$dmul)
    _dmul                                    0x080062dd   Thumb Code   332  dmul.o(x$fpl$dmul)
    __fpl_dnaninf                            0x08006431   Thumb Code   156  dnaninf.o(x$fpl$dnaninf)
    __fpl_dretinf                            0x080064cd   Thumb Code    12  dretinf.o(x$fpl$dretinf)
    __aeabi_dsub                             0x080064d9   Thumb Code     0  daddsub_clz.o(x$fpl$dsub)
    _dsub                                    0x080064d9   Thumb Code   464  daddsub_clz.o(x$fpl$dsub)
    _fp_init                                 0x080066ad   Thumb Code    10  fpinit.o(x$fpl$fpinit)
    __fplib_config_fpu_vfp                   0x080066b5   Thumb Code     0  fpinit.o(x$fpl$fpinit)
    __fplib_config_pureend_doubles           0x080066b5   Thumb Code     0  fpinit.o(x$fpl$fpinit)
    __I$use$fp                               0x080066b6   Number         0  usenofp.o(x$fpl$usenofp)
    Region$$Table$$Base                      0x080066b8   Number         0  anon$$obj.o(Region$$Table)
    Region$$Table$$Limit                     0x080066d8   Number         0  anon$$obj.o(Region$$Table)
    Key                                      0x20000000   Data           1  main.o(.data)
    Key_Temp                                 0x20000001   Data           1  main.o(.data)
    temp                                     0x20000004   Data           4  main.o(.data)
    t                                        0x20000008   Data           4  main.o(.data)
    i                                        0x2000000c   Data           4  main.o(.data)
    n                                        0x20000010   Data           4  main.o(.data)
    SystemCoreClock                          0x20000014   Data           4  system_stm32f4xx.o(.data)
    AHBPrescTable                            0x20000018   Data          16  system_stm32f4xx.o(.data)
    __stdout                                 0x2000003c   Data           4  usart.o(.data)
    USART_RX_STA                             0x20000040   Data           2  usart.o(.data)
    receive                                  0x20000044   Data           4  camera.o(.data)
    DIREN                                    0x20000048   Data           4  contral.o(.data)
    attck_speed                              0x2000004c   Data           4  contral.o(.data)
    drcjz                                    0x20000050   Data           4  contral.o(.data)
    taixia                                   0x20000054   Data           4  contral.o(.data)
    qiangjiao                                0x20000058   Data           4  contral.o(.data)
    tt                                       0x2000005c   Data           1  contral.o(.data)
    HUANGFANGflag                            0x20000060   Data           4  contral.o(.data)
    LANFANGflag                              0x20000064   Data           4  contral.o(.data)
    fontaddr                                 0x20000068   Data           4  oled.o(.data)
    Ls1                                      0x2000006c   Data           4  pwm.o(.data)
    Rs1                                      0x20000070   Data           4  pwm.o(.data)
    Ls                                       0x20000074   Data           4  pwm.o(.data)
    Rs                                       0x20000078   Data           4  pwm.o(.data)
    flag_1                                   0x2000007c   Data           1  move.o(.data)
    m                                        0x20000080   Data           4  move.o(.data)
    count_ms_0                               0x20000084   Data           2  tim.o(.data)
    count_s_0                                0x20000086   Data           2  tim.o(.data)
    count_ms_1                               0x20000088   Data           2  tim.o(.data)
    count_s_1                                0x2000008a   Data           2  tim.o(.data)
    beep_label                               0x2000008c   Data           1  tim.o(.data)
    beep_ms                                  0x2000008e   Data           2  tim.o(.data)
    j                                        0x20000090   Data           4  tim.o(.data)
    weibuduiqi1                              0x20000094   Data           4  tim.o(.data)
    qiangjiao1                               0x20000098   Data           4  tim.o(.data)
    qianfangenemy1                           0x2000009c   Data           4  tim.o(.data)
    position                                 0x200000a0   Data           4  tim.o(.data)
    yjdrz                                    0x200000a4   Data           4  tim.o(.data)
    HUI0                                     0x200000a8   Data           2  tim.o(.data)
    HUI1                                     0x200000aa   Data           2  tim.o(.data)
    HUI2                                     0x200000ac   Data           2  tim.o(.data)
    HUI3                                     0x200000ae   Data           2  tim.o(.data)
    HUI4                                     0x200000b0   Data           2  tim.o(.data)
    ceju5                                    0x200000b2   Data           2  tim.o(.data)
    ceju6                                    0x200000b4   Data           2  tim.o(.data)
    ceju7                                    0x200000b6   Data           2  tim.o(.data)
    ceju8                                    0x200000b8   Data           2  tim.o(.data)
    ceju9                                    0x200000ba   Data           2  tim.o(.data)
    ceju10                                   0x200000bc   Data           2  tim.o(.data)
    ceju11                                   0x200000be   Data           2  tim.o(.data)
    ceju12                                   0x200000c0   Data           2  tim.o(.data)
    ceju13                                   0x200000c2   Data           2  tim.o(.data)
    ceju14                                   0x200000c4   Data           2  tim.o(.data)
    ceju15                                   0x200000c6   Data           2  tim.o(.data)
    USART_RX_BUF                             0x200000cc   Data         200  usart.o(.bss)
    AD_Value                                 0x20000194   Data          32  sensor.o(.bss)
    After_filter                             0x200001b4   Data          32  sensor.o(.bss)
    last_filter                              0x200001d4   Data          32  sensor.o(.bss)
    ad1                                      0x200001f4   Data          32  tim.o(.bss)
    hui0                                     0x20000214   Data          10  tim.o(.bss)
    hui1                                     0x2000021e   Data          10  tim.o(.bss)
    hui2                                     0x20000228   Data          10  tim.o(.bss)
    hui3                                     0x20000232   Data          10  tim.o(.bss)
    hui4                                     0x2000023c   Data          10  tim.o(.bss)
    __libspace_start                         0x20000248   Data          96  libspace.o(.bss)
    __temporary_stack_top$libspace           0x200002a8   Data           0  libspace.o(.bss)



==============================================================================

Memory Map of the image

  Image Entry point : 0x08000189

  Load Region LR_IROM1 (Base: 0x08000000, Size: 0x000067a4, Max: 0x00080000, ABSOLUTE)

    Execution Region ER_IROM1 (Base: 0x08000000, Size: 0x000066d8, Max: 0x00080000, ABSOLUTE)

    Base Addr    Size         Type   Attr      Idx    E Section Name        Object

    0x08000000   0x00000188   Data   RO          231    RESET               startup_stm32f40_41xxx.o
    0x08000188   0x00000008   Code   RO         1310  * !!!main             c_w.l(__main.o)
    0x08000190   0x00000034   Code   RO         1488    !!!scatter          c_w.l(__scatter.o)
    0x080001c4   0x0000001a   Code   RO         1490    !!handler_copy      c_w.l(__scatter_copy.o)
    0x080001de   0x00000002   PAD
    0x080001e0   0x0000001c   Code   RO         1492    !!handler_zi        c_w.l(__scatter_zi.o)
    0x080001fc   0x00000002   Code   RO         1362    .ARM.Collect$$libinit$$00000000  c_w.l(libinit.o)
    0x080001fe   0x00000004   Code   RO         1368    .ARM.Collect$$libinit$$00000001  c_w.l(libinit2.o)
    0x08000202   0x00000000   Code   RO         1371    .ARM.Collect$$libinit$$00000004  c_w.l(libinit2.o)
    0x08000202   0x00000000   Code   RO         1374    .ARM.Collect$$libinit$$0000000A  c_w.l(libinit2.o)
    0x08000202   0x00000000   Code   RO         1376    .ARM.Collect$$libinit$$0000000C  c_w.l(libinit2.o)
    0x08000202   0x00000000   Code   RO         1378    .ARM.Collect$$libinit$$0000000E  c_w.l(libinit2.o)
    0x08000202   0x00000000   Code   RO         1381    .ARM.Collect$$libinit$$00000011  c_w.l(libinit2.o)
    0x08000202   0x00000000   Code   RO         1383    .ARM.Collect$$libinit$$00000013  c_w.l(libinit2.o)
    0x08000202   0x00000000   Code   RO         1385    .ARM.Collect$$libinit$$00000015  c_w.l(libinit2.o)
    0x08000202   0x00000000   Code   RO         1387    .ARM.Collect$$libinit$$00000017  c_w.l(libinit2.o)
    0x08000202   0x00000000   Code   RO         1389    .ARM.Collect$$libinit$$00000019  c_w.l(libinit2.o)
    0x08000202   0x00000000   Code   RO         1391    .ARM.Collect$$libinit$$0000001B  c_w.l(libinit2.o)
    0x08000202   0x00000000   Code   RO         1393    .ARM.Collect$$libinit$$0000001D  c_w.l(libinit2.o)
    0x08000202   0x00000000   Code   RO         1395    .ARM.Collect$$libinit$$0000001F  c_w.l(libinit2.o)
    0x08000202   0x00000000   Code   RO         1397    .ARM.Collect$$libinit$$00000021  c_w.l(libinit2.o)
    0x08000202   0x00000000   Code   RO         1399    .ARM.Collect$$libinit$$00000023  c_w.l(libinit2.o)
    0x08000202   0x00000000   Code   RO         1401    .ARM.Collect$$libinit$$00000025  c_w.l(libinit2.o)
    0x08000202   0x00000000   Code   RO         1405    .ARM.Collect$$libinit$$0000002C  c_w.l(libinit2.o)
    0x08000202   0x00000000   Code   RO         1407    .ARM.Collect$$libinit$$0000002E  c_w.l(libinit2.o)
    0x08000202   0x00000000   Code   RO         1409    .ARM.Collect$$libinit$$00000030  c_w.l(libinit2.o)
    0x08000202   0x00000000   Code   RO         1411    .ARM.Collect$$libinit$$00000032  c_w.l(libinit2.o)
    0x08000202   0x00000002   Code   RO         1412    .ARM.Collect$$libinit$$00000033  c_w.l(libinit2.o)
    0x08000204   0x00000002   Code   RO         1430    .ARM.Collect$$libshutdown$$00000000  c_w.l(libshutdown.o)
    0x08000206   0x00000000   Code   RO         1440    .ARM.Collect$$libshutdown$$00000002  c_w.l(libshutdown2.o)
    0x08000206   0x00000000   Code   RO         1442    .ARM.Collect$$libshutdown$$00000004  c_w.l(libshutdown2.o)
    0x08000206   0x00000000   Code   RO         1445    .ARM.Collect$$libshutdown$$00000007  c_w.l(libshutdown2.o)
    0x08000206   0x00000000   Code   RO         1448    .ARM.Collect$$libshutdown$$0000000A  c_w.l(libshutdown2.o)
    0x08000206   0x00000000   Code   RO         1450    .ARM.Collect$$libshutdown$$0000000C  c_w.l(libshutdown2.o)
    0x08000206   0x00000000   Code   RO         1453    .ARM.Collect$$libshutdown$$0000000F  c_w.l(libshutdown2.o)
    0x08000206   0x00000002   Code   RO         1454    .ARM.Collect$$libshutdown$$00000010  c_w.l(libshutdown2.o)
    0x08000208   0x00000000   Code   RO         1332    .ARM.Collect$$rtentry$$00000000  c_w.l(__rtentry.o)
    0x08000208   0x00000000   Code   RO         1339    .ARM.Collect$$rtentry$$00000002  c_w.l(__rtentry2.o)
    0x08000208   0x00000006   Code   RO         1351    .ARM.Collect$$rtentry$$00000004  c_w.l(__rtentry4.o)
    0x0800020e   0x00000000   Code   RO         1341    .ARM.Collect$$rtentry$$00000009  c_w.l(__rtentry2.o)
    0x0800020e   0x00000004   Code   RO         1342    .ARM.Collect$$rtentry$$0000000A  c_w.l(__rtentry2.o)
    0x08000212   0x00000000   Code   RO         1344    .ARM.Collect$$rtentry$$0000000C  c_w.l(__rtentry2.o)
    0x08000212   0x00000008   Code   RO         1345    .ARM.Collect$$rtentry$$0000000D  c_w.l(__rtentry2.o)
    0x0800021a   0x00000002   Code   RO         1366    .ARM.Collect$$rtexit$$00000000  c_w.l(rtexit.o)
    0x0800021c   0x00000000   Code   RO         1414    .ARM.Collect$$rtexit$$00000002  c_w.l(rtexit2.o)
    0x0800021c   0x00000004   Code   RO         1415    .ARM.Collect$$rtexit$$00000003  c_w.l(rtexit2.o)
    0x08000220   0x00000006   Code   RO         1416    .ARM.Collect$$rtexit$$00000004  c_w.l(rtexit2.o)
    0x08000226   0x00000002   PAD
    0x08000228   0x000001a8   Code   RO            3    .text               main.o
    0x080003d0   0x0000001a   Code   RO          182    .text               stm32f4xx_it.o
    0x080003ea   0x00000002   PAD
    0x080003ec   0x00000210   Code   RO          205    .text               system_stm32f4xx.o
    0x080005fc   0x00000040   Code   RO          232    .text               startup_stm32f40_41xxx.o
    0x0800063c   0x000000e0   Code   RO          238    .text               misc.o
    0x0800071c   0x00000464   Code   RO          284    .text               stm32f4xx_adc.o
    0x08000b80   0x000003a8   Code   RO          507    .text               stm32f4xx_dma.o
    0x08000f28   0x00000294   Code   RO          613    .text               stm32f4xx_gpio.o
    0x080011bc   0x0000065c   Code   RO          776    .text               stm32f4xx_rcc.o
    0x08001818   0x00000ca2   Code   RO          921    .text               stm32f4xx_tim.o
    0x080024ba   0x00000002   PAD
    0x080024bc   0x00000454   Code   RO          941    .text               stm32f4xx_usart.o
    0x08002910   0x00000104   Code   RO          981    .text               delay.o
    0x08002a14   0x00000148   Code   RO         1021    .text               usart.o
    0x08002b5c   0x000000d4   Code   RO         1052    .text               camera.o
    0x08002c30   0x00000c3c   Code   RO         1079    .text               contral.o
    0x0800386c   0x000007c4   Code   RO         1113    .text               oled.o
    0x08004030   0x000004e8   Code   RO         1139    .text               pwm.o
    0x08004518   0x00000524   Code   RO         1162    .text               sensor.o
    0x08004a3c   0x00000048   Code   RO         1188    .text               beep.o
    0x08004a84   0x00000bf8   Code   RO         1208    .text               move.o
    0x0800567c   0x00000860   Code   RO         1232    .text               tim.o
    0x08005edc   0x0000012c   Code   RO         1262    .text               key.o
    0x08006008   0x00000094   Code   RO         1286    .text               led.o
    0x0800609c   0x00000002   Code   RO         1306    .text               c_w.l(use_no_semi_2.o)
    0x0800609e   0x00000006   Code   RO         1308    .text               c_w.l(heapauxi.o)
    0x080060a4   0x00000002   Code   RO         1330    .text               c_w.l(use_no_semi.o)
    0x080060a6   0x0000004a   Code   RO         1353    .text               c_w.l(sys_stackheap_outer.o)
    0x080060f0   0x00000012   Code   RO         1355    .text               c_w.l(exit.o)
    0x08006102   0x00000002   PAD
    0x08006104   0x00000008   Code   RO         1363    .text               c_w.l(libspace.o)
    0x0800610c   0x00000150   Code   RO         1312    x$fpl$dadd          fz_wm.l(daddsub_clz.o)
    0x0800625c   0x0000005a   Code   RO         1318    x$fpl$dfixu         fz_wm.l(dfixu.o)
    0x080062b6   0x00000026   Code   RO         1322    x$fpl$dfltu         fz_wm.l(dflt_clz.o)
    0x080062dc   0x00000154   Code   RO         1328    x$fpl$dmul          fz_wm.l(dmul.o)
    0x08006430   0x0000009c   Code   RO         1333    x$fpl$dnaninf       fz_wm.l(dnaninf.o)
    0x080064cc   0x0000000c   Code   RO         1335    x$fpl$dretinf       fz_wm.l(dretinf.o)
    0x080064d8   0x000001d4   Code   RO         1314    x$fpl$dsub          fz_wm.l(daddsub_clz.o)
    0x080066ac   0x0000000a   Code   RO         1422    x$fpl$fpinit        fz_wm.l(fpinit.o)
    0x080066b6   0x00000000   Code   RO         1337    x$fpl$usenofp       fz_wm.l(usenofp.o)
    0x080066b6   0x00000002   PAD
    0x080066b8   0x00000020   Data   RO         1486    Region$$Table       anon$$obj.o


    Execution Region RW_IRAM1 (Base: 0x20000000, Size: 0x000008a8, Max: 0x00020000, ABSOLUTE)

    Base Addr    Size         Type   Attr      Idx    E Section Name        Object

    0x20000000   0x00000014   Data   RW            5    .data               main.o
    0x20000014   0x00000014   Data   RW          206    .data               system_stm32f4xx.o
    0x20000028   0x00000010   Data   RW          777    .data               stm32f4xx_rcc.o
    0x20000038   0x00000004   Data   RW          982    .data               delay.o
    0x2000003c   0x00000006   Data   RW         1023    .data               usart.o
    0x20000042   0x00000002   PAD
    0x20000044   0x00000004   Data   RW         1054    .data               camera.o
    0x20000048   0x00000020   Data   RW         1081    .data               contral.o
    0x20000068   0x00000004   Data   RW         1114    .data               oled.o
    0x2000006c   0x00000010   Data   RW         1140    .data               pwm.o
    0x2000007c   0x00000008   Data   RW         1209    .data               move.o
    0x20000084   0x00000044   Data   RW         1234    .data               tim.o
    0x200000c8   0x00000001   Data   RW         1263    .data               key.o
    0x200000c9   0x00000003   PAD
    0x200000cc   0x000000c8   Zero   RW         1022    .bss                usart.o
    0x20000194   0x00000060   Zero   RW         1163    .bss                sensor.o
    0x200001f4   0x00000052   Zero   RW         1233    .bss                tim.o
    0x20000246   0x00000002   PAD
    0x20000248   0x00000060   Zero   RW         1364    .bss                c_w.l(libspace.o)
    0x200002a8   0x00000200   Zero   RW          230    HEAP                startup_stm32f40_41xxx.o
    0x200004a8   0x00000400   Zero   RW          229    STACK               startup_stm32f40_41xxx.o


==============================================================================

Image component sizes


      Code (inc. data)   RO Data    RW Data    ZI Data      Debug   Object Name

        72          4          0          0          0        741   beep.o
       212         12          0          4          0       1557   camera.o
      3132        216          0         32          0       5854   contral.o
       260          8          0          4          0       1489   delay.o
       300         38          0          1          0        932   key.o
       148         16          0          0          0       1005   led.o
       424         98          0         20          0      66943   main.o
       224         20          0          0          0     244825   misc.o
      3064         70          0          8          0       6990   move.o
      1988         84          0          4          0       6370   oled.o
      1256         36          0         16          0       3451   pwm.o
      1316        116          0          0         96       2888   sensor.o
        64         26        392          0       1536        832   startup_stm32f40_41xxx.o
      1124         24          0          0          0      10694   stm32f4xx_adc.o
       936         32          0          0          0       6405   stm32f4xx_dma.o
       660         44          0          0          0       4169   stm32f4xx_gpio.o
        26          0          0          0          0       1226   stm32f4xx_it.o
      1628         52          0         16          0      13044   stm32f4xx_rcc.o
      3234         60          0          0          0      23024   stm32f4xx_tim.o
      1108         34          0          0          0       7892   stm32f4xx_usart.o
       528         46          0         20          0       1791   system_stm32f4xx.o
      2144        196          0         68         82       7333   tim.o
       328         16          0          6        200       3330   usart.o

    ----------------------------------------------------------------------
     24180       1248        424        204       1916     422785   Object Totals
         0          0         32          0          0          0   (incl. Generated)
         4          0          0          5          2          0   (incl. Padding)

    ----------------------------------------------------------------------

      Code (inc. data)   RO Data    RW Data    ZI Data      Debug   Library Member Name

         8          0          0          0          0         68   __main.o
         0          0          0          0          0          0   __rtentry.o
        12          0          0          0          0          0   __rtentry2.o
         6          0          0          0          0          0   __rtentry4.o
        52          8          0          0          0          0   __scatter.o
        26          0          0          0          0          0   __scatter_copy.o
        28          0          0          0          0          0   __scatter_zi.o
        18          0          0          0          0         80   exit.o
         6          0          0          0          0        152   heapauxi.o
         2          0          0          0          0          0   libinit.o
         6          0          0          0          0          0   libinit2.o
         2          0          0          0          0          0   libshutdown.o
         2          0          0          0          0          0   libshutdown2.o
         8          4          0          0         96         68   libspace.o
         2          0          0          0          0          0   rtexit.o
        10          0          0          0          0          0   rtexit2.o
        74          0          0          0          0         80   sys_stackheap_outer.o
         2          0          0          0          0         68   use_no_semi.o
         2          0          0          0          0         68   use_no_semi_2.o
       804         16          0          0          0        368   daddsub_clz.o
        90          4          0          0          0        140   dfixu.o
        38          0          0          0          0        116   dflt_clz.o
       340         12          0          0          0        152   dmul.o
       156          4          0          0          0        140   dnaninf.o
        12          0          0          0          0        116   dretinf.o
        10          0          0          0          0        116   fpinit.o
         0          0          0          0          0          0   usenofp.o

    ----------------------------------------------------------------------
      1724         48          0          0         96       1732   Library Totals
         8          0          0          0          0          0   (incl. Padding)

    ----------------------------------------------------------------------

      Code (inc. data)   RO Data    RW Data    ZI Data      Debug   Library Name

       266         12          0          0         96        584   c_w.l
      1450         36          0          0          0       1148   fz_wm.l

    ----------------------------------------------------------------------
      1724         48          0          0         96       1732   Library Totals

    ----------------------------------------------------------------------

==============================================================================


      Code (inc. data)   RO Data    RW Data    ZI Data      Debug   

     25904       1296        424        204       2012     418961   Grand Totals
     25904       1296        424        204       2012     418961   ELF Image Totals
     25904       1296        424        204          0          0   ROM Totals

==============================================================================

    Total RO  Size (Code + RO Data)                26328 (  25.71kB)
    Total RW  Size (RW Data + ZI Data)              2216 (   2.16kB)
    Total ROM Size (Code + RO Data + RW Data)      26532 (  25.91kB)

==============================================================================

