<html>
<body>
<pre>
<h1>礦ision Build Log</h1>
<h2>Tool Versions:</h2>
IDE-Version: μVision V5.18.0.0
Copyright (C) 2016 ARM Ltd and ARM Germany GmbH. All rights reserved.
License Information: 222 222, 222, LIC=P6FWF-6IB0R-GNHA5-GGA91-SF48E-3NIHY
 
Tool Versions:
Toolchain:       MDK-ARM Professional  Version: 5.18
Toolchain Path:  F:\keilMDK\keilMDK\ARM\ARMCC\Bin
C Compiler:      Armcc.exe V5.06 update 1 (build 61)
Assembler:       Armasm.exe V5.06 update 1 (build 61)
Linker/Locator:  ArmLink.exe V5.06 update 1 (build 61)
Library Manager: ArmAr.exe V5.06 update 1 (build 61)
Hex Converter:   FromElf.exe V5.06 update 1 (build 61)
CPU DLL:         SARMCM3.DLL V5.18
Dialog DLL:      DCM.DLL V1.13.6.0
Target DLL:      STLink\ST-LINKIII-KEIL_SWO.dll V2.0.18.0
Dialog DLL:      TCM.DLL V1.14.8.0
 
<h2>Project:</h2>
B:\机器人格斗\10.9\2021.07,14初赛程序\USER\Template.uvprojx
Project File Date:  09/27/2021

<h2>Output:</h2>
*** Using Compiler 'V5.06 update 1 (build 61)', folder: 'F:\keilMDK\keilMDK\ARM\ARMCC\Bin'
Build target 'Template'
compiling main.c...
..\HANDWARE\CAMERA\CAMERA.h(9): warning:  #1-D: last line of file ends without a newline
  #endif
..\HANDWARE\MOVE\MOVE.h(53): warning:  #1295-D: Deprecated declaration back_2180 - give arg types
  void back_2180();
..\HANDWARE\MOVE\MOVE.h(54): warning:  #1295-D: Deprecated declaration edage - give arg types
  void edage();
..\HANDWARE\CAMERA\CAMERA.h(9): warning:  #1-D: last line of file ends without a newline
  #endif
..\HANDWARE\CAMERA\CAMERA.h(9): warning:  #1-D: last line of file ends without a newline
  #endif
main.c(37): warning:  #9-D: nested comment is not allowed
  /*
main.c(125): warning:  #1-D: last line of file ends without a newline
  }
main.c: 8 warnings, 0 errors
compiling CONTRAL.c...
..\HANDWARE\CAMERA\CAMERA.h(9): warning:  #1-D: last line of file ends without a newline
  #endif
..\HANDWARE\CAMERA\CAMERA.h(9): warning:  #1-D: last line of file ends without a newline
  #endif
..\HANDWARE\MOVE\MOVE.h(53): warning:  #1295-D: Deprecated declaration back_2180 - give arg types
  void back_2180();
..\HANDWARE\MOVE\MOVE.h(54): warning:  #1295-D: Deprecated declaration edage - give arg types
  void edage();
..\HANDWARE\CAMERA\CAMERA.h(9): warning:  #1-D: last line of file ends without a newline
  #endif
..\HANDWARE\CONTRAL\CONTRAL.c(187): warning:  #940-D: missing return statement at end of non-void function "findenemy"
  }
..\HANDWARE\CONTRAL\CONTRAL.c(47): warning:  #177-D: variable "i" was declared but never referenced
  	int i;
..\HANDWARE\CONTRAL\CONTRAL.c(406): warning:  #940-D: missing return statement at end of non-void function "Touch"
  }
..\HANDWARE\CONTRAL\CONTRAL.c(461): warning:  #177-D: variable "i" was declared but never referenced
  	int i;
..\HANDWARE\CONTRAL\CONTRAL.c(734): warning:  #111-D: statement is unreachable
  				if(mseconds()>5000)	
..\HANDWARE\CONTRAL\CONTRAL.c: 10 warnings, 0 errors
compiling TIM.c...
..\HANDWARE\CAMERA\CAMERA.h(9): warning:  #1-D: last line of file ends without a newline
  #endif
..\HANDWARE\CAMERA\CAMERA.h(9): warning:  #1-D: last line of file ends without a newline
  #endif
..\HANDWARE\MOVE\MOVE.h(53): warning:  #1295-D: Deprecated declaration back_2180 - give arg types
  void back_2180();
..\HANDWARE\MOVE\MOVE.h(54): warning:  #1295-D: Deprecated declaration edage - give arg types
  void edage();
..\HANDWARE\TIM\TIM.c(273): warning:  #940-D: missing return statement at end of non-void function "huidu_lvbo"
  }
..\HANDWARE\TIM\TIM.c(323): warning:  #177-D: variable "t" was declared but never referenced
  	 int t;
..\HANDWARE\TIM\TIM.c: 6 warnings, 0 errors
linking...
Program Size: Code=25904 RO-data=424 RW-data=204 ZI-data=2012  
FromELF: creating hex file...
"..\OBJ\Template.axf" - 0 Error(s), 23 Warning(s).

<h2>Collection of Component include folders:</h2>
  B:\机器人格斗\10.9\2021.07,14初赛程序\USER\RTE
  F:\keilMDK\keilMDK\ARM\PACK\Keil\STM32F4xx_DFP\2.13.0\Drivers\CMSIS\Device\ST\STM32F4xx\Include

<h2>Collection of Component Files used:</h2>
Build Time Elapsed:  00:00:03
</pre>
</body>
</html>
